Component: ARM Compiler 6.16 Tool: armlink [5dfeaa00]

==============================================================================

Section Cross References

    public.o(.text) refers (Special) to use_no_semi_2.o(.text) for __use_no_semihosting
    public.o(.text._sys_exit) refers (Special) to use_no_semi_2.o(.text) for __use_no_semihosting
    public.o(.ARM.exidx.text._sys_exit) refers (Special) to use_no_semi_2.o(.text) for __use_no_semihosting
    public.o(.ARM.exidx.text._sys_exit) refers to public.o(.text._sys_exit) for [Anonymous Symbol]
    public.o(.text._ttywrch) refers (Special) to use_no_semi_2.o(.text) for __use_no_semihosting
    public.o(.ARM.exidx.text._ttywrch) refers (Special) to use_no_semi_2.o(.text) for __use_no_semihosting
    public.o(.ARM.exidx.text._ttywrch) refers to public.o(.text._ttywrch) for [Anonymous Symbol]
    public.o(.text.fputc) refers (Special) to use_no_semi_2.o(.text) for __use_no_semihosting
    public.o(.text.fputc) refers to usart.o(.bss.huart1) for huart1
    public.o(.text.fputc) refers to stm32h7xx_hal_uart.o(.text.HAL_UART_Transmit) for HAL_UART_Transmit
    public.o(.ARM.exidx.text.fputc) refers (Special) to use_no_semi_2.o(.text) for __use_no_semihosting
    public.o(.ARM.exidx.text.fputc) refers to public.o(.text.fputc) for [Anonymous Symbol]
    public.o(.text.run) refers (Special) to use_no_semi_2.o(.text) for __use_no_semihosting
    public.o(.text.run) refers to tim.o(.bss.htim6) for htim6
    public.o(.text.run) refers to stm32h7xx_hal_tim.o(.text.HAL_TIM_Base_Start_IT) for HAL_TIM_Base_Start_IT
    public.o(.text.run) refers to puts.o(.text) for puts
    public.o(.text.run) refers to stm32h7xx_hal.o(.text.HAL_Delay) for HAL_Delay
    public.o(.ARM.exidx.text.run) refers (Special) to use_no_semi_2.o(.text) for __use_no_semihosting
    public.o(.ARM.exidx.text.run) refers to public.o(.text.run) for [Anonymous Symbol]
    public.o(.text.HAL_TIM_PeriodElapsedCallback) refers (Special) to use_no_semi_2.o(.text) for __use_no_semihosting
    public.o(.text.HAL_TIM_PeriodElapsedCallback) refers to tim.o(.bss.htim6) for htim6
    public.o(.text.HAL_TIM_PeriodElapsedCallback) refers to public.o(.bss.cont1) for cont1
    public.o(.text.HAL_TIM_PeriodElapsedCallback) refers to puts.o(.text) for puts
    public.o(.ARM.exidx.text.HAL_TIM_PeriodElapsedCallback) refers (Special) to use_no_semi_2.o(.text) for __use_no_semihosting
    public.o(.ARM.exidx.text.HAL_TIM_PeriodElapsedCallback) refers to public.o(.text.HAL_TIM_PeriodElapsedCallback) for [Anonymous Symbol]
    public.o(.bss.cont1) refers (Special) to use_no_semi_2.o(.text) for __use_no_semihosting
    public.o(.bss.__stdout) refers (Special) to use_no_semi_2.o(.text) for __use_no_semihosting
    startup_stm32h750xx.o(STACK) refers (Special) to heapauxi.o(.text) for __use_two_region_memory
    startup_stm32h750xx.o(HEAP) refers (Special) to heapauxi.o(.text) for __use_two_region_memory
    startup_stm32h750xx.o(RESET) refers (Special) to heapauxi.o(.text) for __use_two_region_memory
    startup_stm32h750xx.o(RESET) refers to startup_stm32h750xx.o(STACK) for __initial_sp
    startup_stm32h750xx.o(RESET) refers to startup_stm32h750xx.o(.text) for Reset_Handler
    startup_stm32h750xx.o(RESET) refers to stm32h7xx_it.o(.text.NMI_Handler) for NMI_Handler
    startup_stm32h750xx.o(RESET) refers to stm32h7xx_it.o(.text.HardFault_Handler) for HardFault_Handler
    startup_stm32h750xx.o(RESET) refers to stm32h7xx_it.o(.text.MemManage_Handler) for MemManage_Handler
    startup_stm32h750xx.o(RESET) refers to stm32h7xx_it.o(.text.BusFault_Handler) for BusFault_Handler
    startup_stm32h750xx.o(RESET) refers to stm32h7xx_it.o(.text.UsageFault_Handler) for UsageFault_Handler
    startup_stm32h750xx.o(RESET) refers to stm32h7xx_it.o(.text.SVC_Handler) for SVC_Handler
    startup_stm32h750xx.o(RESET) refers to stm32h7xx_it.o(.text.DebugMon_Handler) for DebugMon_Handler
    startup_stm32h750xx.o(RESET) refers to stm32h7xx_it.o(.text.PendSV_Handler) for PendSV_Handler
    startup_stm32h750xx.o(RESET) refers to stm32h7xx_it.o(.text.SysTick_Handler) for SysTick_Handler
    startup_stm32h750xx.o(RESET) refers to stm32h7xx_it.o(.text.TIM6_DAC_IRQHandler) for TIM6_DAC_IRQHandler
    startup_stm32h750xx.o(.text) refers (Special) to heapauxi.o(.text) for __use_two_region_memory
    startup_stm32h750xx.o(.text) refers to system_stm32h7xx.o(.text.SystemInit) for SystemInit
    startup_stm32h750xx.o(.text) refers to __main.o(!!!main) for __main
    startup_stm32h750xx.o(.text) refers to startup_stm32h750xx.o(HEAP) for Heap_Mem
    startup_stm32h750xx.o(.text) refers to startup_stm32h750xx.o(STACK) for Stack_Mem
    main.o(.text.main) refers to stm32h7xx_hal.o(.text.HAL_Init) for HAL_Init
    main.o(.text.main) refers to main.o(.text.SystemClock_Config) for SystemClock_Config
    main.o(.text.main) refers to gpio.o(.text.MX_GPIO_Init) for MX_GPIO_Init
[...]
    Removing stm32h7xx_hal_uart.o(.ARM.exidx.text.HAL_UART_IRQHandler), (8 bytes).
    Removing stm32h7xx_hal_uart.o(.text.UART_DMAAbortOnError), (20 bytes).
    Removing stm32h7xx_hal_uart.o(.ARM.exidx.text.UART_DMAAbortOnError), (8 bytes).
    Removing stm32h7xx_hal_uart.o(.text.HAL_UART_ErrorCallback), (2 bytes).
    Removing stm32h7xx_hal_uart.o(.ARM.exidx.text.HAL_UART_ErrorCallback), (8 bytes).
    Removing stm32h7xx_hal_uart.o(.text.HAL_UARTEx_RxEventCallback), (2 bytes).
    Removing stm32h7xx_hal_uart.o(.ARM.exidx.text.HAL_UARTEx_RxEventCallback), (8 bytes).
    Removing stm32h7xx_hal_uart.o(.text.UART_EndTransmit_IT), (40 bytes).
    Removing stm32h7xx_hal_uart.o(.ARM.exidx.text.UART_EndTransmit_IT), (8 bytes).
    Removing stm32h7xx_hal_uart.o(.text.HAL_UART_TxCpltCallback), (2 bytes).
    Removing stm32h7xx_hal_uart.o(.ARM.exidx.text.HAL_UART_TxCpltCallback), (8 bytes).
    Removing stm32h7xx_hal_uart.o(.text.HAL_UART_TxHalfCpltCallback), (2 bytes).
    Removing stm32h7xx_hal_uart.o(.ARM.exidx.text.HAL_UART_TxHalfCpltCallback), (8 bytes).
    Removing stm32h7xx_hal_uart.o(.text.HAL_UART_RxCpltCallback), (2 bytes).
    Removing stm32h7xx_hal_uart.o(.ARM.exidx.text.HAL_UART_RxCpltCallback), (8 bytes).
    Removing stm32h7xx_hal_uart.o(.text.HAL_UART_RxHalfCpltCallback), (2 bytes).
    Removing stm32h7xx_hal_uart.o(.ARM.exidx.text.HAL_UART_RxHalfCpltCallback), (8 bytes).
    Removing stm32h7xx_hal_uart.o(.text.HAL_UART_ReceiverTimeout_Config), (28 bytes).
    Removing stm32h7xx_hal_uart.o(.ARM.exidx.text.HAL_UART_ReceiverTimeout_Config), (8 bytes).
    Removing stm32h7xx_hal_uart.o(.text.HAL_UART_EnableReceiverTimeout), (68 bytes).
    Removing stm32h7xx_hal_uart.o(.ARM.exidx.text.HAL_UART_EnableReceiverTimeout), (8 bytes).
    Removing stm32h7xx_hal_uart.o(.text.HAL_UART_DisableReceiverTimeout), (68 bytes).
    Removing stm32h7xx_hal_uart.o(.ARM.exidx.text.HAL_UART_DisableReceiverTimeout), (8 bytes).
    Removing stm32h7xx_hal_uart.o(.text.HAL_MultiProcessor_EnableMuteMode), (60 bytes).
    Removing stm32h7xx_hal_uart.o(.ARM.exidx.text.HAL_MultiProcessor_EnableMuteMode), (8 bytes).
    Removing stm32h7xx_hal_uart.o(.text.HAL_MultiProcessor_DisableMuteMode), (60 bytes).
    Removing stm32h7xx_hal_uart.o(.ARM.exidx.text.HAL_MultiProcessor_DisableMuteMode), (8 bytes).
    Removing stm32h7xx_hal_uart.o(.text.HAL_MultiProcessor_EnterMuteMode), (12 bytes).
    Removing stm32h7xx_hal_uart.o(.ARM.exidx.text.HAL_MultiProcessor_EnterMuteMode), (8 bytes).
    Removing stm32h7xx_hal_uart.o(.text.HAL_HalfDuplex_EnableTransmitter), (80 bytes).
    Removing stm32h7xx_hal_uart.o(.ARM.exidx.text.HAL_HalfDuplex_EnableTransmitter), (8 bytes).
    Removing stm32h7xx_hal_uart.o(.text.HAL_HalfDuplex_EnableReceiver), (80 bytes).
    Removing stm32h7xx_hal_uart.o(.ARM.exidx.text.HAL_HalfDuplex_EnableReceiver), (8 bytes).
    Removing stm32h7xx_hal_uart.o(.text.HAL_LIN_SendBreak), (44 bytes).
    Removing stm32h7xx_hal_uart.o(.ARM.exidx.text.HAL_LIN_SendBreak), (8 bytes).
    Removing stm32h7xx_hal_uart.o(.text.HAL_UART_GetState), (12 bytes).
    Removing stm32h7xx_hal_uart.o(.ARM.exidx.text.HAL_UART_GetState), (8 bytes).
    Removing stm32h7xx_hal_uart.o(.text.HAL_UART_GetError), (6 bytes).
    Removing stm32h7xx_hal_uart.o(.ARM.exidx.text.HAL_UART_GetError), (8 bytes).
    Removing stm32h7xx_hal_uart.o(.text.UART_RxISR_16BIT_FIFOEN), (412 bytes).
    Removing stm32h7xx_hal_uart.o(.ARM.exidx.text.UART_RxISR_16BIT_FIFOEN), (8 bytes).
    Removing stm32h7xx_hal_uart.o(.text.UART_RxISR_8BIT_FIFOEN), (416 bytes).
    Removing stm32h7xx_hal_uart.o(.ARM.exidx.text.UART_RxISR_8BIT_FIFOEN), (8 bytes).
    Removing stm32h7xx_hal_uart.o(.text.UART_RxISR_16BIT), (166 bytes).
    Removing stm32h7xx_hal_uart.o(.ARM.exidx.text.UART_RxISR_16BIT), (8 bytes).
    Removing stm32h7xx_hal_uart.o(.text.UART_RxISR_8BIT), (170 bytes).
    Removing stm32h7xx_hal_uart.o(.ARM.exidx.text.UART_RxISR_8BIT), (8 bytes).
    Removing stm32h7xx_hal_uart.o(.text.UART_DMAReceiveCplt), (134 bytes).
    Removing stm32h7xx_hal_uart.o(.ARM.exidx.text.UART_DMAReceiveCplt), (8 bytes).
    Removing stm32h7xx_hal_uart.o(.text.UART_DMARxHalfCplt), (28 bytes).
    Removing stm32h7xx_hal_uart.o(.ARM.exidx.text.UART_DMARxHalfCplt), (8 bytes).
    Removing stm32h7xx_hal_uart_ex.o(.text), (0 bytes).
    Removing stm32h7xx_hal_uart_ex.o(.text.HAL_RS485Ex_Init), (128 bytes).
    Removing stm32h7xx_hal_uart_ex.o(.ARM.exidx.text.HAL_RS485Ex_Init), (8 bytes).
    Removing stm32h7xx_hal_uart_ex.o(.text.HAL_UARTEx_WakeupCallback), (2 bytes).
    Removing stm32h7xx_hal_uart_ex.o(.ARM.exidx.text.HAL_UARTEx_WakeupCallback), (8 bytes).
    Removing stm32h7xx_hal_uart_ex.o(.text.HAL_UARTEx_RxFifoFullCallback), (2 bytes).
    Removing stm32h7xx_hal_uart_ex.o(.ARM.exidx.text.HAL_UARTEx_RxFifoFullCallback), (8 bytes).
    Removing stm32h7xx_hal_uart_ex.o(.text.HAL_UARTEx_TxFifoEmptyCallback), (2 bytes).
    Removing stm32h7xx_hal_uart_ex.o(.ARM.exidx.text.HAL_UARTEx_TxFifoEmptyCallback), (8 bytes).
    Removing stm32h7xx_hal_uart_ex.o(.text.HAL_MultiProcessorEx_AddressLength_Set), (48 bytes).
    Removing stm32h7xx_hal_uart_ex.o(.ARM.exidx.text.HAL_MultiProcessorEx_AddressLength_Set), (8 bytes).
    Removing stm32h7xx_hal_uart_ex.o(.text.HAL_UARTEx_StopModeWakeUpSourceConfig), (120 bytes).
    Removing stm32h7xx_hal_uart_ex.o(.ARM.exidx.text.HAL_UARTEx_StopModeWakeUpSourceConfig), (8 bytes).
    Removing stm32h7xx_hal_uart_ex.o(.text.UARTEx_Wakeup_AddressConfig), (28 bytes).
    Removing stm32h7xx_hal_uart_ex.o(.ARM.exidx.text.UARTEx_Wakeup_AddressConfig), (8 bytes).
    Removing stm32h7xx_hal_uart_ex.o(.text.HAL_UARTEx_EnableStopMode), (50 bytes).
    Removing stm32h7xx_hal_uart_ex.o(.ARM.exidx.text.HAL_UARTEx_EnableStopMode), (8 bytes).
    Removing stm32h7xx_hal_uart_ex.o(.text.HAL_UARTEx_DisableStopMode), (50 bytes).
    Removing stm32h7xx_hal_uart_ex.o(.ARM.exidx.text.HAL_UARTEx_DisableStopMode), (8 bytes).
    Removing stm32h7xx_hal_uart_ex.o(.text.HAL_UARTEx_EnableFifoMode), (72 bytes).
    Removing stm32h7xx_hal_uart_ex.o(.ARM.exidx.text.HAL_UARTEx_EnableFifoMode), (8 bytes).
    Removing stm32h7xx_hal_uart_ex.o(.ARM.exidx.text.UARTEx_SetNbDataToProcess), (8 bytes).
    Removing stm32h7xx_hal_uart_ex.o(.ARM.exidx.text.HAL_UARTEx_DisableFifoMode), (8 bytes).
    Removing stm32h7xx_hal_uart_ex.o(.ARM.exidx.text.HAL_UARTEx_SetTxFifoThreshold), (8 bytes).
    Removing stm32h7xx_hal_uart_ex.o(.ARM.exidx.text.HAL_UARTEx_SetRxFifoThreshold), (8 bytes).
    Removing stm32h7xx_hal_uart_ex.o(.text.HAL_UARTEx_ReceiveToIdle), (340 bytes).
    Removing stm32h7xx_hal_uart_ex.o(.ARM.exidx.text.HAL_UARTEx_ReceiveToIdle), (8 bytes).
    Removing stm32h7xx_hal_uart_ex.o(.text.HAL_UARTEx_ReceiveToIdle_IT), (94 bytes).
    Removing stm32h7xx_hal_uart_ex.o(.ARM.exidx.text.HAL_UARTEx_ReceiveToIdle_IT), (8 bytes).
    Removing stm32h7xx_hal_uart_ex.o(.text.HAL_UARTEx_ReceiveToIdle_DMA), (94 bytes).
    Removing stm32h7xx_hal_uart_ex.o(.ARM.exidx.text.HAL_UARTEx_ReceiveToIdle_DMA), (8 bytes).
    Removing system_stm32h7xx.o(.text), (0 bytes).
    Removing system_stm32h7xx.o(.ARM.exidx.text.SystemInit), (8 bytes).
    Removing system_stm32h7xx.o(.text.SystemCoreClockUpdate), (320 bytes).
    Removing system_stm32h7xx.o(.ARM.exidx.text.SystemCoreClockUpdate), (8 bytes).

1278 unused section(s) (total 79832 bytes) removed from the image.

==============================================================================

Image Symbol Table

    Local Symbols

    Symbol Name                              Value     Ov Type        Size  Object(Section)

    ../clib/angel/boardlib.s                 0x00000000   Number         0  boardinit1.o ABSOLUTE
    ../clib/angel/boardlib.s                 0x00000000   Number         0  boardinit2.o ABSOLUTE
    ../clib/angel/boardlib.s                 0x00000000   Number         0  boardinit3.o ABSOLUTE
    ../clib/angel/boardlib.s                 0x00000000   Number         0  boardshut.o ABSOLUTE
    ../clib/angel/handlers.s                 0x00000000   Number         0  __scatter_zi.o ABSOLUTE
    ../clib/angel/kernel.s                   0x00000000   Number         0  __rtentry.o ABSOLUTE
    ../clib/angel/kernel.s                   0x00000000   Number         0  __rtentry2.o ABSOLUTE
    ../clib/angel/kernel.s                   0x00000000   Number         0  __rtentry4.o ABSOLUTE
    ../clib/angel/kernel.s                   0x00000000   Number         0  rtexit.o ABSOLUTE
    ../clib/angel/kernel.s                   0x00000000   Number         0  rtexit2.o ABSOLUTE
    ../clib/angel/rt.s                       0x00000000   Number         0  aeabi_ldiv0.o ABSOLUTE
    ../clib/angel/rt.s                       0x00000000   Number         0  aeabi_ldiv0_sigfpe.o ABSOLUTE
    ../clib/angel/rt.s                       0x00000000   Number         0  rt_div0.o ABSOLUTE
    ../clib/angel/rt.s                       0x00000000   Number         0  rt_raise.o ABSOLUTE
    ../clib/angel/scatter.s                  0x00000000   Number         0  __scatter.o ABSOLUTE
    ../clib/angel/startup.s                  0x00000000   Number         0  __main.o ABSOLUTE
    ../clib/angel/sys.s                      0x00000000   Number         0  use_no_semi_2.o ABSOLUTE
    ../clib/angel/sys.s                      0x00000000   Number         0  use_no_semi.o ABSOLUTE
    ../clib/angel/sys.s                      0x00000000   Number         0  sys_stackheap_outer.o ABSOLUTE
    ../clib/angel/sys.s                      0x00000000   Number         0  libspace.o ABSOLUTE
    ../clib/angel/sys.s                      0x00000000   Number         0  indicate_semi.o ABSOLUTE
    ../clib/angel/sysapp.c                   0x00000000   Number         0  sys_command.o ABSOLUTE
    ../clib/angel/sysapp.c                   0x00000000   Number         0  sys_command_hlt.o ABSOLUTE
    ../clib/armsys.c                         0x00000000   Number         0  argv_veneer.o ABSOLUTE
    ../clib/armsys.c                         0x00000000   Number         0  argv_veneer.o ABSOLUTE
    ../clib/armsys.c                         0x00000000   Number         0  _get_argv_nomalloc.o ABSOLUTE
    ../clib/armsys.c                         0x00000000   Number         0  no_argv.o ABSOLUTE
    ../clib/heapalloc.c                      0x00000000   Number         0  hrguard.o ABSOLUTE
    ../clib/heapaux.c                        0x00000000   Number         0  heapauxi.o ABSOLUTE
    ../clib/libinit.s                        0x00000000   Number         0  libinit.o ABSOLUTE
    ../clib/libinit.s                        0x00000000   Number         0  libinit2.o ABSOLUTE
    ../clib/libinit.s                        0x00000000   Number         0  libshutdown.o ABSOLUTE
    ../clib/libinit.s                        0x00000000   Number         0  libshutdown2.o ABSOLUTE
    ../clib/longlong.s                       0x00000000   Number         0  lludivv7m.o ABSOLUTE
    ../clib/memcpset.s                       0x00000000   Number         0  rt_memclr_w.o ABSOLUTE
    ../clib/signal.c                         0x00000000   Number         0  defsig_fpe_outer.o ABSOLUTE
    ../clib/signal.c                         0x00000000   Number         0  defsig_fpe_formal.o ABSOLUTE
    ../clib/signal.c                         0x00000000   Number         0  defsig_exit.o ABSOLUTE
    ../clib/signal.c                         0x00000000   Number         0  defsig_fpe_inner.o ABSOLUTE
    ../clib/signal.c                         0x00000000   Number         0  __raise.o ABSOLUTE
    ../clib/signal.c                         0x00000000   Number         0  defsig_general.o ABSOLUTE
    ../clib/signal.c                         0x00000000   Number         0  defsig_abrt_inner.o ABSOLUTE
    ../clib/signal.c                         0x00000000   Number         0  defsig_rtred_inner.o ABSOLUTE
    ../clib/signal.c                         0x00000000   Number         0  defsig_rtmem_inner.o ABSOLUTE
    ../clib/signal.c                         0x00000000   Number         0  defsig_rtmem_outer.o ABSOLUTE
    ../clib/signal.c                         0x00000000   Number         0  defsig_rtmem_formal.o ABSOLUTE
    ../clib/signal.c                         0x00000000   Number         0  defsig_stak_inner.o ABSOLUTE
    ../clib/signal.c                         0x00000000   Number         0  defsig_pvfn_inner.o ABSOLUTE
    ../clib/signal.c                         0x00000000   Number         0  defsig_cppl_inner.o ABSOLUTE
    ../clib/signal.c                         0x00000000   Number         0  defsig_segv_inner.o ABSOLUTE
    ../clib/signal.c                         0x00000000   Number         0  defsig_other.o ABSOLUTE
    ../clib/signal.s                         0x00000000   Number         0  defsig.o ABSOLUTE
    ../clib/stdio.c                          0x00000000   Number         0  puts.o ABSOLUTE
    ../clib/stdlib.c                         0x00000000   Number         0  exit.o ABSOLUTE
    ../fplib/fpinit.s                        0x00000000   Number         0  fpinit.o ABSOLUTE
    dc.s                                     0x00000000   Number         0  dc.o ABSOLUTE
    gpio.c                                   0x00000000   Number         0  gpio.o ABSOLUTE
    main.c                                   0x00000000   Number         0  main.o ABSOLUTE
    public.c                                 0x00000000   Number         0  public.o ABSOLUTE
    startup_stm32h750xx.s                    0x00000000   Number         0  startup_stm32h750xx.o ABSOLUTE
    stm32h7xx_hal.c                          0x00000000   Number         0  stm32h7xx_hal.o ABSOLUTE
    stm32h7xx_hal_cortex.c                   0x00000000   Number         0  stm32h7xx_hal_cortex.o ABSOLUTE
    stm32h7xx_hal_dma.c                      0x00000000   Number         0  stm32h7xx_hal_dma.o ABSOLUTE
    stm32h7xx_hal_dma_ex.c                   0x00000000   Number         0  stm32h7xx_hal_dma_ex.o ABSOLUTE
    stm32h7xx_hal_exti.c                     0x00000000   Number         0  stm32h7xx_hal_exti.o ABSOLUTE
    stm32h7xx_hal_flash.c                    0x00000000   Number         0  stm32h7xx_hal_flash.o ABSOLUTE
    stm32h7xx_hal_flash_ex.c                 0x00000000   Number         0  stm32h7xx_hal_flash_ex.o ABSOLUTE
    stm32h7xx_hal_gpio.c                     0x00000000   Number         0  stm32h7xx_hal_gpio.o ABSOLUTE
    stm32h7xx_hal_hsem.c                     0x00000000   Number         0  stm32h7xx_hal_hsem.o ABSOLUTE
    stm32h7xx_hal_i2c.c                      0x00000000   Number         0  stm32h7xx_hal_i2c.o ABSOLUTE
    stm32h7xx_hal_i2c_ex.c                   0x00000000   Number         0  stm32h7xx_hal_i2c_ex.o ABSOLUTE
    stm32h7xx_hal_mdma.c                     0x00000000   Number         0  stm32h7xx_hal_mdma.o ABSOLUTE
    stm32h7xx_hal_msp.c                      0x00000000   Number         0  stm32h7xx_hal_msp.o ABSOLUTE
    stm32h7xx_hal_pwr.c                      0x00000000   Number         0  stm32h7xx_hal_pwr.o ABSOLUTE
    stm32h7xx_hal_pwr_ex.c                   0x00000000   Number         0  stm32h7xx_hal_pwr_ex.o ABSOLUTE
    stm32h7xx_hal_rcc.c                      0x00000000   Number         0  stm32h7xx_hal_rcc.o ABSOLUTE
    stm32h7xx_hal_rcc_ex.c                   0x00000000   Number         0  stm32h7xx_hal_rcc_ex.o ABSOLUTE
    stm32h7xx_hal_tim.c                      0x00000000   Number         0  stm32h7xx_hal_tim.o ABSOLUTE
    stm32h7xx_hal_tim_ex.c                   0x00000000   Number         0  stm32h7xx_hal_tim_ex.o ABSOLUTE
    stm32h7xx_hal_uart.c                     0x00000000   Number         0  stm32h7xx_hal_uart.o ABSOLUTE
    stm32h7xx_hal_uart_ex.c                  0x00000000   Number         0  stm32h7xx_hal_uart_ex.o ABSOLUTE
    stm32h7xx_it.c                           0x00000000   Number         0  stm32h7xx_it.o ABSOLUTE
    system_stm32h7xx.c                       0x00000000   Number         0  system_stm32h7xx.o ABSOLUTE
    tim.c                                    0x00000000   Number         0  tim.o ABSOLUTE
    usart.c                                  0x00000000   Number         0  usart.o ABSOLUTE
    RESET                                    0x24040000   Section      664  startup_stm32h750xx.o(RESET)
    !!!main                                  0x24040298   Section        8  __main.o(!!!main)
    !!!scatter                               0x240402a0   Section       52  __scatter.o(!!!scatter)
    !!handler_zi                             0x240402d4   Section       28  __scatter_zi.o(!!handler_zi)
    .ARM.Collect$$libinit$$00000000          0x240402f0   Section        2  libinit.o(.ARM.Collect$$libinit$$00000000)
    .ARM.Collect$$libinit$$00000001          0x240402f2   Section        4  libinit2.o(.ARM.Collect$$libinit$$00000001)
    .ARM.Collect$$libinit$$00000004          0x240402f6   Section        0  libinit2.o(.ARM.Collect$$libinit$$00000004)
    .ARM.Collect$$libinit$$0000000A          0x240402f6   Section        0  libinit2.o(.ARM.Collect$$libinit$$0000000A)
    .ARM.Collect$$libinit$$0000000C          0x240402f6   Section        0  libinit2.o(.ARM.Collect$$libinit$$0000000C)
    .ARM.Collect$$libinit$$0000000E          0x240402f6   Section        0  libinit2.o(.ARM.Collect$$libinit$$0000000E)
    .ARM.Collect$$libinit$$00000011          0x240402f6   Section        0  libinit2.o(.ARM.Collect$$libinit$$00000011)
    .ARM.Collect$$libinit$$00000013          0x240402f6   Section        0  libinit2.o(.ARM.Collect$$libinit$$00000013)
    .ARM.Collect$$libinit$$00000015          0x240402f6   Section        0  libinit2.o(.ARM.Collect$$libinit$$00000015)
    .ARM.Collect$$libinit$$00000017          0x240402f6   Section        0  libinit2.o(.ARM.Collect$$libinit$$00000017)
    .ARM.Collect$$libinit$$00000019          0x240402f6   Section        0  libinit2.o(.ARM.Collect$$libinit$$00000019)
    .ARM.Collect$$libinit$$0000001B          0x240402f6   Section        0  libinit2.o(.ARM.Collect$$libinit$$0000001B)
    .ARM.Collect$$libinit$$0000001D          0x240402f6   Section        0  libinit2.o(.ARM.Collect$$libinit$$0000001D)
    .ARM.Collect$$libinit$$0000001F          0x240402f6   Section        0  libinit2.o(.ARM.Collect$$libinit$$0000001F)
    .ARM.Collect$$libinit$$00000021          0x240402f6   Section        0  libinit2.o(.ARM.Collect$$libinit$$00000021)
    .ARM.Collect$$libinit$$00000023          0x240402f6   Section        0  libinit2.o(.ARM.Collect$$libinit$$00000023)
    .ARM.Collect$$libinit$$00000025          0x240402f6   Section        0  libinit2.o(.ARM.Collect$$libinit$$00000025)
    .ARM.Collect$$libinit$$0000002C          0x240402f6   Section        0  libinit2.o(.ARM.Collect$$libinit$$0000002C)
    .ARM.Collect$$libinit$$0000002E          0x240402f6   Section        0  libinit2.o(.ARM.Collect$$libinit$$0000002E)
    .ARM.Collect$$libinit$$00000030          0x240402f6   Section        0  libinit2.o(.ARM.Collect$$libinit$$00000030)
    .ARM.Collect$$libinit$$00000032          0x240402f6   Section        0  libinit2.o(.ARM.Collect$$libinit$$00000032)
    .ARM.Collect$$libinit$$00000033          0x240402f6   Section        2  libinit2.o(.ARM.Collect$$libinit$$00000033)
    .ARM.Collect$$libshutdown$$00000000      0x240402f8   Section        2  libshutdown.o(.ARM.Collect$$libshutdown$$00000000)
    .ARM.Collect$$libshutdown$$00000002      0x240402fa   Section        0  libshutdown2.o(.ARM.Collect$$libshutdown$$00000002)
    .ARM.Collect$$libshutdown$$00000004      0x240402fa   Section        0  libshutdown2.o(.ARM.Collect$$libshutdown$$00000004)
    .ARM.Collect$$libshutdown$$00000007      0x240402fa   Section        0  libshutdown2.o(.ARM.Collect$$libshutdown$$00000007)
    .ARM.Collect$$libshutdown$$0000000A      0x240402fa   Section        0  libshutdown2.o(.ARM.Collect$$libshutdown$$0000000A)
    .ARM.Collect$$libshutdown$$0000000C      0x240402fa   Section        0  libshutdown2.o(.ARM.Collect$$libshutdown$$0000000C)
    .ARM.Collect$$libshutdown$$0000000F      0x240402fa   Section        0  libshutdown2.o(.ARM.Collect$$libshutdown$$0000000F)
    .ARM.Collect$$libshutdown$$00000010      0x240402fa   Section        2  libshutdown2.o(.ARM.Collect$$libshutdown$$00000010)
    .ARM.Collect$$rtentry$$00000000          0x240402fc   Section        0  __rtentry.o(.ARM.Collect$$rtentry$$00000000)
    .ARM.Collect$$rtentry$$00000002          0x240402fc   Section        0  __rtentry2.o(.ARM.Collect$$rtentry$$00000002)
    .ARM.Collect$$rtentry$$00000004          0x240402fc   Section        6  __rtentry4.o(.ARM.Collect$$rtentry$$00000004)
    .ARM.Collect$$rtentry$$00000009          0x24040302   Section        0  __rtentry2.o(.ARM.Collect$$rtentry$$00000009)
    .ARM.Collect$$rtentry$$0000000A          0x24040302   Section        4  __rtentry2.o(.ARM.Collect$$rtentry$$0000000A)
    .ARM.Collect$$rtentry$$0000000C          0x24040306   Section        0  __rtentry2.o(.ARM.Collect$$rtentry$$0000000C)
    .ARM.Collect$$rtentry$$0000000D          0x24040306   Section        8  __rtentry2.o(.ARM.Collect$$rtentry$$0000000D)
    .ARM.Collect$$rtexit$$00000000           0x2404030e   Section        2  rtexit.o(.ARM.Collect$$rtexit$$00000000)
    .ARM.Collect$$rtexit$$00000002           0x24040310   Section        0  rtexit2.o(.ARM.Collect$$rtexit$$00000002)
    .ARM.Collect$$rtexit$$00000003           0x24040310   Section        4  rtexit2.o(.ARM.Collect$$rtexit$$00000003)
    .ARM.Collect$$rtexit$$00000004           0x24040314   Section        6  rtexit2.o(.ARM.Collect$$rtexit$$00000004)
    $v0                                      0x2404031c   Number         0  startup_stm32h750xx.o(.text)
    .text                                    0x2404031c   Section       64  startup_stm32h750xx.o(.text)
    .text                                    0x2404035c   Section        2  use_no_semi_2.o(.text)
    .text                                    0x2404035e   Section      240  lludivv7m.o(.text)
    .text                                    0x24040450   Section        0  puts.o(.text)
    .text                                    0x2404047c   Section       78  rt_memclr_w.o(.text)
    .text                                    0x240404ca   Section        0  heapauxi.o(.text)
    .text                                    0x240404d0   Section        2  use_no_semi.o(.text)
    .text                                    0x240404d2   Section       74  sys_stackheap_outer.o(.text)
    .text                                    0x2404051c   Section        0  exit.o(.text)
    .text                                    0x24040530   Section        8  libspace.o(.text)
    [Anonymous Symbol]                       0x24040538   Section        0  stm32h7xx_it.o(.text.BusFault_Handler)
    [Anonymous Symbol]                       0x24040540   Section        0  stm32h7xx_it.o(.text.DebugMon_Handler)
    [Anonymous Symbol]                       0x24040548   Section        0  main.o(.text.Error_Handler)
    [Anonymous Symbol]                       0x24040558   Section        0  stm32h7xx_hal.o(.text.HAL_Delay)
    [Anonymous Symbol]                       0x24040580   Section        0  stm32h7xx_hal_gpio.o(.text.HAL_GPIO_Init)
    [Anonymous Symbol]                       0x24040720   Section        0  stm32h7xx_hal.o(.text.HAL_GetREVID)
    [Anonymous Symbol]                       0x24040730   Section        0  stm32h7xx_hal.o(.text.HAL_GetTick)
    [Anonymous Symbol]                       0x24040740   Section        0  stm32h7xx_hal.o(.text.HAL_IncTick)
    [Anonymous Symbol]                       0x24040760   Section        0  stm32h7xx_hal.o(.text.HAL_Init)
    [Anonymous Symbol]                       0x240407c8   Section        0  stm32h7xx_hal.o(.text.HAL_InitTick)
    [Anonymous Symbol]                       0x24040820   Section        0  stm32h7xx_hal_msp.o(.text.HAL_MspInit)
    [Anonymous Symbol]                       0x24040840   Section        0  stm32h7xx_hal_cortex.o(.text.HAL_NVIC_EnableIRQ)
    [Anonymous Symbol]                       0x24040848   Section        0  stm32h7xx_hal_cortex.o(.text.HAL_NVIC_SetPriority)
    [Anonymous Symbol]                       0x24040868   Section        0  stm32h7xx_hal_cortex.o(.text.HAL_NVIC_SetPriorityGrouping)
    [Anonymous Symbol]                       0x24040870   Section        0  stm32h7xx_hal_pwr_ex.o(.text.HAL_PWREx_ConfigSupply)
    [Anonymous Symbol]                       0x240408b8   Section        0  stm32h7xx_hal_rcc_ex.o(.text.HAL_RCCEx_GetD3PCLK1Freq)
    [Anonymous Symbol]                       0x240408e0   Section        0  stm32h7xx_hal_rcc_ex.o(.text.HAL_RCCEx_GetPLL2ClockFreq)
    [Anonymous Symbol]                       0x24040a08   Section        0  stm32h7xx_hal_rcc_ex.o(.text.HAL_RCCEx_GetPLL3ClockFreq)
    [Anonymous Symbol]                       0x24040b30   Section        0  stm32h7xx_hal_rcc_ex.o(.text.HAL_RCCEx_PeriphCLKConfig)
    [Anonymous Symbol]                       0x24041490   Section        0  stm32h7xx_hal_rcc.o(.text.HAL_RCC_ClockConfig)
    [Anonymous Symbol]                       0x240416e8   Section        0  stm32h7xx_hal_rcc.o(.text.HAL_RCC_GetHCLKFreq)
    [Anonymous Symbol]                       0x24041738   Section        0  stm32h7xx_hal_rcc.o(.text.HAL_RCC_GetPCLK1Freq)
    [Anonymous Symbol]                       0x24041760   Section        0  stm32h7xx_hal_rcc.o(.text.HAL_RCC_GetPCLK2Freq)
    [Anonymous Symbol]                       0x24041788   Section        0  stm32h7xx_hal_rcc.o(.text.HAL_RCC_GetSysClockFreq)
    [Anonymous Symbol]                       0x24041890   Section        0  stm32h7xx_hal_rcc.o(.text.HAL_RCC_OscConfig)
    [Anonymous Symbol]                       0x24041eb8   Section        0  stm32h7xx_hal_cortex.o(.text.HAL_SYSTICK_Config)
    [Anonymous Symbol]                       0x24041ec0   Section        0  stm32h7xx_hal_tim_ex.o(.text.HAL_TIMEx_Break2Callback)
    [Anonymous Symbol]                       0x24041ec8   Section        0  stm32h7xx_hal_tim_ex.o(.text.HAL_TIMEx_BreakCallback)
    [Anonymous Symbol]                       0x24041ed0   Section        0  stm32h7xx_hal_tim_ex.o(.text.HAL_TIMEx_CommutCallback)
    [Anonymous Symbol]                       0x24041ed8   Section        0  stm32h7xx_hal_tim_ex.o(.text.HAL_TIMEx_MasterConfigSynchronization)
    [Anonymous Symbol]                       0x24041fa8   Section        0  stm32h7xx_hal_tim.o(.text.HAL_TIM_Base_Init)
    [Anonymous Symbol]                       0x24042008   Section        0  tim.o(.text.HAL_TIM_Base_MspInit)
    [Anonymous Symbol]                       0x24042050   Section        0  stm32h7xx_hal_tim.o(.text.HAL_TIM_Base_Start_IT)
    [Anonymous Symbol]                       0x24042108   Section        0  stm32h7xx_hal_tim.o(.text.HAL_TIM_IC_CaptureCallback)
    [Anonymous Symbol]                       0x24042110   Section        0  stm32h7xx_hal_tim.o(.text.HAL_TIM_IRQHandler)
    [Anonymous Symbol]                       0x24042298   Section        0  stm32h7xx_hal_tim.o(.text.HAL_TIM_OC_DelayElapsedCallback)
    [Anonymous Symbol]                       0x240422a0   Section        0  stm32h7xx_hal_tim.o(.text.HAL_TIM_PWM_PulseFinishedCallback)
    [Anonymous Symbol]                       0x240422a8   Section        0  public.o(.text.HAL_TIM_PeriodElapsedCallback)
    [Anonymous Symbol]                       0x240422e8   Section        0  stm32h7xx_hal_tim.o(.text.HAL_TIM_TriggerCallback)
    [Anonymous Symbol]                       0x240422f0   Section        0  stm32h7xx_hal_uart_ex.o(.text.HAL_UARTEx_DisableFifoMode)
    [Anonymous Symbol]                       0x24042328   Section        0  stm32h7xx_hal_uart_ex.o(.text.HAL_UARTEx_SetRxFifoThreshold)
    [Anonymous Symbol]                       0x24042378   Section        0  stm32h7xx_hal_uart_ex.o(.text.HAL_UARTEx_SetTxFifoThreshold)
    [Anonymous Symbol]                       0x240423c8   Section        0  stm32h7xx_hal_uart.o(.text.HAL_UART_Init)
    [Anonymous Symbol]                       0x24042430   Section        0  usart.o(.text.HAL_UART_MspInit)
    [Anonymous Symbol]                       0x240424c0   Section        0  stm32h7xx_hal_uart.o(.text.HAL_UART_Transmit)
    [Anonymous Symbol]                       0x240425a0   Section        0  stm32h7xx_it.o(.text.HardFault_Handler)
    [Anonymous Symbol]                       0x240425a8   Section        0  gpio.o(.text.MX_GPIO_Init)
    [Anonymous Symbol]                       0x240425c8   Section        0  tim.o(.text.MX_TIM6_Init)
    [Anonymous Symbol]                       0x24042620   Section        0  usart.o(.text.MX_USART1_UART_Init)
    [Anonymous Symbol]                       0x240426a0   Section        0  stm32h7xx_it.o(.text.MemManage_Handler)
    [Anonymous Symbol]                       0x240426a8   Section        0  stm32h7xx_it.o(.text.NMI_Handler)
    NVIC_EncodePriority                      0x240426b1   Thumb Code    46  stm32h7xx_hal_cortex.o(.text.NVIC_EncodePriority)
    [Anonymous Symbol]                       0x240426b0   Section        0  stm32h7xx_hal_cortex.o(.text.NVIC_EncodePriority)
    [Anonymous Symbol]                       0x240426e0   Section        0  stm32h7xx_it.o(.text.PendSV_Handler)
    RCCEx_PLL2_Config                        0x240426e9   Thumb Code   286  stm32h7xx_hal_rcc_ex.o(.text.RCCEx_PLL2_Config)
    [Anonymous Symbol]                       0x240426e8   Section        0  stm32h7xx_hal_rcc_ex.o(.text.RCCEx_PLL2_Config)
    RCCEx_PLL3_Config                        0x24042809   Thumb Code   286  stm32h7xx_hal_rcc_ex.o(.text.RCCEx_PLL3_Config)
    [Anonymous Symbol]                       0x24042808   Section        0  stm32h7xx_hal_rcc_ex.o(.text.RCCEx_PLL3_Config)
    [Anonymous Symbol]                       0x24042928   Section        0  stm32h7xx_it.o(.text.SVC_Handler)
    SysTick_Config                           0x24042931   Thumb Code    46  stm32h7xx_hal_cortex.o(.text.SysTick_Config)
    [Anonymous Symbol]                       0x24042930   Section        0  stm32h7xx_hal_cortex.o(.text.SysTick_Config)
    [Anonymous Symbol]                       0x24042960   Section        0  stm32h7xx_it.o(.text.SysTick_Handler)
    [Anonymous Symbol]                       0x24042968   Section        0  main.o(.text.SystemClock_Config)
    [Anonymous Symbol]                       0x24042a70   Section        0  system_stm32h7xx.o(.text.SystemInit)
    [Anonymous Symbol]                       0x24042b40   Section        0  stm32h7xx_it.o(.text.TIM6_DAC_IRQHandler)
    [Anonymous Symbol]                       0x24042b50   Section        0  stm32h7xx_hal_tim.o(.text.TIM_Base_SetConfig)
    UARTEx_SetNbDataToProcess                0x24042c91   Thumb Code    84  stm32h7xx_hal_uart_ex.o(.text.UARTEx_SetNbDataToProcess)
    [Anonymous Symbol]                       0x24042c90   Section        0  stm32h7xx_hal_uart_ex.o(.text.UARTEx_SetNbDataToProcess)
    [Anonymous Symbol]                       0x24042ce8   Section        0  stm32h7xx_hal_uart.o(.text.UART_AdvFeatureConfig)
    [Anonymous Symbol]                       0x24042dc8   Section        0  stm32h7xx_hal_uart.o(.text.UART_CheckIdleState)
    [Anonymous Symbol]                       0x24042e38   Section        0  stm32h7xx_hal_uart.o(.text.UART_SetConfig)
    [Anonymous Symbol]                       0x240433c0   Section        0  stm32h7xx_hal_uart.o(.text.UART_WaitOnFlagUntilTimeout)
    [Anonymous Symbol]                       0x240434b0   Section        0  stm32h7xx_it.o(.text.UsageFault_Handler)
    __NVIC_EnableIRQ                         0x240434b9   Thumb Code    32  stm32h7xx_hal_cortex.o(.text.__NVIC_EnableIRQ)
    [Anonymous Symbol]                       0x240434b8   Section        0  stm32h7xx_hal_cortex.o(.text.__NVIC_EnableIRQ)
    __NVIC_GetPriorityGrouping               0x240434d9   Thumb Code    16  stm32h7xx_hal_cortex.o(.text.__NVIC_GetPriorityGrouping)
    [Anonymous Symbol]                       0x240434d8   Section        0  stm32h7xx_hal_cortex.o(.text.__NVIC_GetPriorityGrouping)
    __NVIC_SetPriority                       0x240434e9   Thumb Code    34  stm32h7xx_hal_cortex.o(.text.__NVIC_SetPriority)
    [Anonymous Symbol]                       0x240434e8   Section        0  stm32h7xx_hal_cortex.o(.text.__NVIC_SetPriority)
    __NVIC_SetPriorityGrouping               0x24043511   Thumb Code    32  stm32h7xx_hal_cortex.o(.text.__NVIC_SetPriorityGrouping)
    [Anonymous Symbol]                       0x24043510   Section        0  stm32h7xx_hal_cortex.o(.text.__NVIC_SetPriorityGrouping)
    [Anonymous Symbol]                       0x24043530   Section        0  public.o(.text._sys_exit)
    [Anonymous Symbol]                       0x24043538   Section        0  public.o(.text.fputc)
    [Anonymous Symbol]                       0x24043558   Section        0  main.o(.text.main)
    [Anonymous Symbol]                       0x24043578   Section        0  public.o(.text.run)
    $v0                                      0x2404359c   Number         0  fpinit.o(x$fpl$fpinit)
    x$fpl$fpinit                             0x2404359c   Section       26  fpinit.o(x$fpl$fpinit)
    UARTEx_SetNbDataToProcess.numerator      0x240435de   Data           8  stm32h7xx_hal_uart_ex.o(.rodata.cst8)
    [Anonymous Symbol]                       0x240435de   Section        0  stm32h7xx_hal_uart_ex.o(.rodata.cst8)
    UARTEx_SetNbDataToProcess.denominator    0x240435e6   Data           8  stm32h7xx_hal_uart_ex.o(.rodata.cst8)
    .bss                                     0x24043610   Section       96  libspace.o(.bss)
    Heap_Mem                                 0x240437a8   Data         512  startup_stm32h750xx.o(HEAP)
    HEAP                                     0x240437a8   Section      512  startup_stm32h750xx.o(HEAP)
    Stack_Mem                                0x240439a8   Data        1024  startup_stm32h750xx.o(STACK)
    STACK                                    0x240439a8   Section     1024  startup_stm32h750xx.o(STACK)
    __initial_sp                             0x24043da8   Data           0  startup_stm32h750xx.o(STACK)

    Global Symbols

    Symbol Name                              Value     Ov Type        Size  Object(Section)

    BuildAttributes$$THM_ISAv4$E$P$D$K$B$S$7EM$VFPv5_D16$PE$PLD8$A:L22UL41UL21$X:L11$S22US41US21$IEEE1$IW$~IW$USESV6$~STKCKD$USESV7$~SHL$OTIME$ROPI$EBA8$UX$STANDARDLIB$REQ8$PRES8$EABIv2 0x00000000   Number         0  anon$$obj.o ABSOLUTE
    __ARM_exceptions_init                     - Undefined Weak Reference
    __alloca_initialize                       - Undefined Weak Reference
    __arm_preinit_                            - Undefined Weak Reference
    __cpp_initialize__aeabi_                  - Undefined Weak Reference
    __cxa_finalize                            - Undefined Weak Reference
    __rt_locale                               - Undefined Weak Reference
    __sigvec_lookup                           - Undefined Weak Reference
    _atexit_init                              - Undefined Weak Reference
    _call_atexit_fns                          - Undefined Weak Reference
    _clock_init                               - Undefined Weak Reference
    _fp_trap_init                             - Undefined Weak Reference
    _fp_trap_shutdown                         - Undefined Weak Reference
    _get_lc_collate                           - Undefined Weak Reference
    _get_lc_ctype                             - Undefined Weak Reference
    _get_lc_monetary                          - Undefined Weak Reference
    _get_lc_numeric                           - Undefined Weak Reference
    _get_lc_time                              - Undefined Weak Reference
    _getenv_init                              - Undefined Weak Reference
    _handle_redirection                       - Undefined Weak Reference
    _init_alloc                               - Undefined Weak Reference
    _init_user_alloc                          - Undefined Weak Reference
    _initio                                   - Undefined Weak Reference
    _rand_init                                - Undefined Weak Reference
    _signal_finish                            - Undefined Weak Reference
    _signal_init                              - Undefined Weak Reference
    _terminate_alloc                          - Undefined Weak Reference
    _terminate_user_alloc                     - Undefined Weak Reference
    _terminateio                              - Undefined Weak Reference
    __Vectors_Size                           0x00000298   Number         0  startup_stm32h750xx.o ABSOLUTE
    __Vectors                                0x24040000   Data           4  startup_stm32h750xx.o(RESET)
    __Vectors_End                            0x24040298   Data           0  startup_stm32h750xx.o(RESET)
    __main                                   0x24040299   Thumb Code     8  __main.o(!!!main)
    __scatterload                            0x240402a1   Thumb Code     0  __scatter.o(!!!scatter)
    __scatterload_rt2                        0x240402a1   Thumb Code    44  __scatter.o(!!!scatter)
    __scatterload_rt2_thumb_only             0x240402a1   Thumb Code     0  __scatter.o(!!!scatter)
    __scatterload_null                       0x240402af   Thumb Code     0  __scatter.o(!!!scatter)
    __scatterload_zeroinit                   0x240402d5   Thumb Code    28  __scatter_zi.o(!!handler_zi)
    __rt_lib_init                            0x240402f1   Thumb Code     0  libinit.o(.ARM.Collect$$libinit$$00000000)
    __rt_lib_init_fp_1                       0x240402f3   Thumb Code     0  libinit2.o(.ARM.Collect$$libinit$$00000001)
    __rt_lib_init_alloca_1                   0x240402f7   Thumb Code     0  libinit2.o(.ARM.Collect$$libinit$$0000002E)
    __rt_lib_init_argv_1                     0x240402f7   Thumb Code     0  libinit2.o(.ARM.Collect$$libinit$$0000002C)
    __rt_lib_init_atexit_1                   0x240402f7   Thumb Code     0  libinit2.o(.ARM.Collect$$libinit$$0000001B)
    __rt_lib_init_clock_1                    0x240402f7   Thumb Code     0  libinit2.o(.ARM.Collect$$libinit$$00000021)
    __rt_lib_init_cpp_1                      0x240402f7   Thumb Code     0  libinit2.o(.ARM.Collect$$libinit$$00000032)
    __rt_lib_init_exceptions_1               0x240402f7   Thumb Code     0  libinit2.o(.ARM.Collect$$libinit$$00000030)
    __rt_lib_init_fp_trap_1                  0x240402f7   Thumb Code     0  libinit2.o(.ARM.Collect$$libinit$$0000001F)
    __rt_lib_init_getenv_1                   0x240402f7   Thumb Code     0  libinit2.o(.ARM.Collect$$libinit$$00000023)
    __rt_lib_init_heap_1                     0x240402f7   Thumb Code     0  libinit2.o(.ARM.Collect$$libinit$$0000000A)
    __rt_lib_init_lc_collate_1               0x240402f7   Thumb Code     0  libinit2.o(.ARM.Collect$$libinit$$00000011)
    __rt_lib_init_lc_ctype_1                 0x240402f7   Thumb Code     0  libinit2.o(.ARM.Collect$$libinit$$00000013)
    __rt_lib_init_lc_monetary_1              0x240402f7   Thumb Code     0  libinit2.o(.ARM.Collect$$libinit$$00000015)
    __rt_lib_init_lc_numeric_1               0x240402f7   Thumb Code     0  libinit2.o(.ARM.Collect$$libinit$$00000017)
    __rt_lib_init_lc_time_1                  0x240402f7   Thumb Code     0  libinit2.o(.ARM.Collect$$libinit$$00000019)
    __rt_lib_init_preinit_1                  0x240402f7   Thumb Code     0  libinit2.o(.ARM.Collect$$libinit$$00000004)
    __rt_lib_init_rand_1                     0x240402f7   Thumb Code     0  libinit2.o(.ARM.Collect$$libinit$$0000000E)
    __rt_lib_init_return                     0x240402f7   Thumb Code     0  libinit2.o(.ARM.Collect$$libinit$$00000033)
    __rt_lib_init_signal_1                   0x240402f7   Thumb Code     0  libinit2.o(.ARM.Collect$$libinit$$0000001D)
    __rt_lib_init_stdio_1                    0x240402f7   Thumb Code     0  libinit2.o(.ARM.Collect$$libinit$$00000025)
    __rt_lib_init_user_alloc_1               0x240402f7   Thumb Code     0  libinit2.o(.ARM.Collect$$libinit$$0000000C)
    __rt_lib_shutdown                        0x240402f9   Thumb Code     0  libshutdown.o(.ARM.Collect$$libshutdown$$00000000)
    __rt_lib_shutdown_cpp_1                  0x240402fb   Thumb Code     0  libshutdown2.o(.ARM.Collect$$libshutdown$$00000002)
    __rt_lib_shutdown_fp_trap_1              0x240402fb   Thumb Code     0  libshutdown2.o(.ARM.Collect$$libshutdown$$00000007)
    __rt_lib_shutdown_heap_1                 0x240402fb   Thumb Code     0  libshutdown2.o(.ARM.Collect$$libshutdown$$0000000F)
    __rt_lib_shutdown_return                 0x240402fb   Thumb Code     0  libshutdown2.o(.ARM.Collect$$libshutdown$$00000010)
    __rt_lib_shutdown_signal_1               0x240402fb   Thumb Code     0  libshutdown2.o(.ARM.Collect$$libshutdown$$0000000A)
    __rt_lib_shutdown_stdio_1                0x240402fb   Thumb Code     0  libshutdown2.o(.ARM.Collect$$libshutdown$$00000004)
    __rt_lib_shutdown_user_alloc_1           0x240402fb   Thumb Code     0  libshutdown2.o(.ARM.Collect$$libshutdown$$0000000C)
    __rt_entry                               0x240402fd   Thumb Code     0  __rtentry.o(.ARM.Collect$$rtentry$$00000000)
    __rt_entry_presh_1                       0x240402fd   Thumb Code     0  __rtentry2.o(.ARM.Collect$$rtentry$$00000002)
    __rt_entry_sh                            0x240402fd   Thumb Code     0  __rtentry4.o(.ARM.Collect$$rtentry$$00000004)
    __rt_entry_li                            0x24040303   Thumb Code     0  __rtentry2.o(.ARM.Collect$$rtentry$$0000000A)
    __rt_entry_postsh_1                      0x24040303   Thumb Code     0  __rtentry2.o(.ARM.Collect$$rtentry$$00000009)
    __rt_entry_main                          0x24040307   Thumb Code     0  __rtentry2.o(.ARM.Collect$$rtentry$$0000000D)
    __rt_entry_postli_1                      0x24040307   Thumb Code     0  __rtentry2.o(.ARM.Collect$$rtentry$$0000000C)
    __rt_exit                                0x2404030f   Thumb Code     0  rtexit.o(.ARM.Collect$$rtexit$$00000000)
    __rt_exit_ls                             0x24040311   Thumb Code     0  rtexit2.o(.ARM.Collect$$rtexit$$00000003)
    __rt_exit_prels_1                        0x24040311   Thumb Code     0  rtexit2.o(.ARM.Collect$$rtexit$$00000002)
    __rt_exit_exit                           0x24040315   Thumb Code     0  rtexit2.o(.ARM.Collect$$rtexit$$00000004)
    Reset_Handler                            0x2404031d   Thumb Code     8  startup_stm32h750xx.o(.text)
    ADC3_IRQHandler                          0x24040337   Thumb Code     0  startup_stm32h750xx.o(.text)
    ADC_IRQHandler                           0x24040337   Thumb Code     0  startup_stm32h750xx.o(.text)
    BDMA_Channel0_IRQHandler                 0x24040337   Thumb Code     0  startup_stm32h750xx.o(.text)
    BDMA_Channel1_IRQHandler                 0x24040337   Thumb Code     0  startup_stm32h750xx.o(.text)
    BDMA_Channel2_IRQHandler                 0x24040337   Thumb Code     0  startup_stm32h750xx.o(.text)
    BDMA_Channel3_IRQHandler                 0x24040337   Thumb Code     0  startup_stm32h750xx.o(.text)
    BDMA_Channel4_IRQHandler                 0x24040337   Thumb Code     0  startup_stm32h750xx.o(.text)
    BDMA_Channel5_IRQHandler                 0x24040337   Thumb Code     0  startup_stm32h750xx.o(.text)
    BDMA_Channel6_IRQHandler                 0x24040337   Thumb Code     0  startup_stm32h750xx.o(.text)
    BDMA_Channel7_IRQHandler                 0x24040337   Thumb Code     0  startup_stm32h750xx.o(.text)
    CEC_IRQHandler                           0x24040337   Thumb Code     0  startup_stm32h750xx.o(.text)
    COMP1_IRQHandler                         0x24040337   Thumb Code     0  startup_stm32h750xx.o(.text)
    CRS_IRQHandler                           0x24040337   Thumb Code     0  startup_stm32h750xx.o(.text)
    CRYP_IRQHandler                          0x24040337   Thumb Code     0  startup_stm32h750xx.o(.text)
    DCMI_IRQHandler                          0x24040337   Thumb Code     0  startup_stm32h750xx.o(.text)
    DFSDM1_FLT0_IRQHandler                   0x24040337   Thumb Code     0  startup_stm32h750xx.o(.text)
    DFSDM1_FLT1_IRQHandler                   0x24040337   Thumb Code     0  startup_stm32h750xx.o(.text)
    DFSDM1_FLT2_IRQHandler                   0x24040337   Thumb Code     0  startup_stm32h750xx.o(.text)
    DFSDM1_FLT3_IRQHandler                   0x24040337   Thumb Code     0  startup_stm32h750xx.o(.text)
    DMA1_Stream0_IRQHandler                  0x24040337   Thumb Code     0  startup_stm32h750xx.o(.text)
    DMA1_Stream1_IRQHandler                  0x24040337   Thumb Code     0  startup_stm32h750xx.o(.text)
    DMA1_Stream2_IRQHandler                  0x24040337   Thumb Code     0  startup_stm32h750xx.o(.text)
    DMA1_Stream3_IRQHandler                  0x24040337   Thumb Code     0  startup_stm32h750xx.o(.text)
    DMA1_Stream4_IRQHandler                  0x24040337   Thumb Code     0  startup_stm32h750xx.o(.text)
    DMA1_Stream5_IRQHandler                  0x24040337   Thumb Code     0  startup_stm32h750xx.o(.text)
    DMA1_Stream6_IRQHandler                  0x24040337   Thumb Code     0  startup_stm32h750xx.o(.text)
    DMA1_Stream7_IRQHandler                  0x24040337   Thumb Code     0  startup_stm32h750xx.o(.text)
    DMA2D_IRQHandler                         0x24040337   Thumb Code     0  startup_stm32h750xx.o(.text)
    DMA2_Stream0_IRQHandler                  0x24040337   Thumb Code     0  startup_stm32h750xx.o(.text)
    DMA2_Stream1_IRQHandler                  0x24040337   Thumb Code     0  startup_stm32h750xx.o(.text)
    DMA2_Stream2_IRQHandler                  0x24040337   Thumb Code     0  startup_stm32h750xx.o(.text)
    DMA2_Stream3_IRQHandler                  0x24040337   Thumb Code     0  startup_stm32h750xx.o(.text)
    DMA2_Stream4_IRQHandler                  0x24040337   Thumb Code     0  startup_stm32h750xx.o(.text)
    DMA2_Stream5_IRQHandler                  0x24040337   Thumb Code     0  startup_stm32h750xx.o(.text)
    DMA2_Stream6_IRQHandler                  0x24040337   Thumb Code     0  startup_stm32h750xx.o(.text)
    DMA2_Stream7_IRQHandler                  0x24040337   Thumb Code     0  startup_stm32h750xx.o(.text)
    DMAMUX1_OVR_IRQHandler                   0x24040337   Thumb Code     0  startup_stm32h750xx.o(.text)
    DMAMUX2_OVR_IRQHandler                   0x24040337   Thumb Code     0  startup_stm32h750xx.o(.text)
    ECC_IRQHandler                           0x24040337   Thumb Code     0  startup_stm32h750xx.o(.text)
    ETH_IRQHandler                           0x24040337   Thumb Code     0  startup_stm32h750xx.o(.text)
    ETH_WKUP_IRQHandler                      0x24040337   Thumb Code     0  startup_stm32h750xx.o(.text)
    EXTI0_IRQHandler                         0x24040337   Thumb Code     0  startup_stm32h750xx.o(.text)
    EXTI15_10_IRQHandler                     0x24040337   Thumb Code     0  startup_stm32h750xx.o(.text)
    EXTI1_IRQHandler                         0x24040337   Thumb Code     0  startup_stm32h750xx.o(.text)
    EXTI2_IRQHandler                         0x24040337   Thumb Code     0  startup_stm32h750xx.o(.text)
    EXTI3_IRQHandler                         0x24040337   Thumb Code     0  startup_stm32h750xx.o(.text)
    EXTI4_IRQHandler                         0x24040337   Thumb Code     0  startup_stm32h750xx.o(.text)
    EXTI9_5_IRQHandler                       0x24040337   Thumb Code     0  startup_stm32h750xx.o(.text)
    FDCAN1_IT0_IRQHandler                    0x24040337   Thumb Code     0  startup_stm32h750xx.o(.text)
    FDCAN1_IT1_IRQHandler                    0x24040337   Thumb Code     0  startup_stm32h750xx.o(.text)
    FDCAN2_IT0_IRQHandler                    0x24040337   Thumb Code     0  startup_stm32h750xx.o(.text)
    FDCAN2_IT1_IRQHandler                    0x24040337   Thumb Code     0  startup_stm32h750xx.o(.text)
    FDCAN_CAL_IRQHandler                     0x24040337   Thumb Code     0  startup_stm32h750xx.o(.text)
    FLASH_IRQHandler                         0x24040337   Thumb Code     0  startup_stm32h750xx.o(.text)
    FMC_IRQHandler                           0x24040337   Thumb Code     0  startup_stm32h750xx.o(.text)
    FPU_IRQHandler                           0x24040337   Thumb Code     0  startup_stm32h750xx.o(.text)
    HASH_RNG_IRQHandler                      0x24040337   Thumb Code     0  startup_stm32h750xx.o(.text)
    HRTIM1_FLT_IRQHandler                    0x24040337   Thumb Code     0  startup_stm32h750xx.o(.text)
    HRTIM1_Master_IRQHandler                 0x24040337   Thumb Code     0  startup_stm32h750xx.o(.text)
    HRTIM1_TIMA_IRQHandler                   0x24040337   Thumb Code     0  startup_stm32h750xx.o(.text)
    HRTIM1_TIMB_IRQHandler                   0x24040337   Thumb Code     0  startup_stm32h750xx.o(.text)
    HRTIM1_TIMC_IRQHandler                   0x24040337   Thumb Code     0  startup_stm32h750xx.o(.text)
    HRTIM1_TIMD_IRQHandler                   0x24040337   Thumb Code     0  startup_stm32h750xx.o(.text)
    HRTIM1_TIME_IRQHandler                   0x24040337   Thumb Code     0  startup_stm32h750xx.o(.text)
    HSEM1_IRQHandler                         0x24040337   Thumb Code     0  startup_stm32h750xx.o(.text)
    I2C1_ER_IRQHandler                       0x24040337   Thumb Code     0  startup_stm32h750xx.o(.text)
    I2C1_EV_IRQHandler                       0x24040337   Thumb Code     0  startup_stm32h750xx.o(.text)
    I2C2_ER_IRQHandler                       0x24040337   Thumb Code     0  startup_stm32h750xx.o(.text)
    I2C2_EV_IRQHandler                       0x24040337   Thumb Code     0  startup_stm32h750xx.o(.text)
    I2C3_ER_IRQHandler                       0x24040337   Thumb Code     0  startup_stm32h750xx.o(.text)
    I2C3_EV_IRQHandler                       0x24040337   Thumb Code     0  startup_stm32h750xx.o(.text)
    I2C4_ER_IRQHandler                       0x24040337   Thumb Code     0  startup_stm32h750xx.o(.text)
    I2C4_EV_IRQHandler                       0x24040337   Thumb Code     0  startup_stm32h750xx.o(.text)
    JPEG_IRQHandler                          0x24040337   Thumb Code     0  startup_stm32h750xx.o(.text)
    LPTIM1_IRQHandler                        0x24040337   Thumb Code     0  startup_stm32h750xx.o(.text)
    LPTIM2_IRQHandler                        0x24040337   Thumb Code     0  startup_stm32h750xx.o(.text)
    LPTIM3_IRQHandler                        0x24040337   Thumb Code     0  startup_stm32h750xx.o(.text)
    LPTIM4_IRQHandler                        0x24040337   Thumb Code     0  startup_stm32h750xx.o(.text)
    LPTIM5_IRQHandler                        0x24040337   Thumb Code     0  startup_stm32h750xx.o(.text)
    LPUART1_IRQHandler                       0x24040337   Thumb Code     0  startup_stm32h750xx.o(.text)
    LTDC_ER_IRQHandler                       0x24040337   Thumb Code     0  startup_stm32h750xx.o(.text)
    LTDC_IRQHandler                          0x24040337   Thumb Code     0  startup_stm32h750xx.o(.text)
    MDIOS_IRQHandler                         0x24040337   Thumb Code     0  startup_stm32h750xx.o(.text)
    MDIOS_WKUP_IRQHandler                    0x24040337   Thumb Code     0  startup_stm32h750xx.o(.text)
    MDMA_IRQHandler                          0x24040337   Thumb Code     0  startup_stm32h750xx.o(.text)
    OTG_FS_EP1_IN_IRQHandler                 0x24040337   Thumb Code     0  startup_stm32h750xx.o(.text)
    OTG_FS_EP1_OUT_IRQHandler                0x24040337   Thumb Code     0  startup_stm32h750xx.o(.text)
    OTG_FS_IRQHandler                        0x24040337   Thumb Code     0  startup_stm32h750xx.o(.text)
    OTG_FS_WKUP_IRQHandler                   0x24040337   Thumb Code     0  startup_stm32h750xx.o(.text)
    OTG_HS_EP1_IN_IRQHandler                 0x24040337   Thumb Code     0  startup_stm32h750xx.o(.text)
    OTG_HS_EP1_OUT_IRQHandler                0x24040337   Thumb Code     0  startup_stm32h750xx.o(.text)
    OTG_HS_IRQHandler                        0x24040337   Thumb Code     0  startup_stm32h750xx.o(.text)
    OTG_HS_WKUP_IRQHandler                   0x24040337   Thumb Code     0  startup_stm32h750xx.o(.text)
    PVD_AVD_IRQHandler                       0x24040337   Thumb Code     0  startup_stm32h750xx.o(.text)
    QUADSPI_IRQHandler                       0x24040337   Thumb Code     0  startup_stm32h750xx.o(.text)
    RCC_IRQHandler                           0x24040337   Thumb Code     0  startup_stm32h750xx.o(.text)
    RTC_Alarm_IRQHandler                     0x24040337   Thumb Code     0  startup_stm32h750xx.o(.text)
    RTC_WKUP_IRQHandler                      0x24040337   Thumb Code     0  startup_stm32h750xx.o(.text)
    SAI1_IRQHandler                          0x24040337   Thumb Code     0  startup_stm32h750xx.o(.text)
    SAI2_IRQHandler                          0x24040337   Thumb Code     0  startup_stm32h750xx.o(.text)
    SAI3_IRQHandler                          0x24040337   Thumb Code     0  startup_stm32h750xx.o(.text)
    SAI4_IRQHandler                          0x24040337   Thumb Code     0  startup_stm32h750xx.o(.text)
    SDMMC1_IRQHandler                        0x24040337   Thumb Code     0  startup_stm32h750xx.o(.text)
    SDMMC2_IRQHandler                        0x24040337   Thumb Code     0  startup_stm32h750xx.o(.text)
    SPDIF_RX_IRQHandler                      0x24040337   Thumb Code     0  startup_stm32h750xx.o(.text)
    SPI1_IRQHandler                          0x24040337   Thumb Code     0  startup_stm32h750xx.o(.text)
    SPI2_IRQHandler                          0x24040337   Thumb Code     0  startup_stm32h750xx.o(.text)
    SPI3_IRQHandler                          0x24040337   Thumb Code     0  startup_stm32h750xx.o(.text)
    SPI4_IRQHandler                          0x24040337   Thumb Code     0  startup_stm32h750xx.o(.text)
    SPI5_IRQHandler                          0x24040337   Thumb Code     0  startup_stm32h750xx.o(.text)
    SPI6_IRQHandler                          0x24040337   Thumb Code     0  startup_stm32h750xx.o(.text)
    SWPMI1_IRQHandler                        0x24040337   Thumb Code     0  startup_stm32h750xx.o(.text)
    TAMP_STAMP_IRQHandler                    0x24040337   Thumb Code     0  startup_stm32h750xx.o(.text)
    TIM15_IRQHandler                         0x24040337   Thumb Code     0  startup_stm32h750xx.o(.text)
    TIM16_IRQHandler                         0x24040337   Thumb Code     0  startup_stm32h750xx.o(.text)
    TIM17_IRQHandler                         0x24040337   Thumb Code     0  startup_stm32h750xx.o(.text)
    TIM1_BRK_IRQHandler                      0x24040337   Thumb Code     0  startup_stm32h750xx.o(.text)
    TIM1_CC_IRQHandler                       0x24040337   Thumb Code     0  startup_stm32h750xx.o(.text)
    TIM1_TRG_COM_IRQHandler                  0x24040337   Thumb Code     0  startup_stm32h750xx.o(.text)
    TIM1_UP_IRQHandler                       0x24040337   Thumb Code     0  startup_stm32h750xx.o(.text)
    TIM2_IRQHandler                          0x24040337   Thumb Code     0  startup_stm32h750xx.o(.text)
    TIM3_IRQHandler                          0x24040337   Thumb Code     0  startup_stm32h750xx.o(.text)
    TIM4_IRQHandler                          0x24040337   Thumb Code     0  startup_stm32h750xx.o(.text)
    TIM5_IRQHandler                          0x24040337   Thumb Code     0  startup_stm32h750xx.o(.text)
    TIM7_IRQHandler                          0x24040337   Thumb Code     0  startup_stm32h750xx.o(.text)
    TIM8_BRK_TIM12_IRQHandler                0x24040337   Thumb Code     0  startup_stm32h750xx.o(.text)
    TIM8_CC_IRQHandler                       0x24040337   Thumb Code     0  startup_stm32h750xx.o(.text)
    TIM8_TRG_COM_TIM14_IRQHandler            0x24040337   Thumb Code     0  startup_stm32h750xx.o(.text)
    TIM8_UP_TIM13_IRQHandler                 0x24040337   Thumb Code     0  startup_stm32h750xx.o(.text)
    UART4_IRQHandler                         0x24040337   Thumb Code     0  startup_stm32h750xx.o(.text)
    UART5_IRQHandler                         0x24040337   Thumb Code     0  startup_stm32h750xx.o(.text)
    UART7_IRQHandler                         0x24040337   Thumb Code     0  startup_stm32h750xx.o(.text)
    UART8_IRQHandler                         0x24040337   Thumb Code     0  startup_stm32h750xx.o(.text)
    USART1_IRQHandler                        0x24040337   Thumb Code     0  startup_stm32h750xx.o(.text)
    USART2_IRQHandler                        0x24040337   Thumb Code     0  startup_stm32h750xx.o(.text)
    USART3_IRQHandler                        0x24040337   Thumb Code     0  startup_stm32h750xx.o(.text)
    USART6_IRQHandler                        0x24040337   Thumb Code     0  startup_stm32h750xx.o(.text)
    WAKEUP_PIN_IRQHandler                    0x24040337   Thumb Code     0  startup_stm32h750xx.o(.text)
    WWDG_IRQHandler                          0x24040337   Thumb Code     0  startup_stm32h750xx.o(.text)
    __user_initial_stackheap                 0x24040339   Thumb Code     0  startup_stm32h750xx.o(.text)
    __use_no_semihosting                     0x2404035d   Thumb Code     2  use_no_semi_2.o(.text)
    __aeabi_uldivmod                         0x2404035f   Thumb Code     0  lludivv7m.o(.text)
    _ll_udiv                                 0x2404035f   Thumb Code   240  lludivv7m.o(.text)
    puts                                     0x24040451   Thumb Code    40  puts.o(.text)
    __aeabi_memclr4                          0x2404047d   Thumb Code     0  rt_memclr_w.o(.text)
    __aeabi_memclr8                          0x2404047d   Thumb Code     0  rt_memclr_w.o(.text)
    __rt_memclr_w                            0x2404047d   Thumb Code     0  rt_memclr_w.o(.text)
    _memset_w                                0x24040481   Thumb Code    74  rt_memclr_w.o(.text)
    __use_two_region_memory                  0x240404cb   Thumb Code     2  heapauxi.o(.text)
    __rt_heap_escrow$2region                 0x240404cd   Thumb Code     2  heapauxi.o(.text)
    __rt_heap_expand$2region                 0x240404cf   Thumb Code     2  heapauxi.o(.text)
    __I$use$semihosting                      0x240404d1   Thumb Code     0  use_no_semi.o(.text)
    __use_no_semihosting_swi                 0x240404d1   Thumb Code     2  use_no_semi.o(.text)
    __user_setup_stackheap                   0x240404d3   Thumb Code    74  sys_stackheap_outer.o(.text)
    exit                                     0x2404051d   Thumb Code    18  exit.o(.text)
    __user_libspace                          0x24040531   Thumb Code     8  libspace.o(.text)
    __user_perproc_libspace                  0x24040531   Thumb Code     0  libspace.o(.text)
    __user_perthread_libspace                0x24040531   Thumb Code     0  libspace.o(.text)
    BusFault_Handler                         0x24040539   Thumb Code     2  stm32h7xx_it.o(.text.BusFault_Handler)
    DebugMon_Handler                         0x24040541   Thumb Code     2  stm32h7xx_it.o(.text.DebugMon_Handler)
    Error_Handler                            0x24040549   Thumb Code    10  main.o(.text.Error_Handler)
    HAL_Delay                                0x24040559   Thumb Code    40  stm32h7xx_hal.o(.text.HAL_Delay)
    HAL_GPIO_Init                            0x24040581   Thumb Code   416  stm32h7xx_hal_gpio.o(.text.HAL_GPIO_Init)
    HAL_GetREVID                             0x24040721   Thumb Code    14  stm32h7xx_hal.o(.text.HAL_GetREVID)
    HAL_GetTick                              0x24040731   Thumb Code    12  stm32h7xx_hal.o(.text.HAL_GetTick)
    HAL_IncTick                              0x24040741   Thumb Code    26  stm32h7xx_hal.o(.text.HAL_IncTick)
    HAL_Init                                 0x24040761   Thumb Code   100  stm32h7xx_hal.o(.text.HAL_Init)
    HAL_InitTick                             0x240407c9   Thumb Code    84  stm32h7xx_hal.o(.text.HAL_InitTick)
    HAL_MspInit                              0x24040821   Thumb Code    32  stm32h7xx_hal_msp.o(.text.HAL_MspInit)
    HAL_NVIC_EnableIRQ                       0x24040841   Thumb Code     8  stm32h7xx_hal_cortex.o(.text.HAL_NVIC_EnableIRQ)
    HAL_NVIC_SetPriority                     0x24040849   Thumb Code    30  stm32h7xx_hal_cortex.o(.text.HAL_NVIC_SetPriority)
    HAL_NVIC_SetPriorityGrouping             0x24040869   Thumb Code     8  stm32h7xx_hal_cortex.o(.text.HAL_NVIC_SetPriorityGrouping)
    HAL_PWREx_ConfigSupply                   0x24040871   Thumb Code    72  stm32h7xx_hal_pwr_ex.o(.text.HAL_PWREx_ConfigSupply)
    HAL_RCCEx_GetD3PCLK1Freq                 0x240408b9   Thumb Code    38  stm32h7xx_hal_rcc_ex.o(.text.HAL_RCCEx_GetD3PCLK1Freq)
    HAL_RCCEx_GetPLL2ClockFreq               0x240408e1   Thumb Code   292  stm32h7xx_hal_rcc_ex.o(.text.HAL_RCCEx_GetPLL2ClockFreq)
    HAL_RCCEx_GetPLL3ClockFreq               0x24040a09   Thumb Code   292  stm32h7xx_hal_rcc_ex.o(.text.HAL_RCCEx_GetPLL3ClockFreq)
    HAL_RCCEx_PeriphCLKConfig                0x24040b31   Thumb Code  2400  stm32h7xx_hal_rcc_ex.o(.text.HAL_RCCEx_PeriphCLKConfig)
    HAL_RCC_ClockConfig                      0x24041491   Thumb Code   596  stm32h7xx_hal_rcc.o(.text.HAL_RCC_ClockConfig)
    HAL_RCC_GetHCLKFreq                      0x240416e9   Thumb Code    76  stm32h7xx_hal_rcc.o(.text.HAL_RCC_GetHCLKFreq)
    HAL_RCC_GetPCLK1Freq                     0x24041739   Thumb Code    38  stm32h7xx_hal_rcc.o(.text.HAL_RCC_GetPCLK1Freq)
    HAL_RCC_GetPCLK2Freq                     0x24041761   Thumb Code    38  stm32h7xx_hal_rcc.o(.text.HAL_RCC_GetPCLK2Freq)
    HAL_RCC_GetSysClockFreq                  0x24041789   Thumb Code   264  stm32h7xx_hal_rcc.o(.text.HAL_RCC_GetSysClockFreq)
    HAL_RCC_OscConfig                        0x24041891   Thumb Code  1572  stm32h7xx_hal_rcc.o(.text.HAL_RCC_OscConfig)
    HAL_SYSTICK_Config                       0x24041eb9   Thumb Code     8  stm32h7xx_hal_cortex.o(.text.HAL_SYSTICK_Config)
    HAL_TIMEx_Break2Callback                 0x24041ec1   Thumb Code     2  stm32h7xx_hal_tim_ex.o(.text.HAL_TIMEx_Break2Callback)
    HAL_TIMEx_BreakCallback                  0x24041ec9   Thumb Code     2  stm32h7xx_hal_tim_ex.o(.text.HAL_TIMEx_BreakCallback)
    HAL_TIMEx_CommutCallback                 0x24041ed1   Thumb Code     2  stm32h7xx_hal_tim_ex.o(.text.HAL_TIMEx_CommutCallback)
    HAL_TIMEx_MasterConfigSynchronization    0x24041ed9   Thumb Code   204  stm32h7xx_hal_tim_ex.o(.text.HAL_TIMEx_MasterConfigSynchronization)
    HAL_TIM_Base_Init                        0x24041fa9   Thumb Code    96  stm32h7xx_hal_tim.o(.text.HAL_TIM_Base_Init)
    HAL_TIM_Base_MspInit                     0x24042009   Thumb Code    68  tim.o(.text.HAL_TIM_Base_MspInit)
    HAL_TIM_Base_Start_IT                    0x24042051   Thumb Code   178  stm32h7xx_hal_tim.o(.text.HAL_TIM_Base_Start_IT)
    HAL_TIM_IC_CaptureCallback               0x24042109   Thumb Code     2  stm32h7xx_hal_tim.o(.text.HAL_TIM_IC_CaptureCallback)
    HAL_TIM_IRQHandler                       0x24042111   Thumb Code   392  stm32h7xx_hal_tim.o(.text.HAL_TIM_IRQHandler)
    HAL_TIM_OC_DelayElapsedCallback          0x24042299   Thumb Code     2  stm32h7xx_hal_tim.o(.text.HAL_TIM_OC_DelayElapsedCallback)
    HAL_TIM_PWM_PulseFinishedCallback        0x240422a1   Thumb Code     2  stm32h7xx_hal_tim.o(.text.HAL_TIM_PWM_PulseFinishedCallback)
    HAL_TIM_PeriodElapsedCallback            0x240422a9   Thumb Code    56  public.o(.text.HAL_TIM_PeriodElapsedCallback)
    HAL_TIM_TriggerCallback                  0x240422e9   Thumb Code     2  stm32h7xx_hal_tim.o(.text.HAL_TIM_TriggerCallback)
    HAL_UARTEx_DisableFifoMode               0x240422f1   Thumb Code    54  stm32h7xx_hal_uart_ex.o(.text.HAL_UARTEx_DisableFifoMode)
    HAL_UARTEx_SetRxFifoThreshold            0x24042329   Thumb Code    74  stm32h7xx_hal_uart_ex.o(.text.HAL_UARTEx_SetRxFifoThreshold)
    HAL_UARTEx_SetTxFifoThreshold            0x24042379   Thumb Code    74  stm32h7xx_hal_uart_ex.o(.text.HAL_UARTEx_SetTxFifoThreshold)
    HAL_UART_Init                            0x240423c9   Thumb Code    98  stm32h7xx_hal_uart.o(.text.HAL_UART_Init)
    HAL_UART_MspInit                         0x24042431   Thumb Code   142  usart.o(.text.HAL_UART_MspInit)
    HAL_UART_Transmit                        0x240424c1   Thumb Code   218  stm32h7xx_hal_uart.o(.text.HAL_UART_Transmit)
    HardFault_Handler                        0x240425a1   Thumb Code     2  stm32h7xx_it.o(.text.HardFault_Handler)
    MX_GPIO_Init                             0x240425a9   Thumb Code    32  gpio.o(.text.MX_GPIO_Init)
    MX_TIM6_Init                             0x240425c9   Thumb Code    82  tim.o(.text.MX_TIM6_Init)
    MX_USART1_UART_Init                      0x24042621   Thumb Code   126  usart.o(.text.MX_USART1_UART_Init)
    MemManage_Handler                        0x240426a1   Thumb Code     2  stm32h7xx_it.o(.text.MemManage_Handler)
    NMI_Handler                              0x240426a9   Thumb Code     2  stm32h7xx_it.o(.text.NMI_Handler)
    PendSV_Handler                           0x240426e1   Thumb Code     2  stm32h7xx_it.o(.text.PendSV_Handler)
    SVC_Handler                              0x24042929   Thumb Code     2  stm32h7xx_it.o(.text.SVC_Handler)
    SysTick_Handler                          0x24042961   Thumb Code     8  stm32h7xx_it.o(.text.SysTick_Handler)
    SystemClock_Config                       0x24042969   Thumb Code   262  main.o(.text.SystemClock_Config)
    SystemInit                               0x24042a71   Thumb Code   204  system_stm32h7xx.o(.text.SystemInit)
    TIM6_DAC_IRQHandler                      0x24042b41   Thumb Code    16  stm32h7xx_it.o(.text.TIM6_DAC_IRQHandler)
    TIM_Base_SetConfig                       0x24042b51   Thumb Code   314  stm32h7xx_hal_tim.o(.text.TIM_Base_SetConfig)
    UART_AdvFeatureConfig                    0x24042ce9   Thumb Code   224  stm32h7xx_hal_uart.o(.text.UART_AdvFeatureConfig)
    UART_CheckIdleState                      0x24042dc9   Thumb Code   106  stm32h7xx_hal_uart.o(.text.UART_CheckIdleState)
    UART_SetConfig                           0x24042e39   Thumb Code  1410  stm32h7xx_hal_uart.o(.text.UART_SetConfig)
    UART_WaitOnFlagUntilTimeout              0x240433c1   Thumb Code   236  stm32h7xx_hal_uart.o(.text.UART_WaitOnFlagUntilTimeout)
    UsageFault_Handler                       0x240434b1   Thumb Code     2  stm32h7xx_it.o(.text.UsageFault_Handler)
    _sys_exit                                0x24043531   Thumb Code     2  public.o(.text._sys_exit)
    fputc                                    0x24043539   Thumb Code    30  public.o(.text.fputc)
    main                                     0x24043559   Thumb Code    26  main.o(.text.main)
    run                                      0x24043579   Thumb Code    32  public.o(.text.run)
    _fp_init                                 0x2404359d   Thumb Code    26  fpinit.o(x$fpl$fpinit)
    __fplib_config_fpu_vfp                   0x240435b5   Thumb Code     0  fpinit.o(x$fpl$fpinit)
    __fplib_config_pureend_doubles           0x240435b5   Thumb Code     0  fpinit.o(x$fpl$fpinit)
    D1CorePrescTable                         0x240435b6   Data          16  system_stm32h7xx.o(.rodata.D1CorePrescTable)
    UARTPrescTable                           0x240435c6   Data          24  stm32h7xx_hal_uart.o(.rodata.UARTPrescTable)
    Region$$Table$$Base                      0x240435f0   Number         0  anon$$obj.o(Region$$Table)
    Region$$Table$$Limit                     0x24043600   Number         0  anon$$obj.o(Region$$Table)
    SystemCoreClock                          0x24043600   Data           4  system_stm32h7xx.o(.data.SystemCoreClock)
    SystemD2Clock                            0x24043604   Data           4  system_stm32h7xx.o(.data.SystemD2Clock)
    uwTickFreq                               0x24043608   Data           1  stm32h7xx_hal.o(.data.uwTickFreq)
    uwTickPrio                               0x2404360c   Data           4  stm32h7xx_hal.o(.data.uwTickPrio)
    __libspace_start                         0x24043610   Data          96  libspace.o(.bss)
    __stdout                                 0x24043670   Data          84  public.o(.bss.__stdout)
    __temporary_stack_top$libspace           0x24043670   Data           0  libspace.o(.bss)
    cont1                                    0x240436c4   Data           2  public.o(.bss.cont1)
    htim6                                    0x240436c8   Data          76  tim.o(.bss.htim6)
    huart1                                   0x24043714   Data         144  usart.o(.bss.huart1)
    uwTick                                   0x240437a4   Data           4  stm32h7xx_hal.o(.bss.uwTick)



==============================================================================

Memory Map of the image

  Image Entry point : 0x24040299

  Load Region LR_IROM1 (Base: 0x24040000, Size: 0x00003610, Max: 0x00040000, ABSOLUTE)

    Execution Region RW_IRAM1 (Exec base: 0x20000000, Load base: 0x24043610, Size: 0x00000000, Max: 0x00020000, ABSOLUTE)

    **** No section assigned to this execution region ****


    Execution Region ER_IROM1 (Exec base: 0x24040000, Load base: 0x24040000, Size: 0x00003da8, Max: 0x00040000, ABSOLUTE)

    Exec Addr    Load Addr    Size         Type   Attr      Idx    E Section Name        Object

    0x24040000   0x24040000   0x00000298   Data   RO           23    RESET               startup_stm32h750xx.o
    0x24040298   0x24040298   0x00000008   Code   RO         1578  * !!!main             c_w.l(__main.o)
    0x240402a0   0x240402a0   0x00000034   Code   RO         1743    !!!scatter          c_w.l(__scatter.o)
    0x240402d4   0x240402d4   0x0000001c   Code   RO         1745    !!handler_zi        c_w.l(__scatter_zi.o)
    0x240402f0   0x240402f0   0x00000002   Code   RO         1617    .ARM.Collect$$libinit$$00000000  c_w.l(libinit.o)
    0x240402f2   0x240402f2   0x00000004   Code   RO         1629    .ARM.Collect$$libinit$$00000001  c_w.l(libinit2.o)
    0x240402f6   0x240402f6   0x00000000   Code   RO         1632    .ARM.Collect$$libinit$$00000004  c_w.l(libinit2.o)
    0x240402f6   0x240402f6   0x00000000   Code   RO         1635    .ARM.Collect$$libinit$$0000000A  c_w.l(libinit2.o)
    0x240402f6   0x240402f6   0x00000000   Code   RO         1637    .ARM.Collect$$libinit$$0000000C  c_w.l(libinit2.o)
    0x240402f6   0x240402f6   0x00000000   Code   RO         1639    .ARM.Collect$$libinit$$0000000E  c_w.l(libinit2.o)
    0x240402f6   0x240402f6   0x00000000   Code   RO         1642    .ARM.Collect$$libinit$$00000011  c_w.l(libinit2.o)
    0x240402f6   0x240402f6   0x00000000   Code   RO         1644    .ARM.Collect$$libinit$$00000013  c_w.l(libinit2.o)
    0x240402f6   0x240402f6   0x00000000   Code   RO         1646    .ARM.Collect$$libinit$$00000015  c_w.l(libinit2.o)
    0x240402f6   0x240402f6   0x00000000   Code   RO         1648    .ARM.Collect$$libinit$$00000017  c_w.l(libinit2.o)
    0x240402f6   0x240402f6   0x00000000   Code   RO         1650    .ARM.Collect$$libinit$$00000019  c_w.l(libinit2.o)
    0x240402f6   0x240402f6   0x00000000   Code   RO         1652    .ARM.Collect$$libinit$$0000001B  c_w.l(libinit2.o)
    0x240402f6   0x240402f6   0x00000000   Code   RO         1654    .ARM.Collect$$libinit$$0000001D  c_w.l(libinit2.o)
    0x240402f6   0x240402f6   0x00000000   Code   RO         1656    .ARM.Collect$$libinit$$0000001F  c_w.l(libinit2.o)
    0x240402f6   0x240402f6   0x00000000   Code   RO         1658    .ARM.Collect$$libinit$$00000021  c_w.l(libinit2.o)
    0x240402f6   0x240402f6   0x00000000   Code   RO         1660    .ARM.Collect$$libinit$$00000023  c_w.l(libinit2.o)
    0x240402f6   0x240402f6   0x00000000   Code   RO         1662    .ARM.Collect$$libinit$$00000025  c_w.l(libinit2.o)
    0x240402f6   0x240402f6   0x00000000   Code   RO         1666    .ARM.Collect$$libinit$$0000002C  c_w.l(libinit2.o)
    0x240402f6   0x240402f6   0x00000000   Code   RO         1668    .ARM.Collect$$libinit$$0000002E  c_w.l(libinit2.o)
    0x240402f6   0x240402f6   0x00000000   Code   RO         1670    .ARM.Collect$$libinit$$00000030  c_w.l(libinit2.o)
    0x240402f6   0x240402f6   0x00000000   Code   RO         1672    .ARM.Collect$$libinit$$00000032  c_w.l(libinit2.o)
    0x240402f6   0x240402f6   0x00000002   Code   RO         1673    .ARM.Collect$$libinit$$00000033  c_w.l(libinit2.o)
    0x240402f8   0x240402f8   0x00000002   Code   RO         1697    .ARM.Collect$$libshutdown$$00000000  c_w.l(libshutdown.o)
    0x240402fa   0x240402fa   0x00000000   Code   RO         1725    .ARM.Collect$$libshutdown$$00000002  c_w.l(libshutdown2.o)
    0x240402fa   0x240402fa   0x00000000   Code   RO         1727    .ARM.Collect$$libshutdown$$00000004  c_w.l(libshutdown2.o)
    0x240402fa   0x240402fa   0x00000000   Code   RO         1730    .ARM.Collect$$libshutdown$$00000007  c_w.l(libshutdown2.o)
    0x240402fa   0x240402fa   0x00000000   Code   RO         1733    .ARM.Collect$$libshutdown$$0000000A  c_w.l(libshutdown2.o)
    0x240402fa   0x240402fa   0x00000000   Code   RO         1735    .ARM.Collect$$libshutdown$$0000000C  c_w.l(libshutdown2.o)
    0x240402fa   0x240402fa   0x00000000   Code   RO         1738    .ARM.Collect$$libshutdown$$0000000F  c_w.l(libshutdown2.o)
    0x240402fa   0x240402fa   0x00000002   Code   RO         1739    .ARM.Collect$$libshutdown$$00000010  c_w.l(libshutdown2.o)
    0x240402fc   0x240402fc   0x00000000   Code   RO         1582    .ARM.Collect$$rtentry$$00000000  c_w.l(__rtentry.o)
    0x240402fc   0x240402fc   0x00000000   Code   RO         1588    .ARM.Collect$$rtentry$$00000002  c_w.l(__rtentry2.o)
    0x240402fc   0x240402fc   0x00000006   Code   RO         1600    .ARM.Collect$$rtentry$$00000004  c_w.l(__rtentry4.o)
    0x24040302   0x24040302   0x00000000   Code   RO         1590    .ARM.Collect$$rtentry$$00000009  c_w.l(__rtentry2.o)
    0x24040302   0x24040302   0x00000004   Code   RO         1591    .ARM.Collect$$rtentry$$0000000A  c_w.l(__rtentry2.o)
    0x24040306   0x24040306   0x00000000   Code   RO         1593    .ARM.Collect$$rtentry$$0000000C  c_w.l(__rtentry2.o)
    0x24040306   0x24040306   0x00000008   Code   RO         1594    .ARM.Collect$$rtentry$$0000000D  c_w.l(__rtentry2.o)
    0x2404030e   0x2404030e   0x00000002   Code   RO         1621    .ARM.Collect$$rtexit$$00000000  c_w.l(rtexit.o)
    0x24040310   0x24040310   0x00000000   Code   RO         1675    .ARM.Collect$$rtexit$$00000002  c_w.l(rtexit2.o)
    0x24040310   0x24040310   0x00000004   Code   RO         1676    .ARM.Collect$$rtexit$$00000003  c_w.l(rtexit2.o)
    0x24040314   0x24040314   0x00000006   Code   RO         1677    .ARM.Collect$$rtexit$$00000004  c_w.l(rtexit2.o)
    0x2404031a   0x2404031a   0x00000002   PAD
    0x2404031c   0x2404031c   0x00000040   Code   RO           24    .text               startup_stm32h750xx.o
    0x2404035c   0x2404035c   0x00000002   Code   RO         1568    .text               c_w.l(use_no_semi_2.o)
    0x2404035e   0x2404035e   0x000000f0   Code   RO         1570    .text               c_w.l(lludivv7m.o)
    0x2404044e   0x2404044e   0x00000002   PAD
    0x24040450   0x24040450   0x0000002c   Code   RO         1572    .text               c_w.l(puts.o)
    0x2404047c   0x2404047c   0x0000004e   Code   RO         1574    .text               c_w.l(rt_memclr_w.o)
    0x240404ca   0x240404ca   0x00000006   Code   RO         1576    .text               c_w.l(heapauxi.o)
    0x240404d0   0x240404d0   0x00000002   Code   RO         1580    .text               c_w.l(use_no_semi.o)
    0x240404d2   0x240404d2   0x0000004a   Code   RO         1604    .text               c_w.l(sys_stackheap_outer.o)
    0x2404051c   0x2404051c   0x00000012   Code   RO         1606    .text               c_w.l(exit.o)
    0x2404052e   0x2404052e   0x00000002   PAD
    0x24040530   0x24040530   0x00000008   Code   RO         1618    .text               c_w.l(libspace.o)
    0x24040538   0x24040538   0x00000002   Code   RO           89    .text.BusFault_Handler  stm32h7xx_it.o
    0x2404053a   0x2404053a   0x00000006   PAD
    0x24040540   0x24040540   0x00000002   Code   RO           95    .text.DebugMon_Handler  stm32h7xx_it.o
    0x24040542   0x24040542   0x00000006   PAD
    0x24040548   0x24040548   0x0000000a   Code   RO           35    .text.Error_Handler  main.o
    0x24040552   0x24040552   0x00000006   PAD
    0x24040558   0x24040558   0x00000028   Code   RO          711    .text.HAL_Delay     stm32h7xx_hal.o
    0x24040580   0x24040580   0x000001a0   Code   RO          389    .text.HAL_GPIO_Init  stm32h7xx_hal_gpio.o
    0x24040720   0x24040720   0x0000000e   Code   RO          719    .text.HAL_GetREVID  stm32h7xx_hal.o
    0x2404072e   0x2404072e   0x00000002   PAD
    0x24040730   0x24040730   0x0000000c   Code   RO          703    .text.HAL_GetTick   stm32h7xx_hal.o
    0x2404073c   0x2404073c   0x00000004   PAD
    0x24040740   0x24040740   0x0000001a   Code   RO          701    .text.HAL_IncTick   stm32h7xx_hal.o
    0x2404075a   0x2404075a   0x00000006   PAD
    0x24040760   0x24040760   0x00000064   Code   RO          691    .text.HAL_Init      stm32h7xx_hal.o
    0x240407c4   0x240407c4   0x00000004   PAD
    0x240407c8   0x240407c8   0x00000054   Code   RO          693    .text.HAL_InitTick  stm32h7xx_hal.o
    0x2404081c   0x2404081c   0x00000004   PAD
    0x24040820   0x24040820   0x00000020   Code   RO          110    .text.HAL_MspInit   stm32h7xx_hal_msp.o
    0x24040840   0x24040840   0x00000008   Code   RO          130    .text.HAL_NVIC_EnableIRQ  stm32h7xx_hal_cortex.o
    0x24040848   0x24040848   0x0000001e   Code   RO          122    .text.HAL_NVIC_SetPriority  stm32h7xx_hal_cortex.o
    0x24040866   0x24040866   0x00000002   PAD
    0x24040868   0x24040868   0x00000008   Code   RO          118    .text.HAL_NVIC_SetPriorityGrouping  stm32h7xx_hal_cortex.o
    0x24040870   0x24040870   0x00000048   Code   RO          603    .text.HAL_PWREx_ConfigSupply  stm32h7xx_hal_pwr_ex.o
    0x240408b8   0x240408b8   0x00000026   Code   RO          244    .text.HAL_RCCEx_GetD3PCLK1Freq  stm32h7xx_hal_rcc_ex.o
    0x240408de   0x240408de   0x00000002   PAD
    0x240408e0   0x240408e0   0x00000124   Code   RO          240    .text.HAL_RCCEx_GetPLL2ClockFreq  stm32h7xx_hal_rcc_ex.o
    0x24040a04   0x24040a04   0x00000004   PAD
    0x24040a08   0x24040a08   0x00000124   Code   RO          242    .text.HAL_RCCEx_GetPLL3ClockFreq  stm32h7xx_hal_rcc_ex.o
    0x24040b2c   0x24040b2c   0x00000004   PAD
    0x24040b30   0x24040b30   0x00000960   Code   RO          228    .text.HAL_RCCEx_PeriphCLKConfig  stm32h7xx_hal_rcc_ex.o
    0x24041490   0x24041490   0x00000254   Code   RO          196    .text.HAL_RCC_ClockConfig  stm32h7xx_hal_rcc.o
    0x240416e4   0x240416e4   0x00000004   PAD
    0x240416e8   0x240416e8   0x0000004c   Code   RO          206    .text.HAL_RCC_GetHCLKFreq  stm32h7xx_hal_rcc.o
    0x24041734   0x24041734   0x00000004   PAD
    0x24041738   0x24041738   0x00000026   Code   RO          208    .text.HAL_RCC_GetPCLK1Freq  stm32h7xx_hal_rcc.o
    0x2404175e   0x2404175e   0x00000002   PAD
    0x24041760   0x24041760   0x00000026   Code   RO          210    .text.HAL_RCC_GetPCLK2Freq  stm32h7xx_hal_rcc.o
    0x24041786   0x24041786   0x00000002   PAD
    0x24041788   0x24041788   0x00000108   Code   RO          198    .text.HAL_RCC_GetSysClockFreq  stm32h7xx_hal_rcc.o
    0x24041890   0x24041890   0x00000624   Code   RO          194    .text.HAL_RCC_OscConfig  stm32h7xx_hal_rcc.o
    0x24041eb4   0x24041eb4   0x00000004   PAD
    0x24041eb8   0x24041eb8   0x00000008   Code   RO          142    .text.HAL_SYSTICK_Config  stm32h7xx_hal_cortex.o
    0x24041ec0   0x24041ec0   0x00000002   Code   RO         1346    .text.HAL_TIMEx_Break2Callback  stm32h7xx_hal_tim_ex.o
    0x24041ec2   0x24041ec2   0x00000006   PAD
    0x24041ec8   0x24041ec8   0x00000002   Code   RO         1344    .text.HAL_TIMEx_BreakCallback  stm32h7xx_hal_tim_ex.o
    0x24041eca   0x24041eca   0x00000006   PAD
    0x24041ed0   0x24041ed0   0x00000002   Code   RO         1340    .text.HAL_TIMEx_CommutCallback  stm32h7xx_hal_tim_ex.o
    0x24041ed2   0x24041ed2   0x00000006   PAD
    0x24041ed8   0x24041ed8   0x000000cc   Code   RO         1328    .text.HAL_TIMEx_MasterConfigSynchronization  stm32h7xx_hal_tim_ex.o
    0x24041fa4   0x24041fa4   0x00000004   PAD
    0x24041fa8   0x24041fa8   0x00000060   Code   RO         1010    .text.HAL_TIM_Base_Init  stm32h7xx_hal_tim.o
    0x24042008   0x24042008   0x00000044   Code   RO           55    .text.HAL_TIM_Base_MspInit  tim.o
    0x2404204c   0x2404204c   0x00000004   PAD
    0x24042050   0x24042050   0x000000b2   Code   RO         1024    .text.HAL_TIM_Base_Start_IT  stm32h7xx_hal_tim.o
    0x24042102   0x24042102   0x00000006   PAD
    0x24042108   0x24042108   0x00000002   Code   RO         1146    .text.HAL_TIM_IC_CaptureCallback  stm32h7xx_hal_tim.o
    0x2404210a   0x2404210a   0x00000006   PAD
    0x24042110   0x24042110   0x00000188   Code   RO         1144    .text.HAL_TIM_IRQHandler  stm32h7xx_hal_tim.o
    0x24042298   0x24042298   0x00000002   Code   RO         1148    .text.HAL_TIM_OC_DelayElapsedCallback  stm32h7xx_hal_tim.o
    0x2404229a   0x2404229a   0x00000006   PAD
    0x240422a0   0x240422a0   0x00000002   Code   RO         1150    .text.HAL_TIM_PWM_PulseFinishedCallback  stm32h7xx_hal_tim.o
    0x240422a2   0x240422a2   0x00000006   PAD
    0x240422a8   0x240422a8   0x00000040   Code   RO           10    .text.HAL_TIM_PeriodElapsedCallback  public.o
    0x240422e8   0x240422e8   0x00000002   Code   RO         1154    .text.HAL_TIM_TriggerCallback  stm32h7xx_hal_tim.o
    0x240422ea   0x240422ea   0x00000006   PAD
    0x240422f0   0x240422f0   0x00000036   Code   RO         1531    .text.HAL_UARTEx_DisableFifoMode  stm32h7xx_hal_uart_ex.o
    0x24042326   0x24042326   0x00000002   PAD
    0x24042328   0x24042328   0x0000004a   Code   RO         1535    .text.HAL_UARTEx_SetRxFifoThreshold  stm32h7xx_hal_uart_ex.o
    0x24042372   0x24042372   0x00000006   PAD
    0x24042378   0x24042378   0x0000004a   Code   RO         1533    .text.HAL_UARTEx_SetTxFifoThreshold  stm32h7xx_hal_uart_ex.o
    0x240423c2   0x240423c2   0x00000006   PAD
    0x240423c8   0x240423c8   0x00000062   Code   RO         1360    .text.HAL_UART_Init  stm32h7xx_hal_uart.o
    0x2404242a   0x2404242a   0x00000006   PAD
    0x24042430   0x24042430   0x0000008e   Code   RO           70    .text.HAL_UART_MspInit  usart.o
    0x240424be   0x240424be   0x00000002   PAD
    0x240424c0   0x240424c0   0x000000da   Code   RO         1380    .text.HAL_UART_Transmit  stm32h7xx_hal_uart.o
    0x2404259a   0x2404259a   0x00000006   PAD
    0x240425a0   0x240425a0   0x00000002   Code   RO           85    .text.HardFault_Handler  stm32h7xx_it.o
    0x240425a2   0x240425a2   0x00000006   PAD
    0x240425a8   0x240425a8   0x00000020   Code   RO           45    .text.MX_GPIO_Init  gpio.o
    0x240425c8   0x240425c8   0x00000052   Code   RO           53    .text.MX_TIM6_Init  tim.o
    0x2404261a   0x2404261a   0x00000006   PAD
    0x24042620   0x24042620   0x0000007e   Code   RO           68    .text.MX_USART1_UART_Init  usart.o
    0x2404269e   0x2404269e   0x00000002   PAD
    0x240426a0   0x240426a0   0x00000002   Code   RO           87    .text.MemManage_Handler  stm32h7xx_it.o
    0x240426a2   0x240426a2   0x00000006   PAD
    0x240426a8   0x240426a8   0x00000002   Code   RO           83    .text.NMI_Handler   stm32h7xx_it.o
    0x240426aa   0x240426aa   0x00000006   PAD
    0x240426b0   0x240426b0   0x0000002e   Code   RO          128    .text.NVIC_EncodePriority  stm32h7xx_hal_cortex.o
    0x240426de   0x240426de   0x00000002   PAD
    0x240426e0   0x240426e0   0x00000002   Code   RO           97    .text.PendSV_Handler  stm32h7xx_it.o
    0x240426e2   0x240426e2   0x00000006   PAD
    0x240426e8   0x240426e8   0x0000011e   Code   RO          230    .text.RCCEx_PLL2_Config  stm32h7xx_hal_rcc_ex.o
    0x24042806   0x24042806   0x00000002   PAD
    0x24042808   0x24042808   0x0000011e   Code   RO          232    .text.RCCEx_PLL3_Config  stm32h7xx_hal_rcc_ex.o
    0x24042926   0x24042926   0x00000002   PAD
    0x24042928   0x24042928   0x00000002   Code   RO           93    .text.SVC_Handler   stm32h7xx_it.o
    0x2404292a   0x2404292a   0x00000006   PAD
    0x24042930   0x24042930   0x0000002e   Code   RO          144    .text.SysTick_Config  stm32h7xx_hal_cortex.o
    0x2404295e   0x2404295e   0x00000002   PAD
    0x24042960   0x24042960   0x00000008   Code   RO           99    .text.SysTick_Handler  stm32h7xx_it.o
    0x24042968   0x24042968   0x00000106   Code   RO           33    .text.SystemClock_Config  main.o
    0x24042a6e   0x24042a6e   0x00000002   PAD
    0x24042a70   0x24042a70   0x000000cc   Code   RO         1552    .text.SystemInit    system_stm32h7xx.o
    0x24042b3c   0x24042b3c   0x00000004   PAD
    0x24042b40   0x24042b40   0x00000010   Code   RO          101    .text.TIM6_DAC_IRQHandler  stm32h7xx_it.o
    0x24042b50   0x24042b50   0x0000013a   Code   RO         1014    .text.TIM_Base_SetConfig  stm32h7xx_hal_tim.o
    0x24042c8a   0x24042c8a   0x00000006   PAD
    0x24042c90   0x24042c90   0x00000054   Code   RO         1529    .text.UARTEx_SetNbDataToProcess  stm32h7xx_hal_uart_ex.o
    0x24042ce4   0x24042ce4   0x00000004   PAD
    0x24042ce8   0x24042ce8   0x000000e0   Code   RO         1366    .text.UART_AdvFeatureConfig  stm32h7xx_hal_uart.o
    0x24042dc8   0x24042dc8   0x0000006a   Code   RO         1368    .text.UART_CheckIdleState  stm32h7xx_hal_uart.o
    0x24042e32   0x24042e32   0x00000006   PAD
    0x24042e38   0x24042e38   0x00000582   Code   RO         1364    .text.UART_SetConfig  stm32h7xx_hal_uart.o
    0x240433ba   0x240433ba   0x00000006   PAD
    0x240433c0   0x240433c0   0x000000ec   Code   RO         1382    .text.UART_WaitOnFlagUntilTimeout  stm32h7xx_hal_uart.o
    0x240434ac   0x240434ac   0x00000004   PAD
    0x240434b0   0x240434b0   0x00000002   Code   RO           91    .text.UsageFault_Handler  stm32h7xx_it.o
    0x240434b2   0x240434b2   0x00000006   PAD
    0x240434b8   0x240434b8   0x00000020   Code   RO          132    .text.__NVIC_EnableIRQ  stm32h7xx_hal_cortex.o
    0x240434d8   0x240434d8   0x00000010   Code   RO          124    .text.__NVIC_GetPriorityGrouping  stm32h7xx_hal_cortex.o
    0x240434e8   0x240434e8   0x00000022   Code   RO          126    .text.__NVIC_SetPriority  stm32h7xx_hal_cortex.o
    0x2404350a   0x2404350a   0x00000006   PAD
    0x24043510   0x24043510   0x00000020   Code   RO          120    .text.__NVIC_SetPriorityGrouping  stm32h7xx_hal_cortex.o
    0x24043530   0x24043530   0x00000002   Code   RO            2    .text._sys_exit     public.o
    0x24043532   0x24043532   0x00000006   PAD
    0x24043538   0x24043538   0x0000001e   Code   RO            6    .text.fputc         public.o
    0x24043556   0x24043556   0x00000002   PAD
    0x24043558   0x24043558   0x0000001a   Code   RO           31    .text.main          main.o
    0x24043572   0x24043572   0x00000006   PAD
    0x24043578   0x24043578   0x00000024   Code   RO            8    .text.run           public.o
    0x2404359c   0x2404359c   0x0000001a   Code   RO         1687    x$fpl$fpinit        fz_wv.l(fpinit.o)
    0x240435b6   0x240435b6   0x00000010   Data   RO         1558    .rodata.D1CorePrescTable  system_stm32h7xx.o
    0x240435c6   0x240435c6   0x00000018   Data   RO         1500    .rodata.UARTPrescTable  stm32h7xx_hal_uart.o
    0x240435de   0x240435de   0x00000010   Data   RO         1543    .rodata.cst8        stm32h7xx_hal_uart_ex.o
    0x240435ee   0x240435ee   0x00000002   PAD
    0x240435f0   0x240435f0   0x00000010   Data   RO         1742    Region$$Table       anon$$obj.o
    0x24043600   0x24043600   0x00000004   Data   RW         1556    .data.SystemCoreClock  system_stm32h7xx.o
    0x24043604   0x24043604   0x00000004   Data   RW         1557    .data.SystemD2Clock  system_stm32h7xx.o
    0x24043608   0x24043608   0x00000001   Data   RW          788    .data.uwTickFreq    stm32h7xx_hal.o
    0x24043609   0x24043609   0x00000003   PAD
    0x2404360c   0x2404360c   0x00000004   Data   RW          787    .data.uwTickPrio    stm32h7xx_hal.o
    0x24043610        -       0x00000060   Zero   RW         1619    .bss                c_w.l(libspace.o)
    0x24043670        -       0x00000054   Zero   RW           13    .bss.__stdout       public.o
    0x240436c4        -       0x00000002   Zero   RW           12    .bss.cont1          public.o
    0x240436c6   0x24043610   0x00000002   PAD
    0x240436c8        -       0x0000004c   Zero   RW           59    .bss.htim6          tim.o
    0x24043714        -       0x00000090   Zero   RW           74    .bss.huart1         usart.o
    0x240437a4        -       0x00000004   Zero   RW          789    .bss.uwTick         stm32h7xx_hal.o
    0x240437a8        -       0x00000200   Zero   RW           22    HEAP                startup_stm32h750xx.o
    0x240439a8        -       0x00000400   Zero   RW           21    STACK               startup_stm32h750xx.o


==============================================================================

Image component sizes


      Code (inc. data)   RO Data    RW Data    ZI Data      Debug   Object Name

        32          0          0          0          0       2192   gpio.o
       298          0          0          0          0       4498   main.o
       132         12          0          0         86       5143   public.o
        64         26        664          0       1536        836   startup_stm32h750xx.o
       276          0          0          5          4      15033   stm32h7xx_hal.o
       260          0          0          0          0      12701   stm32h7xx_hal_cortex.o
       416          0          0          0          0       6944   stm32h7xx_hal_gpio.o
        32          0          0          0          0       2217   stm32h7xx_hal_msp.o
        72          0          0          0          0      10624   stm32h7xx_hal_pwr_ex.o
      2584         16          0          0          0      11361   stm32h7xx_hal_rcc.o
      3594        122          0          0          0      16956   stm32h7xx_hal_rcc_ex.o
       988          0          0          0          0      50731   stm32h7xx_hal_tim.o
       210          0          0          0          0      22286   stm32h7xx_hal_tim_ex.o
      2292        382         24          0          0      35508   stm32h7xx_hal_uart.o
       286          0         16          0          0      10246   stm32h7xx_hal_uart_ex.o
        40          0          0          0          0       1116   stm32h7xx_it.o
       204          0         16          8          0       5892   system_stm32h7xx.o
       150          0          0          0         76       9466   tim.o
       268          0          0          0        144       7968   usart.o

    ----------------------------------------------------------------------
     12452        566        738         16       1848     231718   Object Totals
         0          0         16          0          0          0   (incl. Generated)
       254          8          2          3          2          0   (incl. Padding)

    ----------------------------------------------------------------------

      Code (inc. data)   RO Data    RW Data    ZI Data      Debug   Library Member Name

         8          0          0          0          0         68   __main.o
         0          0          0          0          0          0   __rtentry.o
        12          0          0          0          0          0   __rtentry2.o
         6          0          0          0          0          0   __rtentry4.o
        52          8          0          0          0          0   __scatter.o
        28          0          0          0          0          0   __scatter_zi.o
        18          0          0          0          0         80   exit.o
         6          0          0          0          0        152   heapauxi.o
         2          0          0          0          0          0   libinit.o
         6          0          0          0          0          0   libinit2.o
         2          0          0          0          0          0   libshutdown.o
         2          0          0          0          0          0   libshutdown2.o
         8          4          0          0         96         68   libspace.o
       240          0          0          0          0        100   lludivv7m.o
        44          4          0          0          0         84   puts.o
        78          0          0          0          0         80   rt_memclr_w.o
         2          0          0          0          0          0   rtexit.o
        10          0          0          0          0          0   rtexit2.o
        74          0          0          0          0         80   sys_stackheap_outer.o
         2          0          0          0          0         68   use_no_semi.o
         2          0          0          0          0         68   use_no_semi_2.o
        26          0          0          0          0        116   fpinit.o

    ----------------------------------------------------------------------
       634         16          0          0         96        964   Library Totals
         6          0          0          0          0          0   (incl. Padding)

    ----------------------------------------------------------------------

      Code (inc. data)   RO Data    RW Data    ZI Data      Debug   Library Name

       602         16          0          0         96        848   c_w.l
        26          0          0          0          0        116   fz_wv.l

    ----------------------------------------------------------------------
       634         16          0          0         96        964   Library Totals

    ----------------------------------------------------------------------

==============================================================================


      Code (inc. data)   RO Data    RW Data    ZI Data      Debug   

     13086        582        738         16       1944     232030   Grand Totals
     13086        582        738         16       1944     232030   ELF Image Totals
     13086        582        738         16          0          0   ROM Totals

==============================================================================

    Total RO  Size (Code + RO Data)                13824 (  13.50kB)
    Total RW  Size (RW Data + ZI Data)              1960 (   1.91kB)
    Total ROM Size (Code + RO Data + RW Data)      13840 (  13.52kB)

==============================================================================

