Component: ARM Compiler 5.06 update 7 (build 960) Tool: armlink [4d3601]

==============================================================================

Section Cross References

    public.o(i.HAL_UART_RxCpltCallback) refers to my_structure.o(i.queue_insert) for queue_insert
    public.o(i.HAL_UART_RxCpltCallback) refers to stm32h7xx_hal_uart.o(i.HAL_UART_Receive_IT) for HAL_UART_Receive_IT
    public.o(i.HAL_UART_RxCpltCallback) refers to public.o(.data) for .data
    public.o(i.HAL_UART_RxCpltCallback) refers to communications.o(.bss) for com_usart1
    public.o(i.HAL_UART_RxCpltCallback) refers to usart.o(.bss) for huart1
    public.o(i.fputc) refers to stm32h7xx_hal_uart.o(i.HAL_UART_Transmit) for HAL_UART_Transmit
    public.o(i.fputc) refers to usart.o(.bss) for huart1
    public.o(i.qspiFlashTest) refers to memcpya.o(.text) for __aeabi_memcpy4
    public.o(i.qspiFlashTest) refers to qspi_norflash.o(i.BSP_QSPI_Init) for BSP_QSPI_Init
    public.o(i.qspiFlashTest) refers to qspi_norflash.o(i.BSP_QSPI_Erase_Block) for BSP_QSPI_Erase_Block
    public.o(i.qspiFlashTest) refers to printf5.o(i.__0printf$5) for __2printf
    public.o(i.qspiFlashTest) refers to qspi_norflash.o(i.BSP_QSPI_WriteUnfixed) for BSP_QSPI_WriteUnfixed
    public.o(i.qspiFlashTest) refers to qspi_norflash.o(i.BSP_QSPI_FastRead) for BSP_QSPI_FastRead
    public.o(i.qspiFlashTest) refers to public.o(i.Buffercmp) for Buffercmp
    public.o(i.qspiFlashTest) refers to qspi_norflash.o(i.QSPI_ResetMemory) for QSPI_ResetMemory
    public.o(i.qspiFlashTest) refers to qspi_norflash.o(i.QSPI_EnableMemoryMappedMode) for QSPI_EnableMemoryMappedMode
    public.o(i.qspiFlashTest) refers to memseta.o(.text) for __aeabi_memclr4
    public.o(i.run) refers to iap.o(i.iap_init) for iap_init
    public.o(i.run) refers to communications.o(i.com_module_init) for com_module_init
    public.o(i.run) refers to stm32h7xx_hal_uart.o(i.HAL_UART_Receive_IT) for HAL_UART_Receive_IT
    public.o(i.run) refers to printf5.o(i.__0printf$5) for __2printf
    public.o(i.run) refers to communications.o(i.com_general_handle) for com_general_handle
    public.o(i.run) refers to iap.o(i.iap_get_updata_flag) for iap_get_updata_flag
    public.o(i.run) refers to iap.o(i.iap_jump) for iap_jump
    public.o(i.run) refers to public.o(.data) for .data
    public.o(i.run) refers to usart.o(.bss) for huart1
    public.o(i.run) refers to communications.o(.bss) for com_usart1
    public.o(i.spiFlashTest) refers to memcpya.o(.text) for __aeabi_memcpy4
    public.o(i.spiFlashTest) refers to printf5.o(i.__0printf$5) for __2printf
    public.o(i.spiFlashTest) refers to stm32h7xx_hal.o(i.HAL_Delay) for HAL_Delay
    public.o(i.spiFlashTest) refers to spi_norflash.o(.data) for SPI_Flash
    communications.o(i.com_general_handle) refers to my_structure.o(i.queue_length) for queue_length
    communications.o(i.com_general_handle) refers to my_structure.o(i.queue_extract) for queue_extract
    communications.o(i.com_module_init) refers to my_structure.o(i.queue_init) for queue_init
    communications.o(i.com_module_init) refers to communications.o(.bss) for .bss
    communications.o(i.com_module_init) refers to communications.o(i.usart1_protocol_parse) for usart1_protocol_parse
    communications.o(i.usart1_protocol_parse) refers to my_structure.o(i.queue_clear) for queue_clear
    communications.o(i.usart1_protocol_parse) refers to my_structure.o(i.queue_insert) for queue_insert
    communications.o(i.usart1_protocol_parse) refers to printf5.o(i.__0printf$5) for __2printf
    communications.o(i.usart1_protocol_parse) refers to iap.o(i.iap_set_updata_flag) for iap_set_updata_flag
    communications.o(i.usart1_protocol_parse) refers to spi_norflash.o(i.SPI_Flash_EraseSector) for SPI_Flash_EraseSector
    communications.o(i.usart1_protocol_parse) refers to iap.o(i.iap_revice) for iap_revice
    communications.o(i.usart1_protocol_parse) refers to communications.o(.data) for .data
    communications.o(i.usart1_protocol_parse) refers to iap.o(.data) for flash_addr
    qspi_norflash.o(i.BSP_QSPI_Erase_Block) refers to qspi_norflash.o(i.QSPI_WriteEnable) for QSPI_WriteEnable
    qspi_norflash.o(i.BSP_QSPI_Erase_Block) refers to stm32h7xx_hal_qspi.o(i.HAL_QSPI_Command) for HAL_QSPI_Command
    qspi_norflash.o(i.BSP_QSPI_Erase_Block) refers to qspi_norflash.o(i.QSPI_AutoPollingMemReady) for QSPI_AutoPollingMemReady
    qspi_norflash.o(i.BSP_QSPI_Erase_Block) refers to printf5.o(i.__0printf$5) for __2printf
    qspi_norflash.o(i.BSP_QSPI_Erase_Block) refers to quadspi.o(.bss) for hqspi
    qspi_norflash.o(i.BSP_QSPI_Erase_Chip) refers to qspi_norflash.o(i.QSPI_WriteEnable) for QSPI_WriteEnable
    qspi_norflash.o(i.BSP_QSPI_Erase_Chip) refers to stm32h7xx_hal_qspi.o(i.HAL_QSPI_Command) for HAL_QSPI_Command
    qspi_norflash.o(i.BSP_QSPI_Erase_Chip) refers to qspi_norflash.o(i.QSPI_AutoPollingMemReady) for QSPI_AutoPollingMemReady
[...]
    ../Drivers/STM32H7xx_HAL_Driver/Src/stm32h7xx_hal_cortex.c 0x00000000   Number         0  stm32h7xx_hal_cortex.o ABSOLUTE
    ../Drivers/STM32H7xx_HAL_Driver/Src/stm32h7xx_hal_dma.c 0x00000000   Number         0  stm32h7xx_hal_dma.o ABSOLUTE
    ../Drivers/STM32H7xx_HAL_Driver/Src/stm32h7xx_hal_dma_ex.c 0x00000000   Number         0  stm32h7xx_hal_dma_ex.o ABSOLUTE
    ../Drivers/STM32H7xx_HAL_Driver/Src/stm32h7xx_hal_exti.c 0x00000000   Number         0  stm32h7xx_hal_exti.o ABSOLUTE
    ../Drivers/STM32H7xx_HAL_Driver/Src/stm32h7xx_hal_flash.c 0x00000000   Number         0  stm32h7xx_hal_flash.o ABSOLUTE
    ../Drivers/STM32H7xx_HAL_Driver/Src/stm32h7xx_hal_flash_ex.c 0x00000000   Number         0  stm32h7xx_hal_flash_ex.o ABSOLUTE
    ../Drivers/STM32H7xx_HAL_Driver/Src/stm32h7xx_hal_gpio.c 0x00000000   Number         0  stm32h7xx_hal_gpio.o ABSOLUTE
    ../Drivers/STM32H7xx_HAL_Driver/Src/stm32h7xx_hal_hsem.c 0x00000000   Number         0  stm32h7xx_hal_hsem.o ABSOLUTE
    ../Drivers/STM32H7xx_HAL_Driver/Src/stm32h7xx_hal_i2c.c 0x00000000   Number         0  stm32h7xx_hal_i2c.o ABSOLUTE
    ../Drivers/STM32H7xx_HAL_Driver/Src/stm32h7xx_hal_i2c_ex.c 0x00000000   Number         0  stm32h7xx_hal_i2c_ex.o ABSOLUTE
    ../Drivers/STM32H7xx_HAL_Driver/Src/stm32h7xx_hal_mdma.c 0x00000000   Number         0  stm32h7xx_hal_mdma.o ABSOLUTE
    ../Drivers/STM32H7xx_HAL_Driver/Src/stm32h7xx_hal_pwr.c 0x00000000   Number         0  stm32h7xx_hal_pwr.o ABSOLUTE
    ../Drivers/STM32H7xx_HAL_Driver/Src/stm32h7xx_hal_pwr_ex.c 0x00000000   Number         0  stm32h7xx_hal_pwr_ex.o ABSOLUTE
    ../Drivers/STM32H7xx_HAL_Driver/Src/stm32h7xx_hal_qspi.c 0x00000000   Number         0  stm32h7xx_hal_qspi.o ABSOLUTE
    ../Drivers/STM32H7xx_HAL_Driver/Src/stm32h7xx_hal_rcc.c 0x00000000   Number         0  stm32h7xx_hal_rcc.o ABSOLUTE
    ../Drivers/STM32H7xx_HAL_Driver/Src/stm32h7xx_hal_rcc_ex.c 0x00000000   Number         0  stm32h7xx_hal_rcc_ex.o ABSOLUTE
    ../Drivers/STM32H7xx_HAL_Driver/Src/stm32h7xx_hal_spi.c 0x00000000   Number         0  stm32h7xx_hal_spi.o ABSOLUTE
    ../Drivers/STM32H7xx_HAL_Driver/Src/stm32h7xx_hal_spi_ex.c 0x00000000   Number         0  stm32h7xx_hal_spi_ex.o ABSOLUTE
    ../Drivers/STM32H7xx_HAL_Driver/Src/stm32h7xx_hal_tim.c 0x00000000   Number         0  stm32h7xx_hal_tim.o ABSOLUTE
    ../Drivers/STM32H7xx_HAL_Driver/Src/stm32h7xx_hal_tim_ex.c 0x00000000   Number         0  stm32h7xx_hal_tim_ex.o ABSOLUTE
    ../Drivers/STM32H7xx_HAL_Driver/Src/stm32h7xx_hal_uart.c 0x00000000   Number         0  stm32h7xx_hal_uart.o ABSOLUTE
    ../Drivers/STM32H7xx_HAL_Driver/Src/stm32h7xx_hal_uart_ex.c 0x00000000   Number         0  stm32h7xx_hal_uart_ex.o ABSOLUTE
    ../clib/microlib/division.c              0x00000000   Number         0  uidiv.o ABSOLUTE
    ../clib/microlib/division.c              0x00000000   Number         0  uldiv.o ABSOLUTE
    ../clib/microlib/init/entry.s            0x00000000   Number         0  entry2.o ABSOLUTE
    ../clib/microlib/init/entry.s            0x00000000   Number         0  entry10a.o ABSOLUTE
    ../clib/microlib/init/entry.s            0x00000000   Number         0  entry.o ABSOLUTE
    ../clib/microlib/init/entry.s            0x00000000   Number         0  entry12b.o ABSOLUTE
    ../clib/microlib/init/entry.s            0x00000000   Number         0  entry12a.o ABSOLUTE
    ../clib/microlib/init/entry.s            0x00000000   Number         0  entry11b.o ABSOLUTE
    ../clib/microlib/init/entry.s            0x00000000   Number         0  entry11a.o ABSOLUTE
    ../clib/microlib/init/entry.s            0x00000000   Number         0  entry10b.o ABSOLUTE
    ../clib/microlib/init/entry.s            0x00000000   Number         0  entry9b.o ABSOLUTE
    ../clib/microlib/init/entry.s            0x00000000   Number         0  entry9a.o ABSOLUTE
    ../clib/microlib/init/entry.s            0x00000000   Number         0  entry8b.o ABSOLUTE
    ../clib/microlib/init/entry.s            0x00000000   Number         0  entry8a.o ABSOLUTE
    ../clib/microlib/init/entry.s            0x00000000   Number         0  entry7b.o ABSOLUTE
    ../clib/microlib/init/entry.s            0x00000000   Number         0  entry7a.o ABSOLUTE
    ../clib/microlib/init/entry.s            0x00000000   Number         0  entry5.o ABSOLUTE
    ../clib/microlib/longlong.c              0x00000000   Number         0  llshl.o ABSOLUTE
    ../clib/microlib/longlong.c              0x00000000   Number         0  llushr.o ABSOLUTE
    ../clib/microlib/longlong.c              0x00000000   Number         0  llsshr.o ABSOLUTE
    ../clib/microlib/printf/printf.c         0x00000000   Number         0  printf0.o ABSOLUTE
    ../clib/microlib/printf/printf.c         0x00000000   Number         0  printf8.o ABSOLUTE
    ../clib/microlib/printf/printf.c         0x00000000   Number         0  printfb.o ABSOLUTE
    ../clib/microlib/printf/printf.c         0x00000000   Number         0  printf7.o ABSOLUTE
    ../clib/microlib/printf/printf.c         0x00000000   Number         0  printf6.o ABSOLUTE
    ../clib/microlib/printf/printf.c         0x00000000   Number         0  printfa.o ABSOLUTE
    ../clib/microlib/printf/printf.c         0x00000000   Number         0  printf5.o ABSOLUTE
    ../clib/microlib/printf/printf.c         0x00000000   Number         0  printf4.o ABSOLUTE
    ../clib/microlib/printf/printf.c         0x00000000   Number         0  printf3.o ABSOLUTE
    ../clib/microlib/printf/printf.c         0x00000000   Number         0  printf2.o ABSOLUTE
    ../clib/microlib/printf/printf.c         0x00000000   Number         0  printf1.o ABSOLUTE
    ../clib/microlib/printf/stubs.s          0x00000000   Number         0  stubs.o ABSOLUTE
    ../clib/microlib/stdio/streams.c         0x00000000   Number         0  stdout.o ABSOLUTE
    ../clib/microlib/string/memcpy.c         0x00000000   Number         0  memcpyb.o ABSOLUTE
    ../clib/microlib/string/memcpy.c         0x00000000   Number         0  memcpya.o ABSOLUTE
    ../clib/microlib/string/memset.c         0x00000000   Number         0  memseta.o ABSOLUTE
    ../clib/microlib/stubs.s                 0x00000000   Number         0  iusefp.o ABSOLUTE
    ../fplib/microlib/fpadd.c                0x00000000   Number         0  dadd.o ABSOLUTE
    ../fplib/microlib/fpdiv.c                0x00000000   Number         0  ddiv.o ABSOLUTE
    ../fplib/microlib/fpepilogue.c           0x00000000   Number         0  depilogue.o ABSOLUTE
    ../fplib/microlib/fpfix.c                0x00000000   Number         0  dfixul.o ABSOLUTE
    ../fplib/microlib/fpmul.c                0x00000000   Number         0  dmul.o ABSOLUTE
    ..\BSP\src\communications.c              0x00000000   Number         0  communications.o ABSOLUTE
    ..\BSP\src\iap.c                         0x00000000   Number         0  iap.o ABSOLUTE
    ..\BSP\src\my_structure.c                0x00000000   Number         0  my_structure.o ABSOLUTE
    ..\BSP\src\public.c                      0x00000000   Number         0  public.o ABSOLUTE
    ..\BSP\src\qspi_norflash.c               0x00000000   Number         0  qspi_norflash.o ABSOLUTE
    ..\BSP\src\spi_norflash.c                0x00000000   Number         0  spi_norflash.o ABSOLUTE
    ..\Core\Src\gpio.c                       0x00000000   Number         0  gpio.o ABSOLUTE
    ..\Core\Src\main.c                       0x00000000   Number         0  main.o ABSOLUTE
    ..\Core\Src\quadspi.c                    0x00000000   Number         0  quadspi.o ABSOLUTE
    ..\Core\Src\spi.c                        0x00000000   Number         0  spi.o ABSOLUTE
    ..\Core\Src\stm32h7xx_hal_msp.c          0x00000000   Number         0  stm32h7xx_hal_msp.o ABSOLUTE
    ..\Core\Src\stm32h7xx_it.c               0x00000000   Number         0  stm32h7xx_it.o ABSOLUTE
    ..\Core\Src\system_stm32h7xx.c           0x00000000   Number         0  system_stm32h7xx.o ABSOLUTE
    ..\Core\Src\usart.c                      0x00000000   Number         0  usart.o ABSOLUTE
    ..\Drivers\STM32H7xx_HAL_Driver\Src\stm32h7xx_hal.c 0x00000000   Number         0  stm32h7xx_hal.o ABSOLUTE
    ..\Drivers\STM32H7xx_HAL_Driver\Src\stm32h7xx_hal_cortex.c 0x00000000   Number         0  stm32h7xx_hal_cortex.o ABSOLUTE
    ..\Drivers\STM32H7xx_HAL_Driver\Src\stm32h7xx_hal_dma.c 0x00000000   Number         0  stm32h7xx_hal_dma.o ABSOLUTE
    ..\Drivers\STM32H7xx_HAL_Driver\Src\stm32h7xx_hal_dma_ex.c 0x00000000   Number         0  stm32h7xx_hal_dma_ex.o ABSOLUTE
    ..\Drivers\STM32H7xx_HAL_Driver\Src\stm32h7xx_hal_exti.c 0x00000000   Number         0  stm32h7xx_hal_exti.o ABSOLUTE
    ..\Drivers\STM32H7xx_HAL_Driver\Src\stm32h7xx_hal_flash.c 0x00000000   Number         0  stm32h7xx_hal_flash.o ABSOLUTE
    ..\Drivers\STM32H7xx_HAL_Driver\Src\stm32h7xx_hal_flash_ex.c 0x00000000   Number         0  stm32h7xx_hal_flash_ex.o ABSOLUTE
    ..\Drivers\STM32H7xx_HAL_Driver\Src\stm32h7xx_hal_gpio.c 0x00000000   Number         0  stm32h7xx_hal_gpio.o ABSOLUTE
    ..\Drivers\STM32H7xx_HAL_Driver\Src\stm32h7xx_hal_hsem.c 0x00000000   Number         0  stm32h7xx_hal_hsem.o ABSOLUTE
    ..\Drivers\STM32H7xx_HAL_Driver\Src\stm32h7xx_hal_i2c.c 0x00000000   Number         0  stm32h7xx_hal_i2c.o ABSOLUTE
    ..\Drivers\STM32H7xx_HAL_Driver\Src\stm32h7xx_hal_i2c_ex.c 0x00000000   Number         0  stm32h7xx_hal_i2c_ex.o ABSOLUTE
    ..\Drivers\STM32H7xx_HAL_Driver\Src\stm32h7xx_hal_mdma.c 0x00000000   Number         0  stm32h7xx_hal_mdma.o ABSOLUTE
    ..\Drivers\STM32H7xx_HAL_Driver\Src\stm32h7xx_hal_pwr.c 0x00000000   Number         0  stm32h7xx_hal_pwr.o ABSOLUTE
    ..\Drivers\STM32H7xx_HAL_Driver\Src\stm32h7xx_hal_pwr_ex.c 0x00000000   Number         0  stm32h7xx_hal_pwr_ex.o ABSOLUTE
    ..\Drivers\STM32H7xx_HAL_Driver\Src\stm32h7xx_hal_qspi.c 0x00000000   Number         0  stm32h7xx_hal_qspi.o ABSOLUTE
    ..\Drivers\STM32H7xx_HAL_Driver\Src\stm32h7xx_hal_rcc.c 0x00000000   Number         0  stm32h7xx_hal_rcc.o ABSOLUTE
    ..\Drivers\STM32H7xx_HAL_Driver\Src\stm32h7xx_hal_rcc_ex.c 0x00000000   Number         0  stm32h7xx_hal_rcc_ex.o ABSOLUTE
    ..\Drivers\STM32H7xx_HAL_Driver\Src\stm32h7xx_hal_spi.c 0x00000000   Number         0  stm32h7xx_hal_spi.o ABSOLUTE
    ..\Drivers\STM32H7xx_HAL_Driver\Src\stm32h7xx_hal_spi_ex.c 0x00000000   Number         0  stm32h7xx_hal_spi_ex.o ABSOLUTE
    ..\Drivers\STM32H7xx_HAL_Driver\Src\stm32h7xx_hal_tim.c 0x00000000   Number         0  stm32h7xx_hal_tim.o ABSOLUTE
    ..\Drivers\STM32H7xx_HAL_Driver\Src\stm32h7xx_hal_tim_ex.c 0x00000000   Number         0  stm32h7xx_hal_tim_ex.o ABSOLUTE
    ..\Drivers\STM32H7xx_HAL_Driver\Src\stm32h7xx_hal_uart.c 0x00000000   Number         0  stm32h7xx_hal_uart.o ABSOLUTE
    ..\Drivers\STM32H7xx_HAL_Driver\Src\stm32h7xx_hal_uart_ex.c 0x00000000   Number         0  stm32h7xx_hal_uart_ex.o ABSOLUTE
    ..\\BSP\\src\\communications.c           0x00000000   Number         0  communications.o ABSOLUTE
    ..\\BSP\\src\\iap.c                      0x00000000   Number         0  iap.o ABSOLUTE
    ..\\BSP\\src\\my_structure.c             0x00000000   Number         0  my_structure.o ABSOLUTE
    ..\\BSP\\src\\public.c                   0x00000000   Number         0  public.o ABSOLUTE
    ..\\BSP\\src\\qspi_norflash.c            0x00000000   Number         0  qspi_norflash.o ABSOLUTE
    ..\\BSP\\src\\spi_norflash.c             0x00000000   Number         0  spi_norflash.o ABSOLUTE
    cdrcmple.s                               0x00000000   Number         0  cdrcmple.o ABSOLUTE
    dc.s                                     0x00000000   Number         0  dc.o ABSOLUTE
    handlers.s                               0x00000000   Number         0  handlers.o ABSOLUTE
    init.s                                   0x00000000   Number         0  init.o ABSOLUTE
    startup_stm32h750xx.s                    0x00000000   Number         0  startup_stm32h750xx.o ABSOLUTE
    RESET                                    0x08000000   Section      664  startup_stm32h750xx.o(RESET)
    .ARM.Collect$$$$00000000                 0x08000298   Section        0  entry.o(.ARM.Collect$$$$00000000)
    .ARM.Collect$$$$00000001                 0x08000298   Section        4  entry2.o(.ARM.Collect$$$$00000001)
    .ARM.Collect$$$$00000004                 0x0800029c   Section        4  entry5.o(.ARM.Collect$$$$00000004)
    .ARM.Collect$$$$00000008                 0x080002a0   Section        0  entry7b.o(.ARM.Collect$$$$00000008)
    .ARM.Collect$$$$0000000A                 0x080002a0   Section        0  entry8b.o(.ARM.Collect$$$$0000000A)
    .ARM.Collect$$$$0000000B                 0x080002a0   Section        8  entry9a.o(.ARM.Collect$$$$0000000B)
    .ARM.Collect$$$$0000000E                 0x080002a8   Section        4  entry12b.o(.ARM.Collect$$$$0000000E)
    .ARM.Collect$$$$0000000F                 0x080002ac   Section        0  entry10a.o(.ARM.Collect$$$$0000000F)
    .ARM.Collect$$$$00000011                 0x080002ac   Section        0  entry11a.o(.ARM.Collect$$$$00000011)
    .ARM.Collect$$$$00002712                 0x080002ac   Section        4  entry2.o(.ARM.Collect$$$$00002712)
    __lit__00000000                          0x080002ac   Data           4  entry2.o(.ARM.Collect$$$$00002712)
    .text                                    0x080002b0   Section       52  startup_stm32h750xx.o(.text)
    $v0                                      0x080002b0   Number         0  startup_stm32h750xx.o(.text)
    .text                                    0x080002e4   Section        0  uldiv.o(.text)
    .text                                    0x08000346   Section        0  memcpya.o(.text)
    .text                                    0x0800036a   Section        0  memseta.o(.text)
    .text                                    0x0800038e   Section        0  llshl.o(.text)
    .text                                    0x080003ac   Section        0  llushr.o(.text)
    .text                                    0x080003cc   Section       36  init.o(.text)
    i.BSP_QSPI_Erase_Block                   0x080003f0   Section        0  qspi_norflash.o(i.BSP_QSPI_Erase_Block)
    i.BSP_QSPI_FastRead                      0x08000468   Section        0  qspi_norflash.o(i.BSP_QSPI_FastRead)
    i.BSP_QSPI_Init                          0x080004f4   Section        0  qspi_norflash.o(i.BSP_QSPI_Init)
    i.BSP_QSPI_Write                         0x08000560   Section        0  qspi_norflash.o(i.BSP_QSPI_Write)
    i.BSP_QSPI_WriteUnfixed                  0x08000630   Section        0  qspi_norflash.o(i.BSP_QSPI_WriteUnfixed)
    i.BusFault_Handler                       0x080006ea   Section        0  stm32h7xx_it.o(i.BusFault_Handler)
    i.DebugMon_Handler                       0x080006ec   Section        0  stm32h7xx_it.o(i.DebugMon_Handler)
    i.Error_Handler                          0x080006ee   Section        0  main.o(i.Error_Handler)
    i.HAL_DMA_Abort                          0x080006f4   Section        0  stm32h7xx_hal_dma.o(i.HAL_DMA_Abort)
    i.HAL_DMA_Abort_IT                       0x08000a54   Section        0  stm32h7xx_hal_dma.o(i.HAL_DMA_Abort_IT)
    i.HAL_Delay                              0x08000cd8   Section        0  stm32h7xx_hal.o(i.HAL_Delay)
    i.HAL_GPIO_Init                          0x08000cfc   Section        0  stm32h7xx_hal_gpio.o(i.HAL_GPIO_Init)
    i.HAL_GPIO_WritePin                      0x08000f28   Section        0  stm32h7xx_hal_gpio.o(i.HAL_GPIO_WritePin)
    i.HAL_GetREVID                           0x08000f34   Section        0  stm32h7xx_hal.o(i.HAL_GetREVID)
    i.HAL_GetTick                            0x08000f40   Section        0  stm32h7xx_hal.o(i.HAL_GetTick)
    i.HAL_IncTick                            0x08000f4c   Section        0  stm32h7xx_hal.o(i.HAL_IncTick)
    i.HAL_Init                               0x08000f5c   Section        0  stm32h7xx_hal.o(i.HAL_Init)
    i.HAL_InitTick                           0x08000fb8   Section        0  stm32h7xx_hal.o(i.HAL_InitTick)
    i.HAL_MspInit                            0x08000ff8   Section        0  stm32h7xx_hal_msp.o(i.HAL_MspInit)
    i.HAL_NVIC_EnableIRQ                     0x08001014   Section        0  stm32h7xx_hal_cortex.o(i.HAL_NVIC_EnableIRQ)
    i.HAL_NVIC_SetPriority                   0x08001030   Section        0  stm32h7xx_hal_cortex.o(i.HAL_NVIC_SetPriority)
    i.HAL_NVIC_SetPriorityGrouping           0x08001070   Section        0  stm32h7xx_hal_cortex.o(i.HAL_NVIC_SetPriorityGrouping)
    i.HAL_PWREx_ConfigSupply                 0x08001094   Section        0  stm32h7xx_hal_pwr_ex.o(i.HAL_PWREx_ConfigSupply)
    i.HAL_QSPI_AutoPolling                   0x080010e8   Section        0  stm32h7xx_hal_qspi.o(i.HAL_QSPI_AutoPolling)
    i.HAL_QSPI_Command                       0x08001194   Section        0  stm32h7xx_hal_qspi.o(i.HAL_QSPI_Command)
    i.HAL_QSPI_Init                          0x0800121c   Section        0  stm32h7xx_hal_qspi.o(i.HAL_QSPI_Init)
    i.HAL_QSPI_MspInit                       0x080012c8   Section        0  quadspi.o(i.HAL_QSPI_MspInit)
    i.HAL_QSPI_Receive                       0x080013c0   Section        0  stm32h7xx_hal_qspi.o(i.HAL_QSPI_Receive)
    i.HAL_QSPI_Transmit                      0x08001480   Section        0  stm32h7xx_hal_qspi.o(i.HAL_QSPI_Transmit)
    i.HAL_RCCEx_GetD3PCLK1Freq               0x08001538   Section        0  stm32h7xx_hal_rcc_ex.o(i.HAL_RCCEx_GetD3PCLK1Freq)
    i.HAL_RCCEx_GetPLL2ClockFreq             0x0800155c   Section        0  stm32h7xx_hal_rcc_ex.o(i.HAL_RCCEx_GetPLL2ClockFreq)
    i.HAL_RCCEx_GetPLL3ClockFreq             0x080016a0   Section        0  stm32h7xx_hal_rcc_ex.o(i.HAL_RCCEx_GetPLL3ClockFreq)
    i.HAL_RCCEx_PeriphCLKConfig              0x080017e4   Section        0  stm32h7xx_hal_rcc_ex.o(i.HAL_RCCEx_PeriphCLKConfig)
    i.HAL_RCC_ClockConfig                    0x080020b8   Section        0  stm32h7xx_hal_rcc.o(i.HAL_RCC_ClockConfig)
    i.HAL_RCC_GetHCLKFreq                    0x08002314   Section        0  stm32h7xx_hal_rcc.o(i.HAL_RCC_GetHCLKFreq)
    i.HAL_RCC_GetPCLK1Freq                   0x08002358   Section        0  stm32h7xx_hal_rcc.o(i.HAL_RCC_GetPCLK1Freq)
    i.HAL_RCC_GetPCLK2Freq                   0x0800237c   Section        0  stm32h7xx_hal_rcc.o(i.HAL_RCC_GetPCLK2Freq)
    i.HAL_RCC_GetSysClockFreq                0x080023a0   Section        0  stm32h7xx_hal_rcc.o(i.HAL_RCC_GetSysClockFreq)
    i.HAL_RCC_OscConfig                      0x080024d8   Section        0  stm32h7xx_hal_rcc.o(i.HAL_RCC_OscConfig)
    i.HAL_SPI_Init                           0x08002a08   Section        0  stm32h7xx_hal_spi.o(i.HAL_SPI_Init)
    i.HAL_SPI_MspInit                        0x08002b60   Section        0  spi.o(i.HAL_SPI_MspInit)
    i.HAL_SPI_Receive                        0x08002be8   Section        0  stm32h7xx_hal_spi.o(i.HAL_SPI_Receive)
    i.HAL_SPI_Transmit                       0x08002dde   Section        0  stm32h7xx_hal_spi.o(i.HAL_SPI_Transmit)
    i.HAL_SPI_TransmitReceive                0x08003016   Section        0  stm32h7xx_hal_spi.o(i.HAL_SPI_TransmitReceive)
    i.HAL_SYSTICK_Config                     0x08003284   Section        0  stm32h7xx_hal_cortex.o(i.HAL_SYSTICK_Config)
    i.HAL_UARTEx_DisableFifoMode             0x080032aa   Section        0  stm32h7xx_hal_uart_ex.o(i.HAL_UARTEx_DisableFifoMode)
    i.HAL_UARTEx_RxEventCallback             0x080032ea   Section        0  stm32h7xx_hal_uart.o(i.HAL_UARTEx_RxEventCallback)
    i.HAL_UARTEx_RxFifoFullCallback          0x080032ec   Section        0  stm32h7xx_hal_uart_ex.o(i.HAL_UARTEx_RxFifoFullCallback)
    i.HAL_UARTEx_SetRxFifoThreshold          0x080032ee   Section        0  stm32h7xx_hal_uart_ex.o(i.HAL_UARTEx_SetRxFifoThreshold)
    i.HAL_UARTEx_SetTxFifoThreshold          0x0800333a   Section        0  stm32h7xx_hal_uart_ex.o(i.HAL_UARTEx_SetTxFifoThreshold)
    i.HAL_UARTEx_TxFifoEmptyCallback         0x08003386   Section        0  stm32h7xx_hal_uart_ex.o(i.HAL_UARTEx_TxFifoEmptyCallback)
    i.HAL_UARTEx_WakeupCallback              0x08003388   Section        0  stm32h7xx_hal_uart_ex.o(i.HAL_UARTEx_WakeupCallback)
    i.HAL_UART_ErrorCallback                 0x0800338a   Section        0  stm32h7xx_hal_uart.o(i.HAL_UART_ErrorCallback)
    i.HAL_UART_IRQHandler                    0x0800338c   Section        0  stm32h7xx_hal_uart.o(i.HAL_UART_IRQHandler)
    i.HAL_UART_Init                          0x080036ec   Section        0  stm32h7xx_hal_uart.o(i.HAL_UART_Init)
    i.HAL_UART_MspInit                       0x08003758   Section        0  usart.o(i.HAL_UART_MspInit)
    i.HAL_UART_Receive_IT                    0x080037ec   Section        0  stm32h7xx_hal_uart.o(i.HAL_UART_Receive_IT)
    i.HAL_UART_RxCpltCallback                0x08003840   Section        0  public.o(i.HAL_UART_RxCpltCallback)
    i.HAL_UART_Transmit                      0x08003868   Section        0  stm32h7xx_hal_uart.o(i.HAL_UART_Transmit)
    i.HAL_UART_TxCpltCallback                0x08003926   Section        0  stm32h7xx_hal_uart.o(i.HAL_UART_TxCpltCallback)
    i.HardFault_Handler                      0x08003928   Section        0  stm32h7xx_it.o(i.HardFault_Handler)
    i.MX_GPIO_Init                           0x0800392c   Section        0  gpio.o(i.MX_GPIO_Init)
    i.MX_QUADSPI_Init                        0x08003a40   Section        0  quadspi.o(i.MX_QUADSPI_Init)
    i.MX_SPI2_Init                           0x08003a80   Section        0  spi.o(i.MX_SPI2_Init)
    i.MX_USART1_UART_Init                    0x08003adc   Section        0  usart.o(i.MX_USART1_UART_Init)
    i.MemManage_Handler                      0x08003b44   Section        0  stm32h7xx_it.o(i.MemManage_Handler)
    i.NMI_Handler                            0x08003b46   Section        0  stm32h7xx_it.o(i.NMI_Handler)
    i.PendSV_Handler                         0x08003b48   Section        0  stm32h7xx_it.o(i.PendSV_Handler)
    i.QSPI_AutoPollingMemReady               0x08003b4c   Section        0  qspi_norflash.o(i.QSPI_AutoPollingMemReady)
    QSPI_AutoPollingMemReady                 0x08003b4d   Thumb Code    70  qspi_norflash.o(i.QSPI_AutoPollingMemReady)
    i.QSPI_Config                            0x08003b98   Section        0  stm32h7xx_hal_qspi.o(i.QSPI_Config)
    QSPI_Config                              0x08003b99   Thumb Code   424  stm32h7xx_hal_qspi.o(i.QSPI_Config)
    i.QSPI_FLASH_ReadStatusReg               0x08003d40   Section        0  qspi_norflash.o(i.QSPI_FLASH_ReadStatusReg)
    i.QSPI_ResetMemory                       0x08003dd4   Section        0  qspi_norflash.o(i.QSPI_ResetMemory)
    i.QSPI_WaitFlagStateUntilTimeout         0x08003e44   Section        0  stm32h7xx_hal_qspi.o(i.QSPI_WaitFlagStateUntilTimeout)
    QSPI_WaitFlagStateUntilTimeout           0x08003e45   Thumb Code    72  stm32h7xx_hal_qspi.o(i.QSPI_WaitFlagStateUntilTimeout)
    i.QSPI_WriteEnable                       0x08003e8c   Section        0  qspi_norflash.o(i.QSPI_WriteEnable)
    QSPI_WriteEnable                         0x08003e8d   Thumb Code    98  qspi_norflash.o(i.QSPI_WriteEnable)
    i.RCCEx_PLL2_Config                      0x08003ef4   Section        0  stm32h7xx_hal_rcc_ex.o(i.RCCEx_PLL2_Config)
    RCCEx_PLL2_Config                        0x08003ef5   Thumb Code   284  stm32h7xx_hal_rcc_ex.o(i.RCCEx_PLL2_Config)
    i.RCCEx_PLL3_Config                      0x08004014   Section        0  stm32h7xx_hal_rcc_ex.o(i.RCCEx_PLL3_Config)
    RCCEx_PLL3_Config                        0x08004015   Thumb Code   284  stm32h7xx_hal_rcc_ex.o(i.RCCEx_PLL3_Config)
    i.SPI_CloseTransfer                      0x08004134   Section        0  stm32h7xx_hal_spi.o(i.SPI_CloseTransfer)
    SPI_CloseTransfer                        0x08004135   Thumb Code   188  stm32h7xx_hal_spi.o(i.SPI_CloseTransfer)
    i.SPI_Flash_EraseSector                  0x080041f0   Section        0  spi_norflash.o(i.SPI_Flash_EraseSector)
    i.SPI_Flash_ReadByte                     0x08004240   Section        0  spi_norflash.o(i.SPI_Flash_ReadByte)
    i.SPI_Flash_ReadUnfixed                  0x08004260   Section        0  spi_norflash.o(i.SPI_Flash_ReadUnfixed)
    i.SPI_Flash_WaitForWriteEnd              0x080042c0   Section        0  spi_norflash.o(i.SPI_Flash_WaitForWriteEnd)
    SPI_Flash_WaitForWriteEnd                0x080042c1   Thumb Code    46  spi_norflash.o(i.SPI_Flash_WaitForWriteEnd)
    i.SPI_Flash_WriteByte                    0x080042f4   Section        0  spi_norflash.o(i.SPI_Flash_WriteByte)
    SPI_Flash_WriteByte                      0x080042f5   Thumb Code    20  spi_norflash.o(i.SPI_Flash_WriteByte)
    i.SPI_Flash_WriteEnable                  0x0800430c   Section        0  spi_norflash.o(i.SPI_Flash_WriteEnable)
    SPI_Flash_WriteEnable                    0x0800430d   Thumb Code    38  spi_norflash.o(i.SPI_Flash_WriteEnable)
    i.SPI_Flash_WritePage                    0x08004338   Section        0  spi_norflash.o(i.SPI_Flash_WritePage)
    i.SPI_Flash_WriteUnfixed                 0x080043d0   Section        0  spi_norflash.o(i.SPI_Flash_WriteUnfixed)
    i.SPI_WaitOnFlagUntilTimeout             0x0800448e   Section        0  stm32h7xx_hal_spi.o(i.SPI_WaitOnFlagUntilTimeout)
    SPI_WaitOnFlagUntilTimeout               0x0800448f   Thumb Code    66  stm32h7xx_hal_spi.o(i.SPI_WaitOnFlagUntilTimeout)
    i.SVC_Handler                            0x080044d0   Section        0  stm32h7xx_it.o(i.SVC_Handler)
    i.SysTick_Handler                        0x080044d2   Section        0  stm32h7xx_it.o(i.SysTick_Handler)
    i.SystemClock_Config                     0x080044d8   Section        0  main.o(i.SystemClock_Config)
    i.SystemInit                             0x080045b8   Section        0  system_stm32h7xx.o(i.SystemInit)
    i.UARTEx_SetNbDataToProcess              0x08004694   Section        0  stm32h7xx_hal_uart_ex.o(i.UARTEx_SetNbDataToProcess)
    UARTEx_SetNbDataToProcess                0x08004695   Thumb Code    62  stm32h7xx_hal_uart_ex.o(i.UARTEx_SetNbDataToProcess)
    i.UART_AdvFeatureConfig                  0x080046d8   Section        0  stm32h7xx_hal_uart.o(i.UART_AdvFeatureConfig)
    i.UART_CheckIdleState                    0x080047a0   Section        0  stm32h7xx_hal_uart.o(i.UART_CheckIdleState)
    i.UART_DMAAbortOnError                   0x08004800   Section        0  stm32h7xx_hal_uart.o(i.UART_DMAAbortOnError)
    UART_DMAAbortOnError                     0x08004801   Thumb Code    20  stm32h7xx_hal_uart.o(i.UART_DMAAbortOnError)
    i.UART_EndRxTransfer                     0x08004814   Section        0  stm32h7xx_hal_uart.o(i.UART_EndRxTransfer)
    UART_EndRxTransfer                       0x08004815   Thumb Code    78  stm32h7xx_hal_uart.o(i.UART_EndRxTransfer)
    i.UART_RxISR_16BIT                       0x08004868   Section        0  stm32h7xx_hal_uart.o(i.UART_RxISR_16BIT)
    UART_RxISR_16BIT                         0x08004869   Thumb Code   162  stm32h7xx_hal_uart.o(i.UART_RxISR_16BIT)
    i.UART_RxISR_16BIT_FIFOEN                0x0800490c   Section        0  stm32h7xx_hal_uart.o(i.UART_RxISR_16BIT_FIFOEN)
    UART_RxISR_16BIT_FIFOEN                  0x0800490d   Thumb Code   364  stm32h7xx_hal_uart.o(i.UART_RxISR_16BIT_FIFOEN)
    i.UART_RxISR_8BIT                        0x08004a80   Section        0  stm32h7xx_hal_uart.o(i.UART_RxISR_8BIT)
    UART_RxISR_8BIT                          0x08004a81   Thumb Code   162  stm32h7xx_hal_uart.o(i.UART_RxISR_8BIT)
    i.UART_RxISR_8BIT_FIFOEN                 0x08004b24   Section        0  stm32h7xx_hal_uart.o(i.UART_RxISR_8BIT_FIFOEN)
    UART_RxISR_8BIT_FIFOEN                   0x08004b25   Thumb Code   364  stm32h7xx_hal_uart.o(i.UART_RxISR_8BIT_FIFOEN)
    i.UART_SetConfig                         0x08004c98   Section        0  stm32h7xx_hal_uart.o(i.UART_SetConfig)
    i.UART_Start_Receive_IT                  0x08005044   Section        0  stm32h7xx_hal_uart.o(i.UART_Start_Receive_IT)
    i.UART_WaitOnFlagUntilTimeout            0x0800515c   Section        0  stm32h7xx_hal_uart.o(i.UART_WaitOnFlagUntilTimeout)
    i.USART1_IRQHandler                      0x08005228   Section        0  stm32h7xx_it.o(i.USART1_IRQHandler)
    i.UsageFault_Handler                     0x08005234   Section        0  stm32h7xx_it.o(i.UsageFault_Handler)
    i.__0printf$5                            0x08005238   Section        0  printf5.o(i.__0printf$5)
    i.__NVIC_SetPriority                     0x08005258   Section        0  stm32h7xx_hal_cortex.o(i.__NVIC_SetPriority)
    __NVIC_SetPriority                       0x08005259   Thumb Code    34  stm32h7xx_hal_cortex.o(i.__NVIC_SetPriority)
    i.__scatterload_copy                     0x0800527a   Section       14  handlers.o(i.__scatterload_copy)
    i.__scatterload_null                     0x08005288   Section        2  handlers.o(i.__scatterload_null)
    i.__scatterload_zeroinit                 0x0800528a   Section       14  handlers.o(i.__scatterload_zeroinit)
    i._printf_core                           0x08005298   Section        0  printf5.o(i._printf_core)
    _printf_core                             0x08005299   Thumb Code   660  printf5.o(i._printf_core)
    i.be32_to_cpu                            0x08005558   Section        0  iap.o(i.be32_to_cpu)
    be32_to_cpu                              0x08005559   Thumb Code    24  iap.o(i.be32_to_cpu)
    i.com_general_handle                     0x08005570   Section        0  communications.o(i.com_general_handle)
    i.com_module_init                        0x080055a0   Section        0  communications.o(i.com_module_init)
    i.fputc                                  0x080055c8   Section        0  public.o(i.fputc)
    i.iap_get_updata_flag                    0x080055e0   Section        0  iap.o(i.iap_get_updata_flag)
    i.iap_init                               0x080055ec   Section        0  iap.o(i.iap_init)
    i.iap_jump                               0x08005600   Section        0  iap.o(i.iap_jump)
    i.iap_revice                             0x080056f8   Section        0  iap.o(i.iap_revice)
    i.iap_set_updata_flag                    0x08005894   Section        0  iap.o(i.iap_set_updata_flag)
    i.main                                   0x080058a0   Section        0  main.o(i.main)
    i.queue_clear                            0x080058c2   Section        0  my_structure.o(i.queue_clear)
    i.queue_extract                          0x080058ca   Section        0  my_structure.o(i.queue_extract)
    i.queue_init                             0x080058f2   Section        0  my_structure.o(i.queue_init)
    i.queue_insert                           0x080058fe   Section        0  my_structure.o(i.queue_insert)
    i.queue_length                           0x08005930   Section        0  my_structure.o(i.queue_length)
    i.run                                    0x08005948   Section        0  public.o(i.run)
    i.usart1_protocol_parse                  0x0800599c   Section        0  communications.o(i.usart1_protocol_parse)
    usart1_protocol_parse                    0x0800599d   Thumb Code   192  communications.o(i.usart1_protocol_parse)
    .constdata                               0x08005a9c   Section       24  stm32h7xx_hal_uart.o(.constdata)
    .constdata                               0x08005ab4   Section       16  stm32h7xx_hal_uart_ex.o(.constdata)
    numerator                                0x08005ab4   Data           8  stm32h7xx_hal_uart_ex.o(.constdata)
    denominator                              0x08005abc   Data           8  stm32h7xx_hal_uart_ex.o(.constdata)
    .constdata                               0x08005ac4   Section       16  system_stm32h7xx.o(.constdata)
    .data                                    0x24000000   Section        1  public.o(.data)
    .data                                    0x24000001   Section        1  communications.o(.data)
    uartcmdstate                             0x24000001   Data           1  communications.o(.data)
    .data                                    0x24000004   Section       12  iap.o(.data)
    iap_stage                                0x24000004   Data           1  iap.o(.data)
    iap_cnt                                  0x24000008   Data           4  iap.o(.data)
    .data                                    0x24000010   Section       12  stm32h7xx_hal.o(.data)
    .data                                    0x2400001c   Section        8  system_stm32h7xx.o(.data)
    .data                                    0x24000024   Section        4  stdout.o(.data)
    .bss                                     0x24000028   Section      308  communications.o(.bss)
    usart1_rx_buff                           0x24000028   Data         256  communications.o(.bss)
    usart1_info                              0x24000128   Data          30  communications.o(.bss)
    .bss                                     0x2400015c   Section       80  iap.o(.bss)
    iap                                      0x2400015c   Data          80  iap.o(.bss)
    .bss                                     0x240001ac   Section       76  quadspi.o(.bss)
    .bss                                     0x240001f8   Section      136  spi.o(.bss)
    .bss                                     0x24000280   Section      144  usart.o(.bss)
    STACK                                    0x24000310   Section     1024  startup_stm32h750xx.o(STACK)
    .ARM.__AT_0x24040000                     0x24040000   Section    147452  iap.o(.ARM.__AT_0x24040000)
    data_buff                                0x24040000   Data       147452  iap.o(.ARM.__AT_0x24040000)

    Global Symbols

    Symbol Name                              Value     Ov Type        Size  Object(Section)

    BuildAttributes$$THM_ISAv4$E$P$D$K$B$S$7EM$VFPv5_D16$PE$PLD8$A:L22UL41UL21$X:L11$S22US41US21$IEEE1$IW$USESV6$~STKCKD$USESV7$~SHL$OSPACE$ROPI$EBA8$MICROLIB$REQ8$PRES8$EABIv2 0x00000000   Number         0  anon$$obj.o ABSOLUTE
    __ARM_use_no_argv                        0x00000000   Number         0  main.o ABSOLUTE
    _printf_a                                0x00000000   Number         0  stubs.o ABSOLUTE
    _printf_c                                0x00000000   Number         0  stubs.o ABSOLUTE
    _printf_charcount                        0x00000000   Number         0  stubs.o ABSOLUTE
    _printf_d                                0x00000000   Number         0  stubs.o ABSOLUTE
    _printf_e                                0x00000000   Number         0  stubs.o ABSOLUTE
    _printf_f                                0x00000000   Number         0  stubs.o ABSOLUTE
    _printf_flags                            0x00000000   Number         0  stubs.o ABSOLUTE
    _printf_fp_dec                           0x00000000   Number         0  stubs.o ABSOLUTE
    _printf_fp_hex                           0x00000000   Number         0  stubs.o ABSOLUTE
    _printf_g                                0x00000000   Number         0  stubs.o ABSOLUTE
    _printf_i                                0x00000000   Number         0  stubs.o ABSOLUTE
    _printf_int_dec                          0x00000000   Number         0  stubs.o ABSOLUTE
    _printf_l                                0x00000000   Number         0  stubs.o ABSOLUTE
    _printf_lc                               0x00000000   Number         0  stubs.o ABSOLUTE
    _printf_ll                               0x00000000   Number         0  stubs.o ABSOLUTE
    _printf_lld                              0x00000000   Number         0  stubs.o ABSOLUTE
    _printf_lli                              0x00000000   Number         0  stubs.o ABSOLUTE
    _printf_llo                              0x00000000   Number         0  stubs.o ABSOLUTE
    _printf_llu                              0x00000000   Number         0  stubs.o ABSOLUTE
    _printf_llx                              0x00000000   Number         0  stubs.o ABSOLUTE
    _printf_longlong_dec                     0x00000000   Number         0  stubs.o ABSOLUTE
    _printf_longlong_hex                     0x00000000   Number         0  stubs.o ABSOLUTE
    _printf_longlong_oct                     0x00000000   Number         0  stubs.o ABSOLUTE
    _printf_ls                               0x00000000   Number         0  stubs.o ABSOLUTE
    _printf_mbtowc                           0x00000000   Number         0  stubs.o ABSOLUTE
    _printf_n                                0x00000000   Number         0  stubs.o ABSOLUTE
    _printf_o                                0x00000000   Number         0  stubs.o ABSOLUTE
    _printf_p                                0x00000000   Number         0  stubs.o ABSOLUTE
    _printf_percent                          0x00000000   Number         0  stubs.o ABSOLUTE
    _printf_pre_padding                      0x00000000   Number         0  stubs.o ABSOLUTE
    _printf_return_value                     0x00000000   Number         0  stubs.o ABSOLUTE
    _printf_s                                0x00000000   Number         0  stubs.o ABSOLUTE
    _printf_sizespec                         0x00000000   Number         0  stubs.o ABSOLUTE
    _printf_str                              0x00000000   Number         0  stubs.o ABSOLUTE
    _printf_truncate_signed                  0x00000000   Number         0  stubs.o ABSOLUTE
    _printf_truncate_unsigned                0x00000000   Number         0  stubs.o ABSOLUTE
    _printf_u                                0x00000000   Number         0  stubs.o ABSOLUTE
    _printf_wc                               0x00000000   Number         0  stubs.o ABSOLUTE
    _printf_wctomb                           0x00000000   Number         0  stubs.o ABSOLUTE
    _printf_widthprec                        0x00000000   Number         0  stubs.o ABSOLUTE
    _printf_x                                0x00000000   Number         0  stubs.o ABSOLUTE
    __arm_fini_                               - Undefined Weak Reference
    __cpp_initialize__aeabi_                  - Undefined Weak Reference
    __cxa_finalize                            - Undefined Weak Reference
    __decompress                              - Undefined Weak Reference
    _clock_init                               - Undefined Weak Reference
    _microlib_exit                            - Undefined Weak Reference
    __Vectors_Size                           0x00000298   Number         0  startup_stm32h750xx.o ABSOLUTE
    __Vectors                                0x08000000   Data           4  startup_stm32h750xx.o(RESET)
    __Vectors_End                            0x08000298   Data           0  startup_stm32h750xx.o(RESET)
    __main                                   0x08000299   Thumb Code     0  entry.o(.ARM.Collect$$$$00000000)
    _main_stk                                0x08000299   Thumb Code     0  entry2.o(.ARM.Collect$$$$00000001)
    _main_scatterload                        0x0800029d   Thumb Code     0  entry5.o(.ARM.Collect$$$$00000004)
    __main_after_scatterload                 0x080002a1   Thumb Code     0  entry5.o(.ARM.Collect$$$$00000004)
    _main_clock                              0x080002a1   Thumb Code     0  entry7b.o(.ARM.Collect$$$$00000008)
    _main_cpp_init                           0x080002a1   Thumb Code     0  entry8b.o(.ARM.Collect$$$$0000000A)
    _main_init                               0x080002a1   Thumb Code     0  entry9a.o(.ARM.Collect$$$$0000000B)
    __rt_lib_shutdown_fini                   0x080002a9   Thumb Code     0  entry12b.o(.ARM.Collect$$$$0000000E)
    __rt_final_cpp                           0x080002ad   Thumb Code     0  entry10a.o(.ARM.Collect$$$$0000000F)
    __rt_final_exit                          0x080002ad   Thumb Code     0  entry11a.o(.ARM.Collect$$$$00000011)
    Reset_Handler                            0x080002b1   Thumb Code     8  startup_stm32h750xx.o(.text)
    ADC3_IRQHandler                          0x080002cb   Thumb Code     0  startup_stm32h750xx.o(.text)
    ADC_IRQHandler                           0x080002cb   Thumb Code     0  startup_stm32h750xx.o(.text)
    BDMA_Channel0_IRQHandler                 0x080002cb   Thumb Code     0  startup_stm32h750xx.o(.text)
    BDMA_Channel1_IRQHandler                 0x080002cb   Thumb Code     0  startup_stm32h750xx.o(.text)
    BDMA_Channel2_IRQHandler                 0x080002cb   Thumb Code     0  startup_stm32h750xx.o(.text)
    BDMA_Channel3_IRQHandler                 0x080002cb   Thumb Code     0  startup_stm32h750xx.o(.text)
    BDMA_Channel4_IRQHandler                 0x080002cb   Thumb Code     0  startup_stm32h750xx.o(.text)
    BDMA_Channel5_IRQHandler                 0x080002cb   Thumb Code     0  startup_stm32h750xx.o(.text)
    BDMA_Channel6_IRQHandler                 0x080002cb   Thumb Code     0  startup_stm32h750xx.o(.text)
    BDMA_Channel7_IRQHandler                 0x080002cb   Thumb Code     0  startup_stm32h750xx.o(.text)
    CEC_IRQHandler                           0x080002cb   Thumb Code     0  startup_stm32h750xx.o(.text)
    COMP1_IRQHandler                         0x080002cb   Thumb Code     0  startup_stm32h750xx.o(.text)
    CRS_IRQHandler                           0x080002cb   Thumb Code     0  startup_stm32h750xx.o(.text)
    CRYP_IRQHandler                          0x080002cb   Thumb Code     0  startup_stm32h750xx.o(.text)
    DCMI_IRQHandler                          0x080002cb   Thumb Code     0  startup_stm32h750xx.o(.text)
    DFSDM1_FLT0_IRQHandler                   0x080002cb   Thumb Code     0  startup_stm32h750xx.o(.text)
    DFSDM1_FLT1_IRQHandler                   0x080002cb   Thumb Code     0  startup_stm32h750xx.o(.text)
    DFSDM1_FLT2_IRQHandler                   0x080002cb   Thumb Code     0  startup_stm32h750xx.o(.text)
    DFSDM1_FLT3_IRQHandler                   0x080002cb   Thumb Code     0  startup_stm32h750xx.o(.text)
    DMA1_Stream0_IRQHandler                  0x080002cb   Thumb Code     0  startup_stm32h750xx.o(.text)
    DMA1_Stream1_IRQHandler                  0x080002cb   Thumb Code     0  startup_stm32h750xx.o(.text)
    DMA1_Stream2_IRQHandler                  0x080002cb   Thumb Code     0  startup_stm32h750xx.o(.text)
    DMA1_Stream3_IRQHandler                  0x080002cb   Thumb Code     0  startup_stm32h750xx.o(.text)
    DMA1_Stream4_IRQHandler                  0x080002cb   Thumb Code     0  startup_stm32h750xx.o(.text)
    DMA1_Stream5_IRQHandler                  0x080002cb   Thumb Code     0  startup_stm32h750xx.o(.text)
    DMA1_Stream6_IRQHandler                  0x080002cb   Thumb Code     0  startup_stm32h750xx.o(.text)
    DMA1_Stream7_IRQHandler                  0x080002cb   Thumb Code     0  startup_stm32h750xx.o(.text)
    DMA2D_IRQHandler                         0x080002cb   Thumb Code     0  startup_stm32h750xx.o(.text)
    DMA2_Stream0_IRQHandler                  0x080002cb   Thumb Code     0  startup_stm32h750xx.o(.text)
    DMA2_Stream1_IRQHandler                  0x080002cb   Thumb Code     0  startup_stm32h750xx.o(.text)
    DMA2_Stream2_IRQHandler                  0x080002cb   Thumb Code     0  startup_stm32h750xx.o(.text)
    DMA2_Stream3_IRQHandler                  0x080002cb   Thumb Code     0  startup_stm32h750xx.o(.text)
    DMA2_Stream4_IRQHandler                  0x080002cb   Thumb Code     0  startup_stm32h750xx.o(.text)
    DMA2_Stream5_IRQHandler                  0x080002cb   Thumb Code     0  startup_stm32h750xx.o(.text)
    DMA2_Stream6_IRQHandler                  0x080002cb   Thumb Code     0  startup_stm32h750xx.o(.text)
    DMA2_Stream7_IRQHandler                  0x080002cb   Thumb Code     0  startup_stm32h750xx.o(.text)
    DMAMUX1_OVR_IRQHandler                   0x080002cb   Thumb Code     0  startup_stm32h750xx.o(.text)
    DMAMUX2_OVR_IRQHandler                   0x080002cb   Thumb Code     0  startup_stm32h750xx.o(.text)
    ECC_IRQHandler                           0x080002cb   Thumb Code     0  startup_stm32h750xx.o(.text)
    ETH_IRQHandler                           0x080002cb   Thumb Code     0  startup_stm32h750xx.o(.text)
    ETH_WKUP_IRQHandler                      0x080002cb   Thumb Code     0  startup_stm32h750xx.o(.text)
    EXTI0_IRQHandler                         0x080002cb   Thumb Code     0  startup_stm32h750xx.o(.text)
    EXTI15_10_IRQHandler                     0x080002cb   Thumb Code     0  startup_stm32h750xx.o(.text)
    EXTI1_IRQHandler                         0x080002cb   Thumb Code     0  startup_stm32h750xx.o(.text)
    EXTI2_IRQHandler                         0x080002cb   Thumb Code     0  startup_stm32h750xx.o(.text)
    EXTI3_IRQHandler                         0x080002cb   Thumb Code     0  startup_stm32h750xx.o(.text)
    EXTI4_IRQHandler                         0x080002cb   Thumb Code     0  startup_stm32h750xx.o(.text)
    EXTI9_5_IRQHandler                       0x080002cb   Thumb Code     0  startup_stm32h750xx.o(.text)
    FDCAN1_IT0_IRQHandler                    0x080002cb   Thumb Code     0  startup_stm32h750xx.o(.text)
    FDCAN1_IT1_IRQHandler                    0x080002cb   Thumb Code     0  startup_stm32h750xx.o(.text)
    FDCAN2_IT0_IRQHandler                    0x080002cb   Thumb Code     0  startup_stm32h750xx.o(.text)
    FDCAN2_IT1_IRQHandler                    0x080002cb   Thumb Code     0  startup_stm32h750xx.o(.text)
    FDCAN_CAL_IRQHandler                     0x080002cb   Thumb Code     0  startup_stm32h750xx.o(.text)
    FLASH_IRQHandler                         0x080002cb   Thumb Code     0  startup_stm32h750xx.o(.text)
    FMC_IRQHandler                           0x080002cb   Thumb Code     0  startup_stm32h750xx.o(.text)
    FPU_IRQHandler                           0x080002cb   Thumb Code     0  startup_stm32h750xx.o(.text)
    HASH_RNG_IRQHandler                      0x080002cb   Thumb Code     0  startup_stm32h750xx.o(.text)
    HRTIM1_FLT_IRQHandler                    0x080002cb   Thumb Code     0  startup_stm32h750xx.o(.text)
    HRTIM1_Master_IRQHandler                 0x080002cb   Thumb Code     0  startup_stm32h750xx.o(.text)
    HRTIM1_TIMA_IRQHandler                   0x080002cb   Thumb Code     0  startup_stm32h750xx.o(.text)
    HRTIM1_TIMB_IRQHandler                   0x080002cb   Thumb Code     0  startup_stm32h750xx.o(.text)
    HRTIM1_TIMC_IRQHandler                   0x080002cb   Thumb Code     0  startup_stm32h750xx.o(.text)
    HRTIM1_TIMD_IRQHandler                   0x080002cb   Thumb Code     0  startup_stm32h750xx.o(.text)
    HRTIM1_TIME_IRQHandler                   0x080002cb   Thumb Code     0  startup_stm32h750xx.o(.text)
    HSEM1_IRQHandler                         0x080002cb   Thumb Code     0  startup_stm32h750xx.o(.text)
    I2C1_ER_IRQHandler                       0x080002cb   Thumb Code     0  startup_stm32h750xx.o(.text)
    I2C1_EV_IRQHandler                       0x080002cb   Thumb Code     0  startup_stm32h750xx.o(.text)
    I2C2_ER_IRQHandler                       0x080002cb   Thumb Code     0  startup_stm32h750xx.o(.text)
    I2C2_EV_IRQHandler                       0x080002cb   Thumb Code     0  startup_stm32h750xx.o(.text)
    I2C3_ER_IRQHandler                       0x080002cb   Thumb Code     0  startup_stm32h750xx.o(.text)
    I2C3_EV_IRQHandler                       0x080002cb   Thumb Code     0  startup_stm32h750xx.o(.text)
    I2C4_ER_IRQHandler                       0x080002cb   Thumb Code     0  startup_stm32h750xx.o(.text)
    I2C4_EV_IRQHandler                       0x080002cb   Thumb Code     0  startup_stm32h750xx.o(.text)
    JPEG_IRQHandler                          0x080002cb   Thumb Code     0  startup_stm32h750xx.o(.text)
    LPTIM1_IRQHandler                        0x080002cb   Thumb Code     0  startup_stm32h750xx.o(.text)
    LPTIM2_IRQHandler                        0x080002cb   Thumb Code     0  startup_stm32h750xx.o(.text)
    LPTIM3_IRQHandler                        0x080002cb   Thumb Code     0  startup_stm32h750xx.o(.text)
    LPTIM4_IRQHandler                        0x080002cb   Thumb Code     0  startup_stm32h750xx.o(.text)
    LPTIM5_IRQHandler                        0x080002cb   Thumb Code     0  startup_stm32h750xx.o(.text)
    LPUART1_IRQHandler                       0x080002cb   Thumb Code     0  startup_stm32h750xx.o(.text)
    LTDC_ER_IRQHandler                       0x080002cb   Thumb Code     0  startup_stm32h750xx.o(.text)
    LTDC_IRQHandler                          0x080002cb   Thumb Code     0  startup_stm32h750xx.o(.text)
    MDIOS_IRQHandler                         0x080002cb   Thumb Code     0  startup_stm32h750xx.o(.text)
    MDIOS_WKUP_IRQHandler                    0x080002cb   Thumb Code     0  startup_stm32h750xx.o(.text)
    MDMA_IRQHandler                          0x080002cb   Thumb Code     0  startup_stm32h750xx.o(.text)
    OTG_FS_EP1_IN_IRQHandler                 0x080002cb   Thumb Code     0  startup_stm32h750xx.o(.text)
    OTG_FS_EP1_OUT_IRQHandler                0x080002cb   Thumb Code     0  startup_stm32h750xx.o(.text)
    OTG_FS_IRQHandler                        0x080002cb   Thumb Code     0  startup_stm32h750xx.o(.text)
    OTG_FS_WKUP_IRQHandler                   0x080002cb   Thumb Code     0  startup_stm32h750xx.o(.text)
    OTG_HS_EP1_IN_IRQHandler                 0x080002cb   Thumb Code     0  startup_stm32h750xx.o(.text)
    OTG_HS_EP1_OUT_IRQHandler                0x080002cb   Thumb Code     0  startup_stm32h750xx.o(.text)
    OTG_HS_IRQHandler                        0x080002cb   Thumb Code     0  startup_stm32h750xx.o(.text)
    OTG_HS_WKUP_IRQHandler                   0x080002cb   Thumb Code     0  startup_stm32h750xx.o(.text)
    PVD_AVD_IRQHandler                       0x080002cb   Thumb Code     0  startup_stm32h750xx.o(.text)
    QUADSPI_IRQHandler                       0x080002cb   Thumb Code     0  startup_stm32h750xx.o(.text)
    RCC_IRQHandler                           0x080002cb   Thumb Code     0  startup_stm32h750xx.o(.text)
    RTC_Alarm_IRQHandler                     0x080002cb   Thumb Code     0  startup_stm32h750xx.o(.text)
    RTC_WKUP_IRQHandler                      0x080002cb   Thumb Code     0  startup_stm32h750xx.o(.text)
    SAI1_IRQHandler                          0x080002cb   Thumb Code     0  startup_stm32h750xx.o(.text)
    SAI2_IRQHandler                          0x080002cb   Thumb Code     0  startup_stm32h750xx.o(.text)
    SAI3_IRQHandler                          0x080002cb   Thumb Code     0  startup_stm32h750xx.o(.text)
    SAI4_IRQHandler                          0x080002cb   Thumb Code     0  startup_stm32h750xx.o(.text)
    SDMMC1_IRQHandler                        0x080002cb   Thumb Code     0  startup_stm32h750xx.o(.text)
    SDMMC2_IRQHandler                        0x080002cb   Thumb Code     0  startup_stm32h750xx.o(.text)
    SPDIF_RX_IRQHandler                      0x080002cb   Thumb Code     0  startup_stm32h750xx.o(.text)
    SPI1_IRQHandler                          0x080002cb   Thumb Code     0  startup_stm32h750xx.o(.text)
    SPI2_IRQHandler                          0x080002cb   Thumb Code     0  startup_stm32h750xx.o(.text)
    SPI3_IRQHandler                          0x080002cb   Thumb Code     0  startup_stm32h750xx.o(.text)
    SPI4_IRQHandler                          0x080002cb   Thumb Code     0  startup_stm32h750xx.o(.text)
    SPI5_IRQHandler                          0x080002cb   Thumb Code     0  startup_stm32h750xx.o(.text)
    SPI6_IRQHandler                          0x080002cb   Thumb Code     0  startup_stm32h750xx.o(.text)
    SWPMI1_IRQHandler                        0x080002cb   Thumb Code     0  startup_stm32h750xx.o(.text)
    TAMP_STAMP_IRQHandler                    0x080002cb   Thumb Code     0  startup_stm32h750xx.o(.text)
    TIM15_IRQHandler                         0x080002cb   Thumb Code     0  startup_stm32h750xx.o(.text)
    TIM16_IRQHandler                         0x080002cb   Thumb Code     0  startup_stm32h750xx.o(.text)
    TIM17_IRQHandler                         0x080002cb   Thumb Code     0  startup_stm32h750xx.o(.text)
    TIM1_BRK_IRQHandler                      0x080002cb   Thumb Code     0  startup_stm32h750xx.o(.text)
    TIM1_CC_IRQHandler                       0x080002cb   Thumb Code     0  startup_stm32h750xx.o(.text)
    TIM1_TRG_COM_IRQHandler                  0x080002cb   Thumb Code     0  startup_stm32h750xx.o(.text)
    TIM1_UP_IRQHandler                       0x080002cb   Thumb Code     0  startup_stm32h750xx.o(.text)
    TIM2_IRQHandler                          0x080002cb   Thumb Code     0  startup_stm32h750xx.o(.text)
    TIM3_IRQHandler                          0x080002cb   Thumb Code     0  startup_stm32h750xx.o(.text)
    TIM4_IRQHandler                          0x080002cb   Thumb Code     0  startup_stm32h750xx.o(.text)
    TIM5_IRQHandler                          0x080002cb   Thumb Code     0  startup_stm32h750xx.o(.text)
    TIM6_DAC_IRQHandler                      0x080002cb   Thumb Code     0  startup_stm32h750xx.o(.text)
    TIM7_IRQHandler                          0x080002cb   Thumb Code     0  startup_stm32h750xx.o(.text)
    TIM8_BRK_TIM12_IRQHandler                0x080002cb   Thumb Code     0  startup_stm32h750xx.o(.text)
    TIM8_CC_IRQHandler                       0x080002cb   Thumb Code     0  startup_stm32h750xx.o(.text)
    TIM8_TRG_COM_TIM14_IRQHandler            0x080002cb   Thumb Code     0  startup_stm32h750xx.o(.text)
    TIM8_UP_TIM13_IRQHandler                 0x080002cb   Thumb Code     0  startup_stm32h750xx.o(.text)
    UART4_IRQHandler                         0x080002cb   Thumb Code     0  startup_stm32h750xx.o(.text)
    UART5_IRQHandler                         0x080002cb   Thumb Code     0  startup_stm32h750xx.o(.text)
    UART7_IRQHandler                         0x080002cb   Thumb Code     0  startup_stm32h750xx.o(.text)
    UART8_IRQHandler                         0x080002cb   Thumb Code     0  startup_stm32h750xx.o(.text)
    USART2_IRQHandler                        0x080002cb   Thumb Code     0  startup_stm32h750xx.o(.text)
    USART3_IRQHandler                        0x080002cb   Thumb Code     0  startup_stm32h750xx.o(.text)
    USART6_IRQHandler                        0x080002cb   Thumb Code     0  startup_stm32h750xx.o(.text)
    WAKEUP_PIN_IRQHandler                    0x080002cb   Thumb Code     0  startup_stm32h750xx.o(.text)
    WWDG_IRQHandler                          0x080002cb   Thumb Code     0  startup_stm32h750xx.o(.text)
    start_app                                0x080002cd   Thumb Code    12  startup_stm32h750xx.o(.text)
    __aeabi_uldivmod                         0x080002e5   Thumb Code    98  uldiv.o(.text)
    __aeabi_memcpy                           0x08000347   Thumb Code    36  memcpya.o(.text)
    __aeabi_memcpy4                          0x08000347   Thumb Code     0  memcpya.o(.text)
    __aeabi_memcpy8                          0x08000347   Thumb Code     0  memcpya.o(.text)
    __aeabi_memset                           0x0800036b   Thumb Code    14  memseta.o(.text)
    __aeabi_memset4                          0x0800036b   Thumb Code     0  memseta.o(.text)
    __aeabi_memset8                          0x0800036b   Thumb Code     0  memseta.o(.text)
    __aeabi_memclr                           0x08000379   Thumb Code     4  memseta.o(.text)
    __aeabi_memclr4                          0x08000379   Thumb Code     0  memseta.o(.text)
    __aeabi_memclr8                          0x08000379   Thumb Code     0  memseta.o(.text)
    _memset$wrapper                          0x0800037d   Thumb Code    18  memseta.o(.text)
    __aeabi_llsl                             0x0800038f   Thumb Code    30  llshl.o(.text)
    _ll_shift_l                              0x0800038f   Thumb Code     0  llshl.o(.text)
    __aeabi_llsr                             0x080003ad   Thumb Code    32  llushr.o(.text)
    _ll_ushift_r                             0x080003ad   Thumb Code     0  llushr.o(.text)
    __scatterload                            0x080003cd   Thumb Code    28  init.o(.text)
    __scatterload_rt2                        0x080003cd   Thumb Code     0  init.o(.text)
    BSP_QSPI_Erase_Block                     0x080003f1   Thumb Code    90  qspi_norflash.o(i.BSP_QSPI_Erase_Block)
    BSP_QSPI_FastRead                        0x08000469   Thumb Code   108  qspi_norflash.o(i.BSP_QSPI_FastRead)
    BSP_QSPI_Init                            0x080004f5   Thumb Code   104  qspi_norflash.o(i.BSP_QSPI_Init)
    BSP_QSPI_Write                           0x08000561   Thumb Code   136  qspi_norflash.o(i.BSP_QSPI_Write)
    BSP_QSPI_WriteUnfixed                    0x08000631   Thumb Code   186  qspi_norflash.o(i.BSP_QSPI_WriteUnfixed)
    BusFault_Handler                         0x080006eb   Thumb Code     2  stm32h7xx_it.o(i.BusFault_Handler)
    DebugMon_Handler                         0x080006ed   Thumb Code     2  stm32h7xx_it.o(i.DebugMon_Handler)
    Error_Handler                            0x080006ef   Thumb Code     4  main.o(i.Error_Handler)
    HAL_DMA_Abort                            0x080006f5   Thumb Code   836  stm32h7xx_hal_dma.o(i.HAL_DMA_Abort)
    HAL_DMA_Abort_IT                         0x08000a55   Thumb Code   602  stm32h7xx_hal_dma.o(i.HAL_DMA_Abort_IT)
    HAL_Delay                                0x08000cd9   Thumb Code    32  stm32h7xx_hal.o(i.HAL_Delay)
    HAL_GPIO_Init                            0x08000cfd   Thumb Code   506  stm32h7xx_hal_gpio.o(i.HAL_GPIO_Init)
    HAL_GPIO_WritePin                        0x08000f29   Thumb Code    10  stm32h7xx_hal_gpio.o(i.HAL_GPIO_WritePin)
    HAL_GetREVID                             0x08000f35   Thumb Code     8  stm32h7xx_hal.o(i.HAL_GetREVID)
    HAL_GetTick                              0x08000f41   Thumb Code     6  stm32h7xx_hal.o(i.HAL_GetTick)
    HAL_IncTick                              0x08000f4d   Thumb Code    12  stm32h7xx_hal.o(i.HAL_IncTick)
    HAL_Init                                 0x08000f5d   Thumb Code    74  stm32h7xx_hal.o(i.HAL_Init)
    HAL_InitTick                             0x08000fb9   Thumb Code    56  stm32h7xx_hal.o(i.HAL_InitTick)
    HAL_MspInit                              0x08000ff9   Thumb Code    22  stm32h7xx_hal_msp.o(i.HAL_MspInit)
    HAL_NVIC_EnableIRQ                       0x08001015   Thumb Code    26  stm32h7xx_hal_cortex.o(i.HAL_NVIC_EnableIRQ)
    HAL_NVIC_SetPriority                     0x08001031   Thumb Code    60  stm32h7xx_hal_cortex.o(i.HAL_NVIC_SetPriority)
    HAL_NVIC_SetPriorityGrouping             0x08001071   Thumb Code    28  stm32h7xx_hal_cortex.o(i.HAL_NVIC_SetPriorityGrouping)
    HAL_PWREx_ConfigSupply                   0x08001095   Thumb Code    78  stm32h7xx_hal_pwr_ex.o(i.HAL_PWREx_ConfigSupply)
    HAL_QSPI_AutoPolling                     0x080010e9   Thumb Code   172  stm32h7xx_hal_qspi.o(i.HAL_QSPI_AutoPolling)
    HAL_QSPI_Command                         0x08001195   Thumb Code   134  stm32h7xx_hal_qspi.o(i.HAL_QSPI_Command)
    HAL_QSPI_Init                            0x0800121d   Thumb Code   162  stm32h7xx_hal_qspi.o(i.HAL_QSPI_Init)
    HAL_QSPI_MspInit                         0x080012c9   Thumb Code   226  quadspi.o(i.HAL_QSPI_MspInit)
    HAL_QSPI_Receive                         0x080013c1   Thumb Code   190  stm32h7xx_hal_qspi.o(i.HAL_QSPI_Receive)
    HAL_QSPI_Transmit                        0x08001481   Thumb Code   182  stm32h7xx_hal_qspi.o(i.HAL_QSPI_Transmit)
    HAL_RCCEx_GetD3PCLK1Freq                 0x08001539   Thumb Code    26  stm32h7xx_hal_rcc_ex.o(i.HAL_RCCEx_GetD3PCLK1Freq)
    HAL_RCCEx_GetPLL2ClockFreq               0x0800155d   Thumb Code   296  stm32h7xx_hal_rcc_ex.o(i.HAL_RCCEx_GetPLL2ClockFreq)
    HAL_RCCEx_GetPLL3ClockFreq               0x080016a1   Thumb Code   296  stm32h7xx_hal_rcc_ex.o(i.HAL_RCCEx_GetPLL3ClockFreq)
    HAL_RCCEx_PeriphCLKConfig                0x080017e5   Thumb Code  2258  stm32h7xx_hal_rcc_ex.o(i.HAL_RCCEx_PeriphCLKConfig)
    HAL_RCC_ClockConfig                      0x080020b9   Thumb Code   580  stm32h7xx_hal_rcc.o(i.HAL_RCC_ClockConfig)
    HAL_RCC_GetHCLKFreq                      0x08002315   Thumb Code    52  stm32h7xx_hal_rcc.o(i.HAL_RCC_GetHCLKFreq)
    HAL_RCC_GetPCLK1Freq                     0x08002359   Thumb Code    26  stm32h7xx_hal_rcc.o(i.HAL_RCC_GetPCLK1Freq)
    HAL_RCC_GetPCLK2Freq                     0x0800237d   Thumb Code    26  stm32h7xx_hal_rcc.o(i.HAL_RCC_GetPCLK2Freq)
    HAL_RCC_GetSysClockFreq                  0x080023a1   Thumb Code   278  stm32h7xx_hal_rcc.o(i.HAL_RCC_GetSysClockFreq)
    HAL_RCC_OscConfig                        0x080024d9   Thumb Code  1322  stm32h7xx_hal_rcc.o(i.HAL_RCC_OscConfig)
    HAL_SPI_Init                             0x08002a09   Thumb Code   330  stm32h7xx_hal_spi.o(i.HAL_SPI_Init)
    HAL_SPI_MspInit                          0x08002b61   Thumb Code   122  spi.o(i.HAL_SPI_MspInit)
    HAL_SPI_Receive                          0x08002be9   Thumb Code   502  stm32h7xx_hal_spi.o(i.HAL_SPI_Receive)
    HAL_SPI_Transmit                         0x08002ddf   Thumb Code   568  stm32h7xx_hal_spi.o(i.HAL_SPI_Transmit)
    HAL_SPI_TransmitReceive                  0x08003017   Thumb Code   622  stm32h7xx_hal_spi.o(i.HAL_SPI_TransmitReceive)
    HAL_SYSTICK_Config                       0x08003285   Thumb Code    38  stm32h7xx_hal_cortex.o(i.HAL_SYSTICK_Config)
    HAL_UARTEx_DisableFifoMode               0x080032ab   Thumb Code    64  stm32h7xx_hal_uart_ex.o(i.HAL_UARTEx_DisableFifoMode)
    HAL_UARTEx_RxEventCallback               0x080032eb   Thumb Code     2  stm32h7xx_hal_uart.o(i.HAL_UARTEx_RxEventCallback)
    HAL_UARTEx_RxFifoFullCallback            0x080032ed   Thumb Code     2  stm32h7xx_hal_uart_ex.o(i.HAL_UARTEx_RxFifoFullCallback)
    HAL_UARTEx_SetRxFifoThreshold            0x080032ef   Thumb Code    76  stm32h7xx_hal_uart_ex.o(i.HAL_UARTEx_SetRxFifoThreshold)
    HAL_UARTEx_SetTxFifoThreshold            0x0800333b   Thumb Code    76  stm32h7xx_hal_uart_ex.o(i.HAL_UARTEx_SetTxFifoThreshold)
    HAL_UARTEx_TxFifoEmptyCallback           0x08003387   Thumb Code     2  stm32h7xx_hal_uart_ex.o(i.HAL_UARTEx_TxFifoEmptyCallback)
    HAL_UARTEx_WakeupCallback                0x08003389   Thumb Code     2  stm32h7xx_hal_uart_ex.o(i.HAL_UARTEx_WakeupCallback)
    HAL_UART_ErrorCallback                   0x0800338b   Thumb Code     2  stm32h7xx_hal_uart.o(i.HAL_UART_ErrorCallback)
    HAL_UART_IRQHandler                      0x0800338d   Thumb Code   838  stm32h7xx_hal_uart.o(i.HAL_UART_IRQHandler)
    HAL_UART_Init                            0x080036ed   Thumb Code   106  stm32h7xx_hal_uart.o(i.HAL_UART_Init)
    HAL_UART_MspInit                         0x08003759   Thumb Code   134  usart.o(i.HAL_UART_MspInit)
    HAL_UART_Receive_IT                      0x080037ed   Thumb Code    80  stm32h7xx_hal_uart.o(i.HAL_UART_Receive_IT)
    HAL_UART_RxCpltCallback                  0x08003841   Thumb Code    26  public.o(i.HAL_UART_RxCpltCallback)
    HAL_UART_Transmit                        0x08003869   Thumb Code   190  stm32h7xx_hal_uart.o(i.HAL_UART_Transmit)
    HAL_UART_TxCpltCallback                  0x08003927   Thumb Code     2  stm32h7xx_hal_uart.o(i.HAL_UART_TxCpltCallback)
    HardFault_Handler                        0x08003929   Thumb Code     2  stm32h7xx_it.o(i.HardFault_Handler)
    MX_GPIO_Init                             0x0800392d   Thumb Code   246  gpio.o(i.MX_GPIO_Init)
    MX_QUADSPI_Init                          0x08003a41   Thumb Code    54  quadspi.o(i.MX_QUADSPI_Init)
    MX_SPI2_Init                             0x08003a81   Thumb Code    82  spi.o(i.MX_SPI2_Init)
    MX_USART1_UART_Init                      0x08003add   Thumb Code    94  usart.o(i.MX_USART1_UART_Init)
    MemManage_Handler                        0x08003b45   Thumb Code     2  stm32h7xx_it.o(i.MemManage_Handler)
    NMI_Handler                              0x08003b47   Thumb Code     2  stm32h7xx_it.o(i.NMI_Handler)
    PendSV_Handler                           0x08003b49   Thumb Code     2  stm32h7xx_it.o(i.PendSV_Handler)
    QSPI_FLASH_ReadStatusReg                 0x08003d41   Thumb Code   120  qspi_norflash.o(i.QSPI_FLASH_ReadStatusReg)
    QSPI_ResetMemory                         0x08003dd5   Thumb Code    90  qspi_norflash.o(i.QSPI_ResetMemory)
    SPI_Flash_EraseSector                    0x080041f1   Thumb Code    74  spi_norflash.o(i.SPI_Flash_EraseSector)
    SPI_Flash_ReadByte                       0x08004241   Thumb Code    28  spi_norflash.o(i.SPI_Flash_ReadByte)
    SPI_Flash_ReadUnfixed                    0x08004261   Thumb Code    90  spi_norflash.o(i.SPI_Flash_ReadUnfixed)
    SPI_Flash_WritePage                      0x08004339   Thumb Code   110  spi_norflash.o(i.SPI_Flash_WritePage)
    SPI_Flash_WriteUnfixed                   0x080043d1   Thumb Code   190  spi_norflash.o(i.SPI_Flash_WriteUnfixed)
    SVC_Handler                              0x080044d1   Thumb Code     2  stm32h7xx_it.o(i.SVC_Handler)
    SysTick_Handler                          0x080044d3   Thumb Code     4  stm32h7xx_it.o(i.SysTick_Handler)
    SystemClock_Config                       0x080044d9   Thumb Code   210  main.o(i.SystemClock_Config)
    SystemInit                               0x080045b9   Thumb Code   180  system_stm32h7xx.o(i.SystemInit)
    UART_AdvFeatureConfig                    0x080046d9   Thumb Code   200  stm32h7xx_hal_uart.o(i.UART_AdvFeatureConfig)
    UART_CheckIdleState                      0x080047a1   Thumb Code    96  stm32h7xx_hal_uart.o(i.UART_CheckIdleState)
    UART_SetConfig                           0x08004c99   Thumb Code   876  stm32h7xx_hal_uart.o(i.UART_SetConfig)
    UART_Start_Receive_IT                    0x08005045   Thumb Code   262  stm32h7xx_hal_uart.o(i.UART_Start_Receive_IT)
    UART_WaitOnFlagUntilTimeout              0x0800515d   Thumb Code   202  stm32h7xx_hal_uart.o(i.UART_WaitOnFlagUntilTimeout)
    USART1_IRQHandler                        0x08005229   Thumb Code     6  stm32h7xx_it.o(i.USART1_IRQHandler)
    UsageFault_Handler                       0x08005235   Thumb Code     2  stm32h7xx_it.o(i.UsageFault_Handler)
    __0printf$5                              0x08005239   Thumb Code    22  printf5.o(i.__0printf$5)
    __1printf$5                              0x08005239   Thumb Code     0  printf5.o(i.__0printf$5)
    __2printf                                0x08005239   Thumb Code     0  printf5.o(i.__0printf$5)
    __scatterload_copy                       0x0800527b   Thumb Code    14  handlers.o(i.__scatterload_copy)
    __scatterload_null                       0x08005289   Thumb Code     2  handlers.o(i.__scatterload_null)
    __scatterload_zeroinit                   0x0800528b   Thumb Code    14  handlers.o(i.__scatterload_zeroinit)
    com_general_handle                       0x08005571   Thumb Code    48  communications.o(i.com_general_handle)
    com_module_init                          0x080055a1   Thumb Code    32  communications.o(i.com_module_init)
    fputc                                    0x080055c9   Thumb Code    18  public.o(i.fputc)
    iap_get_updata_flag                      0x080055e1   Thumb Code     8  iap.o(i.iap_get_updata_flag)
    iap_init                                 0x080055ed   Thumb Code    16  iap.o(i.iap_init)
    iap_jump                                 0x08005601   Thumb Code   146  iap.o(i.iap_jump)
    iap_revice                               0x080056f9   Thumb Code   246  iap.o(i.iap_revice)
    iap_set_updata_flag                      0x08005895   Thumb Code     8  iap.o(i.iap_set_updata_flag)
    main                                     0x080058a1   Thumb Code    34  main.o(i.main)
    queue_clear                              0x080058c3   Thumb Code     8  my_structure.o(i.queue_clear)
    queue_extract                            0x080058cb   Thumb Code    40  my_structure.o(i.queue_extract)
    queue_init                               0x080058f3   Thumb Code    12  my_structure.o(i.queue_init)
    queue_insert                             0x080058ff   Thumb Code    50  my_structure.o(i.queue_insert)
    queue_length                             0x08005931   Thumb Code    24  my_structure.o(i.queue_length)
    run                                      0x08005949   Thumb Code    42  public.o(i.run)
    UARTPrescTable                           0x08005a9c   Data          24  stm32h7xx_hal_uart.o(.constdata)
    D1CorePrescTable                         0x08005ac4   Data          16  system_stm32h7xx.o(.constdata)
    Region$$Table$$Base                      0x08005ad4   Number         0  anon$$obj.o(Region$$Table)
    Region$$Table$$Limit                     0x08005af4   Number         0  anon$$obj.o(Region$$Table)
    updata_buff                              0x24000000   Data           1  public.o(.data)
    flash_addr                               0x2400000c   Data           4  iap.o(.data)
    uwTickFreq                               0x24000010   Data           1  stm32h7xx_hal.o(.data)
    uwTickPrio                               0x24000014   Data           4  stm32h7xx_hal.o(.data)
    uwTick                                   0x24000018   Data           4  stm32h7xx_hal.o(.data)
    SystemCoreClock                          0x2400001c   Data           4  system_stm32h7xx.o(.data)
    SystemD2Clock                            0x24000020   Data           4  system_stm32h7xx.o(.data)
    __stdout                                 0x24000024   Data           4  stdout.o(.data)
    com_usart1                               0x24000148   Data          20  communications.o(.bss)
    hqspi                                    0x240001ac   Data          76  quadspi.o(.bss)
    hspi2                                    0x240001f8   Data         136  spi.o(.bss)
    huart1                                   0x24000280   Data         144  usart.o(.bss)
    __initial_sp                             0x24000710   Data           0  startup_stm32h750xx.o(STACK)



==============================================================================

Memory Map of the image

  Image Entry point : 0x08000299

  Load Region LR_IROM1 (Base: 0x08000000, Size: 0x00005b1c, Max: 0x00200000, ABSOLUTE)

    Execution Region ER_IROM1 (Exec base: 0x08000000, Load base: 0x08000000, Size: 0x00005af4, Max: 0x00200000, ABSOLUTE)

    Exec Addr    Load Addr    Size         Type   Attr      Idx    E Section Name        Object

    0x08000000   0x08000000   0x00000298   Data   RO          914    RESET               startup_stm32h750xx.o
    0x08000298   0x08000298   0x00000000   Code   RO         4761  * .ARM.Collect$$$$00000000  mc_w.l(entry.o)
    0x08000298   0x08000298   0x00000004   Code   RO         5033    .ARM.Collect$$$$00000001  mc_w.l(entry2.o)
    0x0800029c   0x0800029c   0x00000004   Code   RO         5036    .ARM.Collect$$$$00000004  mc_w.l(entry5.o)
    0x080002a0   0x080002a0   0x00000000   Code   RO         5038    .ARM.Collect$$$$00000008  mc_w.l(entry7b.o)
    0x080002a0   0x080002a0   0x00000000   Code   RO         5040    .ARM.Collect$$$$0000000A  mc_w.l(entry8b.o)
    0x080002a0   0x080002a0   0x00000008   Code   RO         5041    .ARM.Collect$$$$0000000B  mc_w.l(entry9a.o)
    0x080002a8   0x080002a8   0x00000004   Code   RO         5048    .ARM.Collect$$$$0000000E  mc_w.l(entry12b.o)
    0x080002ac   0x080002ac   0x00000000   Code   RO         5043    .ARM.Collect$$$$0000000F  mc_w.l(entry10a.o)
    0x080002ac   0x080002ac   0x00000000   Code   RO         5045    .ARM.Collect$$$$00000011  mc_w.l(entry11a.o)
    0x080002ac   0x080002ac   0x00000004   Code   RO         5034    .ARM.Collect$$$$00002712  mc_w.l(entry2.o)
    0x080002b0   0x080002b0   0x00000034   Code   RO          915    .text               startup_stm32h750xx.o
    0x080002e4   0x080002e4   0x00000062   Code   RO         4764    .text               mc_w.l(uldiv.o)
    0x08000346   0x08000346   0x00000024   Code   RO         4766    .text               mc_w.l(memcpya.o)
    0x0800036a   0x0800036a   0x00000024   Code   RO         4768    .text               mc_w.l(memseta.o)
    0x0800038e   0x0800038e   0x0000001e   Code   RO         5052    .text               mc_w.l(llshl.o)
    0x080003ac   0x080003ac   0x00000020   Code   RO         5054    .text               mc_w.l(llushr.o)
    0x080003cc   0x080003cc   0x00000024   Code   RO         5067    .text               mc_w.l(init.o)
    0x080003f0   0x080003f0   0x00000078   Code   RO          567    i.BSP_QSPI_Erase_Block  qspi_norflash.o
    0x08000468   0x08000468   0x0000008c   Code   RO          569    i.BSP_QSPI_FastRead  qspi_norflash.o
    0x080004f4   0x080004f4   0x0000006c   Code   RO          572    i.BSP_QSPI_Init     qspi_norflash.o
    0x08000560   0x08000560   0x000000d0   Code   RO          574    i.BSP_QSPI_Write    qspi_norflash.o
    0x08000630   0x08000630   0x000000ba   Code   RO          576    i.BSP_QSPI_WriteUnfixed  qspi_norflash.o
    0x080006ea   0x080006ea   0x00000002   Code   RO         1122    i.BusFault_Handler  stm32h7xx_it.o
    0x080006ec   0x080006ec   0x00000002   Code   RO         1123    i.DebugMon_Handler  stm32h7xx_it.o
    0x080006ee   0x080006ee   0x00000004   Code   RO          922    i.Error_Handler     main.o
    0x080006f2   0x080006f2   0x00000002   PAD
    0x080006f4   0x080006f4   0x00000360   Code   RO         1994    i.HAL_DMA_Abort     stm32h7xx_hal_dma.o
    0x08000a54   0x08000a54   0x00000284   Code   RO         1995    i.HAL_DMA_Abort_IT  stm32h7xx_hal_dma.o
    0x08000cd8   0x08000cd8   0x00000024   Code   RO         2703    i.HAL_Delay         stm32h7xx_hal.o
    0x08000cfc   0x08000cfc   0x0000022c   Code   RO         1842    i.HAL_GPIO_Init     stm32h7xx_hal_gpio.o
    0x08000f28   0x08000f28   0x0000000a   Code   RO         1846    i.HAL_GPIO_WritePin  stm32h7xx_hal_gpio.o
    0x08000f32   0x08000f32   0x00000002   PAD
    0x08000f34   0x08000f34   0x0000000c   Code   RO         2714    i.HAL_GetREVID      stm32h7xx_hal.o
    0x08000f40   0x08000f40   0x0000000c   Code   RO         2715    i.HAL_GetTick       stm32h7xx_hal.o
    0x08000f4c   0x08000f4c   0x00000010   Code   RO         2721    i.HAL_IncTick       stm32h7xx_hal.o
    0x08000f5c   0x08000f5c   0x0000005c   Code   RO         2722    i.HAL_Init          stm32h7xx_hal.o
    0x08000fb8   0x08000fb8   0x00000040   Code   RO         2723    i.HAL_InitTick      stm32h7xx_hal.o
    0x08000ff8   0x08000ff8   0x0000001c   Code   RO         1204    i.HAL_MspInit       stm32h7xx_hal_msp.o
    0x08001014   0x08001014   0x0000001a   Code   RO         1234    i.HAL_NVIC_EnableIRQ  stm32h7xx_hal_cortex.o
    0x0800102e   0x0800102e   0x00000002   PAD
    0x08001030   0x08001030   0x00000040   Code   RO         1240    i.HAL_NVIC_SetPriority  stm32h7xx_hal_cortex.o
    0x08001070   0x08001070   0x00000024   Code   RO         1241    i.HAL_NVIC_SetPriorityGrouping  stm32h7xx_hal_cortex.o
    0x08001094   0x08001094   0x00000054   Code   RO         2443    i.HAL_PWREx_ConfigSupply  stm32h7xx_hal_pwr_ex.o
    0x080010e8   0x080010e8   0x000000ac   Code   RO         3599    i.HAL_QSPI_AutoPolling  stm32h7xx_hal_qspi.o
    0x08001194   0x08001194   0x00000086   Code   RO         3602    i.HAL_QSPI_Command  stm32h7xx_hal_qspi.o
    0x0800121a   0x0800121a   0x00000002   PAD
    0x0800121c   0x0800121c   0x000000ac   Code   RO         3611    i.HAL_QSPI_Init     stm32h7xx_hal_qspi.o
    0x080012c8   0x080012c8   0x000000f8   Code   RO          997    i.HAL_QSPI_MspInit  quadspi.o
    0x080013c0   0x080013c0   0x000000be   Code   RO         3615    i.HAL_QSPI_Receive  stm32h7xx_hal_qspi.o
    0x0800147e   0x0800147e   0x00000002   PAD
    0x08001480   0x08001480   0x000000b6   Code   RO         3624    i.HAL_QSPI_Transmit  stm32h7xx_hal_qspi.o
    0x08001536   0x08001536   0x00000002   PAD
    0x08001538   0x08001538   0x00000024   Code   RO         1485    i.HAL_RCCEx_GetD3PCLK1Freq  stm32h7xx_hal_rcc_ex.o
    0x0800155c   0x0800155c   0x00000144   Code   RO         1487    i.HAL_RCCEx_GetPLL2ClockFreq  stm32h7xx_hal_rcc_ex.o
    0x080016a0   0x080016a0   0x00000144   Code   RO         1488    i.HAL_RCCEx_GetPLL3ClockFreq  stm32h7xx_hal_rcc_ex.o
    0x080017e4   0x080017e4   0x000008d2   Code   RO         1494    i.HAL_RCCEx_PeriphCLKConfig  stm32h7xx_hal_rcc_ex.o
    0x080020b6   0x080020b6   0x00000002   PAD
    0x080020b8   0x080020b8   0x0000025c   Code   RO         1370    i.HAL_RCC_ClockConfig  stm32h7xx_hal_rcc.o
    0x08002314   0x08002314   0x00000044   Code   RO         1375    i.HAL_RCC_GetHCLKFreq  stm32h7xx_hal_rcc.o
    0x08002358   0x08002358   0x00000024   Code   RO         1377    i.HAL_RCC_GetPCLK1Freq  stm32h7xx_hal_rcc.o
    0x0800237c   0x0800237c   0x00000024   Code   RO         1378    i.HAL_RCC_GetPCLK2Freq  stm32h7xx_hal_rcc.o
    0x080023a0   0x080023a0   0x00000138   Code   RO         1379    i.HAL_RCC_GetSysClockFreq  stm32h7xx_hal_rcc.o
    0x080024d8   0x080024d8   0x00000530   Code   RO         1382    i.HAL_RCC_OscConfig  stm32h7xx_hal_rcc.o
    0x08002a08   0x08002a08   0x00000158   Code   RO         3847    i.HAL_SPI_Init      stm32h7xx_hal_spi.o
    0x08002b60   0x08002b60   0x00000088   Code   RO         1039    i.HAL_SPI_MspInit   spi.o
    0x08002be8   0x08002be8   0x000001f6   Code   RO         3850    i.HAL_SPI_Receive   stm32h7xx_hal_spi.o
    0x08002dde   0x08002dde   0x00000238   Code   RO         3855    i.HAL_SPI_Transmit  stm32h7xx_hal_spi.o
    0x08003016   0x08003016   0x0000026e   Code   RO         3856    i.HAL_SPI_TransmitReceive  stm32h7xx_hal_spi.o
    0x08003284   0x08003284   0x00000026   Code   RO         1245    i.HAL_SYSTICK_Config  stm32h7xx_hal_cortex.o
    0x080032aa   0x080032aa   0x00000040   Code   RO         4615    i.HAL_UARTEx_DisableFifoMode  stm32h7xx_hal_uart_ex.o
    0x080032ea   0x080032ea   0x00000002   Code   RO         4204    i.HAL_UARTEx_RxEventCallback  stm32h7xx_hal_uart.o
    0x080032ec   0x080032ec   0x00000002   Code   RO         4622    i.HAL_UARTEx_RxFifoFullCallback  stm32h7xx_hal_uart_ex.o
    0x080032ee   0x080032ee   0x0000004c   Code   RO         4623    i.HAL_UARTEx_SetRxFifoThreshold  stm32h7xx_hal_uart_ex.o
    0x0800333a   0x0800333a   0x0000004c   Code   RO         4624    i.HAL_UARTEx_SetTxFifoThreshold  stm32h7xx_hal_uart_ex.o
    0x08003386   0x08003386   0x00000002   Code   RO         4626    i.HAL_UARTEx_TxFifoEmptyCallback  stm32h7xx_hal_uart_ex.o
    0x08003388   0x08003388   0x00000002   Code   RO         4627    i.HAL_UARTEx_WakeupCallback  stm32h7xx_hal_uart_ex.o
    0x0800338a   0x0800338a   0x00000002   Code   RO         4220    i.HAL_UART_ErrorCallback  stm32h7xx_hal_uart.o
    0x0800338c   0x0800338c   0x00000360   Code   RO         4223    i.HAL_UART_IRQHandler  stm32h7xx_hal_uart.o
    0x080036ec   0x080036ec   0x0000006a   Code   RO         4224    i.HAL_UART_Init     stm32h7xx_hal_uart.o
    0x08003756   0x08003756   0x00000002   PAD
    0x08003758   0x08003758   0x00000094   Code   RO         1081    i.HAL_UART_MspInit  usart.o
    0x080037ec   0x080037ec   0x00000054   Code   RO         4229    i.HAL_UART_Receive_IT  stm32h7xx_hal_uart.o
    0x08003840   0x08003840   0x00000028   Code   RO            5    i.HAL_UART_RxCpltCallback  public.o
    0x08003868   0x08003868   0x000000be   Code   RO         4233    i.HAL_UART_Transmit  stm32h7xx_hal_uart.o
    0x08003926   0x08003926   0x00000002   Code   RO         4236    i.HAL_UART_TxCpltCallback  stm32h7xx_hal_uart.o
    0x08003928   0x08003928   0x00000002   Code   RO         1124    i.HardFault_Handler  stm32h7xx_it.o
    0x0800392a   0x0800392a   0x00000002   PAD
    0x0800392c   0x0800392c   0x00000114   Code   RO          969    i.MX_GPIO_Init      gpio.o
    0x08003a40   0x08003a40   0x00000040   Code   RO          998    i.MX_QUADSPI_Init   quadspi.o
    0x08003a80   0x08003a80   0x0000005c   Code   RO         1040    i.MX_SPI2_Init      spi.o
    0x08003adc   0x08003adc   0x00000068   Code   RO         1082    i.MX_USART1_UART_Init  usart.o
    0x08003b44   0x08003b44   0x00000002   Code   RO         1125    i.MemManage_Handler  stm32h7xx_it.o
    0x08003b46   0x08003b46   0x00000002   Code   RO         1126    i.NMI_Handler       stm32h7xx_it.o
    0x08003b48   0x08003b48   0x00000002   Code   RO         1127    i.PendSV_Handler    stm32h7xx_it.o
    0x08003b4a   0x08003b4a   0x00000002   PAD
    0x08003b4c   0x08003b4c   0x0000004c   Code   RO          578    i.QSPI_AutoPollingMemReady  qspi_norflash.o
    0x08003b98   0x08003b98   0x000001a8   Code   RO         3628    i.QSPI_Config       stm32h7xx_hal_qspi.o
    0x08003d40   0x08003d40   0x00000094   Code   RO          583    i.QSPI_FLASH_ReadStatusReg  qspi_norflash.o
    0x08003dd4   0x08003dd4   0x00000070   Code   RO          586    i.QSPI_ResetMemory  qspi_norflash.o
    0x08003e44   0x08003e44   0x00000048   Code   RO         3633    i.QSPI_WaitFlagStateUntilTimeout  stm32h7xx_hal_qspi.o
    0x08003e8c   0x08003e8c   0x00000068   Code   RO          587    i.QSPI_WriteEnable  qspi_norflash.o
    0x08003ef4   0x08003ef4   0x00000120   Code   RO         1497    i.RCCEx_PLL2_Config  stm32h7xx_hal_rcc_ex.o
    0x08004014   0x08004014   0x00000120   Code   RO         1498    i.RCCEx_PLL3_Config  stm32h7xx_hal_rcc_ex.o
    0x08004134   0x08004134   0x000000bc   Code   RO         3866    i.SPI_CloseTransfer  stm32h7xx_hal_spi.o
    0x080041f0   0x080041f0   0x00000050   Code   RO          720    i.SPI_Flash_EraseSector  spi_norflash.o
    0x08004240   0x08004240   0x00000020   Code   RO          722    i.SPI_Flash_ReadByte  spi_norflash.o
    0x08004260   0x08004260   0x00000060   Code   RO          724    i.SPI_Flash_ReadUnfixed  spi_norflash.o
    0x080042c0   0x080042c0   0x00000034   Code   RO          725    i.SPI_Flash_WaitForWriteEnd  spi_norflash.o
    0x080042f4   0x080042f4   0x00000018   Code   RO          726    i.SPI_Flash_WriteByte  spi_norflash.o
    0x0800430c   0x0800430c   0x0000002c   Code   RO          727    i.SPI_Flash_WriteEnable  spi_norflash.o
    0x08004338   0x08004338   0x00000098   Code   RO          728    i.SPI_Flash_WritePage  spi_norflash.o
    0x080043d0   0x080043d0   0x000000be   Code   RO          729    i.SPI_Flash_WriteUnfixed  spi_norflash.o
    0x0800448e   0x0800448e   0x00000042   Code   RO         3883    i.SPI_WaitOnFlagUntilTimeout  stm32h7xx_hal_spi.o
    0x080044d0   0x080044d0   0x00000002   Code   RO         1128    i.SVC_Handler       stm32h7xx_it.o
    0x080044d2   0x080044d2   0x00000004   Code   RO         1129    i.SysTick_Handler   stm32h7xx_it.o
    0x080044d6   0x080044d6   0x00000002   PAD
    0x080044d8   0x080044d8   0x000000e0   Code   RO          923    i.SystemClock_Config  main.o
    0x080045b8   0x080045b8   0x000000dc   Code   RO         4728    i.SystemInit        system_stm32h7xx.o
    0x08004694   0x08004694   0x00000044   Code   RO         4628    i.UARTEx_SetNbDataToProcess  stm32h7xx_hal_uart_ex.o
    0x080046d8   0x080046d8   0x000000c8   Code   RO         4238    i.UART_AdvFeatureConfig  stm32h7xx_hal_uart.o
    0x080047a0   0x080047a0   0x00000060   Code   RO         4239    i.UART_CheckIdleState  stm32h7xx_hal_uart.o
    0x08004800   0x08004800   0x00000014   Code   RO         4240    i.UART_DMAAbortOnError  stm32h7xx_hal_uart.o
    0x08004814   0x08004814   0x00000054   Code   RO         4250    i.UART_EndRxTransfer  stm32h7xx_hal_uart.o
    0x08004868   0x08004868   0x000000a2   Code   RO         4252    i.UART_RxISR_16BIT  stm32h7xx_hal_uart.o
    0x0800490a   0x0800490a   0x00000002   PAD
    0x0800490c   0x0800490c   0x00000174   Code   RO         4253    i.UART_RxISR_16BIT_FIFOEN  stm32h7xx_hal_uart.o
    0x08004a80   0x08004a80   0x000000a2   Code   RO         4254    i.UART_RxISR_8BIT   stm32h7xx_hal_uart.o
    0x08004b22   0x08004b22   0x00000002   PAD
    0x08004b24   0x08004b24   0x00000174   Code   RO         4255    i.UART_RxISR_8BIT_FIFOEN  stm32h7xx_hal_uart.o
    0x08004c98   0x08004c98   0x000003ac   Code   RO         4256    i.UART_SetConfig    stm32h7xx_hal_uart.o
    0x08005044   0x08005044   0x00000118   Code   RO         4258    i.UART_Start_Receive_IT  stm32h7xx_hal_uart.o
    0x0800515c   0x0800515c   0x000000ca   Code   RO         4263    i.UART_WaitOnFlagUntilTimeout  stm32h7xx_hal_uart.o
    0x08005226   0x08005226   0x00000002   PAD
    0x08005228   0x08005228   0x0000000c   Code   RO         1130    i.USART1_IRQHandler  stm32h7xx_it.o
    0x08005234   0x08005234   0x00000002   Code   RO         1131    i.UsageFault_Handler  stm32h7xx_it.o
    0x08005236   0x08005236   0x00000002   PAD
    0x08005238   0x08005238   0x00000020   Code   RO         4905    i.__0printf$5       mc_w.l(printf5.o)
    0x08005258   0x08005258   0x00000022   Code   RO         1247    i.__NVIC_SetPriority  stm32h7xx_hal_cortex.o
    0x0800527a   0x0800527a   0x0000000e   Code   RO         5075    i.__scatterload_copy  mc_w.l(handlers.o)
    0x08005288   0x08005288   0x00000002   Code   RO         5076    i.__scatterload_null  mc_w.l(handlers.o)
    0x0800528a   0x0800528a   0x0000000e   Code   RO         5077    i.__scatterload_zeroinit  mc_w.l(handlers.o)
    0x08005298   0x08005298   0x000002c0   Code   RO         4912    i._printf_core      mc_w.l(printf5.o)
    0x08005558   0x08005558   0x00000018   Code   RO          817    i.be32_to_cpu       iap.o
    0x08005570   0x08005570   0x00000030   Code   RO          220    i.com_general_handle  communications.o
    0x080055a0   0x080055a0   0x00000028   Code   RO          221    i.com_module_init   communications.o
    0x080055c8   0x080055c8   0x00000018   Code   RO            6    i.fputc             public.o
    0x080055e0   0x080055e0   0x0000000c   Code   RO          822    i.iap_get_updata_flag  iap.o
    0x080055ec   0x080055ec   0x00000014   Code   RO          823    i.iap_init          iap.o
    0x08005600   0x08005600   0x000000f8   Code   RO          824    i.iap_jump          iap.o
    0x080056f8   0x080056f8   0x0000019c   Code   RO          825    i.iap_revice        iap.o
    0x08005894   0x08005894   0x0000000c   Code   RO          827    i.iap_set_updata_flag  iap.o
    0x080058a0   0x080058a0   0x00000022   Code   RO          924    i.main              main.o
    0x080058c2   0x080058c2   0x00000008   Code   RO          409    i.queue_clear       my_structure.o
    0x080058ca   0x080058ca   0x00000028   Code   RO          410    i.queue_extract     my_structure.o
    0x080058f2   0x080058f2   0x0000000c   Code   RO          411    i.queue_init        my_structure.o
    0x080058fe   0x080058fe   0x00000032   Code   RO          412    i.queue_insert      my_structure.o
    0x08005930   0x08005930   0x00000018   Code   RO          413    i.queue_length      my_structure.o
    0x08005948   0x08005948   0x00000054   Code   RO            8    i.run               public.o
    0x0800599c   0x0800599c   0x00000100   Code   RO          223    i.usart1_protocol_parse  communications.o
    0x08005a9c   0x08005a9c   0x00000018   Data   RO         4264    .constdata          stm32h7xx_hal_uart.o
    0x08005ab4   0x08005ab4   0x00000010   Data   RO         4629    .constdata          stm32h7xx_hal_uart_ex.o
    0x08005ac4   0x08005ac4   0x00000010   Data   RO         4729    .constdata          system_stm32h7xx.o
    0x08005ad4   0x08005ad4   0x00000020   Data   RO         5073    Region$$Table       anon$$obj.o


    Execution Region RW_IRAM1 (Exec base: 0x20000000, Load base: 0x08005af4, Size: 0x00000000, Max: 0x00020000, ABSOLUTE)

    **** No section assigned to this execution region ****


    Execution Region RW_IRAM2 (Exec base: 0x24000000, Load base: 0x08005af4, Size: 0x00063ffc, Max: 0x00080000, ABSOLUTE)

    Exec Addr    Load Addr    Size         Type   Attr      Idx    E Section Name        Object

    0x24000000   0x08005af4   0x00000001   Data   RW           10    .data               public.o
    0x24000001   0x08005af5   0x00000001   Data   RW          226    .data               communications.o
    0x24000002   0x08005af6   0x00000002   PAD
    0x24000004   0x08005af8   0x0000000c   Data   RW          830    .data               iap.o
    0x24000010   0x08005b04   0x0000000c   Data   RW         2744    .data               stm32h7xx_hal.o
    0x2400001c   0x08005b10   0x00000008   Data   RW         4730    .data               system_stm32h7xx.o
    0x24000024   0x08005b18   0x00000004   Data   RW         5049    .data               mc_w.l(stdout.o)
    0x24000028        -       0x00000134   Zero   RW          224    .bss                communications.o
    0x2400015c        -       0x00000050   Zero   RW          829    .bss                iap.o
    0x240001ac        -       0x0000004c   Zero   RW          999    .bss                quadspi.o
    0x240001f8        -       0x00000088   Zero   RW         1041    .bss                spi.o
    0x24000280        -       0x00000090   Zero   RW         1083    .bss                usart.o
    0x24000310        -       0x00000400   Zero   RW          912    STACK               startup_stm32h750xx.o
    0x24000710   0x08005b1c   0x0003f8f0   PAD
    0x24040000        -       0x00023ffc   Zero   RW          828    .ARM.__AT_0x24040000  iap.o


==============================================================================

Image component sizes


      Code (inc. data)   RO Data    RW Data    ZI Data      Debug   Object Name

       344         72          0          1        308     128376   communications.o
       276         30          0          0          0       1223   gpio.o
       728        280          0         12     147532       5384   iap.o
       262         14          0          0          0       2352   main.o
       134          0          0          0          0    1275590   my_structure.o
       148         62          0          1          0    1058562   public.o
      1202        200          0          0          0       9334   qspi_norflash.o
       312         32          0          0         76       2093   quadspi.o
       228         24          0          0        136       1969   spi.o
       670         74          0          0          0       5852   spi_norflash.o
        52         12        664          0       1024        864   startup_stm32h750xx.o
       232         44          0         12          0      23596   stm32h7xx_hal.o
       198         12          0          0          0      39735   stm32h7xx_hal_cortex.o
      1508         70          0          0          0       3975   stm32h7xx_hal_dma.o
       566         50          0          0          0       2368   stm32h7xx_hal_gpio.o
        28          6          0          0          0        970   stm32h7xx_hal_msp.o
        84          6          0          0          0        809   stm32h7xx_hal_pwr_ex.o
      1346         10          0          0          0       8367   stm32h7xx_hal_qspi.o
      2384        108          0          0          0       7276   stm32h7xx_hal_rcc.o
      3518        112          0          0          0       8017   stm32h7xx_hal_rcc_ex.o
      2290         14          0          0          0       8586   stm32h7xx_hal_spi.o
      4140        176         24          0          0      37622   stm32h7xx_hal_uart.o
       290          6         16          0          0       5658   stm32h7xx_hal_uart_ex.o
        32          6          0          0          0       4818   stm32h7xx_it.o
       220         40         16          8          0       1566   system_stm32h7xx.o
       252         24          0          0        144       2010   usart.o

    ----------------------------------------------------------------------
     21474       1484        752         36     409556    2646972   Object Totals
         0          0         32          0          0          0   (incl. Generated)
        30          0          0          2     260336          0   (incl. Padding)

    ----------------------------------------------------------------------

      Code (inc. data)   RO Data    RW Data    ZI Data      Debug   Library Member Name

         0          0          0          0          0          0   entry.o
         0          0          0          0          0          0   entry10a.o
         0          0          0          0          0          0   entry11a.o
         4          0          0          0          0          0   entry12b.o
         8          4          0          0          0          0   entry2.o
         4          0          0          0          0          0   entry5.o
         0          0          0          0          0          0   entry7b.o
         0          0          0          0          0          0   entry8b.o
         8          4          0          0          0          0   entry9a.o
        30          0          0          0          0          0   handlers.o
        36          8          0          0          0         68   init.o
        30          0          0          0          0         68   llshl.o
        32          0          0          0          0         68   llushr.o
        36          0          0          0          0         68   memcpya.o
        36          0          0          0          0        108   memseta.o
       736         54          0          0          0        184   printf5.o
         0          0          0          4          0          0   stdout.o
        98          0          0          0          0         92   uldiv.o

    ----------------------------------------------------------------------
      1058         70          0          4          0        656   Library Totals
         0          0          0          0          0          0   (incl. Padding)

    ----------------------------------------------------------------------

      Code (inc. data)   RO Data    RW Data    ZI Data      Debug   Library Name

      1058         70          0          4          0        656   mc_w.l

    ----------------------------------------------------------------------
      1058         70          0          4          0        656   Library Totals

    ----------------------------------------------------------------------

==============================================================================


      Code (inc. data)   RO Data    RW Data    ZI Data      Debug   

     22532       1554        752         40     409556    2636372   Grand Totals
     22532       1554        752         40     409556    2636372   ELF Image Totals
     22532       1554        752         40          0          0   ROM Totals

==============================================================================

    Total RO  Size (Code + RO Data)                23284 (  22.74kB)
    Total RW  Size (RW Data + ZI Data)            409596 ( 400.00kB)
    Total ROM Size (Code + RO Data + RW Data)      23324 (  22.78kB)

==============================================================================

