Component: ARM Compiler 6.16 Tool: armlink [5dfeaa00]

==============================================================================

Section Cross References

    public.o(.text) refers (Special) to use_no_semi_2.o(.text) for __use_no_semihosting
    public.o(.text) refers (Special) to _printf_percent.o(.ARM.Collect$$_printf_percent$$00000000) for _printf_percent
    public.o(.text) refers (Special) to _printf_s.o(.ARM.Collect$$_printf_percent$$00000014) for _printf_s
    public.o(.text) refers (Special) to _printf_str.o(.text) for _printf_str
    public.o(.text._sys_exit) refers (Special) to use_no_semi_2.o(.text) for __use_no_semihosting
    public.o(.text._sys_exit) refers (Special) to _printf_percent.o(.ARM.Collect$$_printf_percent$$00000000) for _printf_percent
    public.o(.text._sys_exit) refers (Special) to _printf_s.o(.ARM.Collect$$_printf_percent$$00000014) for _printf_s
    public.o(.text._sys_exit) refers (Special) to _printf_str.o(.text) for _printf_str
    public.o(.ARM.exidx.text._sys_exit) refers (Special) to use_no_semi_2.o(.text) for __use_no_semihosting
    public.o(.ARM.exidx.text._sys_exit) refers (Special) to _printf_percent.o(.ARM.Collect$$_printf_percent$$00000000) for _printf_percent
    public.o(.ARM.exidx.text._sys_exit) refers (Special) to _printf_s.o(.ARM.Collect$$_printf_percent$$00000014) for _printf_s
    public.o(.ARM.exidx.text._sys_exit) refers (Special) to _printf_str.o(.text) for _printf_str
    public.o(.ARM.exidx.text._sys_exit) refers to public.o(.text._sys_exit) for [Anonymous Symbol]
    public.o(.text._ttywrch) refers (Special) to use_no_semi_2.o(.text) for __use_no_semihosting
    public.o(.text._ttywrch) refers (Special) to _printf_percent.o(.ARM.Collect$$_printf_percent$$00000000) for _printf_percent
    public.o(.text._ttywrch) refers (Special) to _printf_s.o(.ARM.Collect$$_printf_percent$$00000014) for _printf_s
    public.o(.text._ttywrch) refers (Special) to _printf_str.o(.text) for _printf_str
    public.o(.ARM.exidx.text._ttywrch) refers (Special) to use_no_semi_2.o(.text) for __use_no_semihosting
    public.o(.ARM.exidx.text._ttywrch) refers (Special) to _printf_percent.o(.ARM.Collect$$_printf_percent$$00000000) for _printf_percent
    public.o(.ARM.exidx.text._ttywrch) refers (Special) to _printf_s.o(.ARM.Collect$$_printf_percent$$00000014) for _printf_s
    public.o(.ARM.exidx.text._ttywrch) refers (Special) to _printf_str.o(.text) for _printf_str
    public.o(.ARM.exidx.text._ttywrch) refers to public.o(.text._ttywrch) for [Anonymous Symbol]
    public.o(.text.fputc) refers (Special) to use_no_semi_2.o(.text) for __use_no_semihosting
    public.o(.text.fputc) refers (Special) to _printf_percent.o(.ARM.Collect$$_printf_percent$$00000000) for _printf_percent
    public.o(.text.fputc) refers (Special) to _printf_s.o(.ARM.Collect$$_printf_percent$$00000014) for _printf_s
    public.o(.text.fputc) refers (Special) to _printf_str.o(.text) for _printf_str
    public.o(.text.fputc) refers to usart.o(.bss.huart1) for huart1
    public.o(.text.fputc) refers to stm32h7xx_hal_uart.o(.text.HAL_UART_Transmit) for HAL_UART_Transmit
    public.o(.ARM.exidx.text.fputc) refers (Special) to use_no_semi_2.o(.text) for __use_no_semihosting
    public.o(.ARM.exidx.text.fputc) refers (Special) to _printf_percent.o(.ARM.Collect$$_printf_percent$$00000000) for _printf_percent
    public.o(.ARM.exidx.text.fputc) refers (Special) to _printf_s.o(.ARM.Collect$$_printf_percent$$00000014) for _printf_s
    public.o(.ARM.exidx.text.fputc) refers (Special) to _printf_str.o(.text) for _printf_str
    public.o(.ARM.exidx.text.fputc) refers to public.o(.text.fputc) for [Anonymous Symbol]
    public.o(.text.be32_to_cpu) refers (Special) to use_no_semi_2.o(.text) for __use_no_semihosting
    public.o(.text.be32_to_cpu) refers (Special) to _printf_percent.o(.ARM.Collect$$_printf_percent$$00000000) for _printf_percent
    public.o(.text.be32_to_cpu) refers (Special) to _printf_s.o(.ARM.Collect$$_printf_percent$$00000014) for _printf_s
    public.o(.text.be32_to_cpu) refers (Special) to _printf_str.o(.text) for _printf_str
    public.o(.ARM.exidx.text.be32_to_cpu) refers (Special) to use_no_semi_2.o(.text) for __use_no_semihosting
    public.o(.ARM.exidx.text.be32_to_cpu) refers (Special) to _printf_percent.o(.ARM.Collect$$_printf_percent$$00000000) for _printf_percent
    public.o(.ARM.exidx.text.be32_to_cpu) refers (Special) to _printf_s.o(.ARM.Collect$$_printf_percent$$00000014) for _printf_s
    public.o(.ARM.exidx.text.be32_to_cpu) refers (Special) to _printf_str.o(.text) for _printf_str
    public.o(.ARM.exidx.text.be32_to_cpu) refers to public.o(.text.be32_to_cpu) for [Anonymous Symbol]
    public.o(.text.copy_app) refers (Special) to use_no_semi_2.o(.text) for __use_no_semihosting
    public.o(.text.copy_app) refers (Special) to _printf_percent.o(.ARM.Collect$$_printf_percent$$00000000) for _printf_percent
[...]
    [Anonymous Symbol]                       0x08003d20   Section        0  stm32h7xx_it.o(.text.HardFault_Handler)
    [Anonymous Symbol]                       0x08003d28   Section        0  gpio.o(.text.MX_GPIO_Init)
    [Anonymous Symbol]                       0x08003e58   Section        0  quadspi.o(.text.MX_QUADSPI_Init)
    [Anonymous Symbol]                       0x08003ea0   Section        0  spi.o(.text.MX_SPI2_Init)
    [Anonymous Symbol]                       0x08003ef8   Section        0  usart.o(.text.MX_USART1_UART_Init)
    [Anonymous Symbol]                       0x08003f78   Section        0  stm32h7xx_it.o(.text.MemManage_Handler)
    [Anonymous Symbol]                       0x08003f80   Section        0  stm32h7xx_it.o(.text.NMI_Handler)
    NVIC_EncodePriority                      0x08003f89   Thumb Code    46  stm32h7xx_hal_cortex.o(.text.NVIC_EncodePriority)
    [Anonymous Symbol]                       0x08003f88   Section        0  stm32h7xx_hal_cortex.o(.text.NVIC_EncodePriority)
    [Anonymous Symbol]                       0x08003fb8   Section        0  stm32h7xx_it.o(.text.PendSV_Handler)
    QSPI_WaitFlagStateUntilTimeout           0x08003fc1   Thumb Code   106  stm32h7xx_hal_qspi.o(.text.QSPI_WaitFlagStateUntilTimeout)
    [Anonymous Symbol]                       0x08003fc0   Section        0  stm32h7xx_hal_qspi.o(.text.QSPI_WaitFlagStateUntilTimeout)
    RCCEx_PLL2_Config                        0x08004031   Thumb Code   286  stm32h7xx_hal_rcc_ex.o(.text.RCCEx_PLL2_Config)
    [Anonymous Symbol]                       0x08004030   Section        0  stm32h7xx_hal_rcc_ex.o(.text.RCCEx_PLL2_Config)
    RCCEx_PLL3_Config                        0x08004151   Thumb Code   286  stm32h7xx_hal_rcc_ex.o(.text.RCCEx_PLL3_Config)
    [Anonymous Symbol]                       0x08004150   Section        0  stm32h7xx_hal_rcc_ex.o(.text.RCCEx_PLL3_Config)
    SPI_CloseTransfer                        0x08004271   Thumb Code   182  stm32h7xx_hal_spi.o(.text.SPI_CloseTransfer)
    [Anonymous Symbol]                       0x08004270   Section        0  stm32h7xx_hal_spi.o(.text.SPI_CloseTransfer)
    [Anonymous Symbol]                       0x08004328   Section        0  spi_norflash.o(.text.SPI_Flash_EraseSector)
    SPI_Flash_EraseTotal                     0x08004379   Thumb Code    54  spi_norflash.o(.text.SPI_Flash_EraseTotal)
    [Anonymous Symbol]                       0x08004378   Section        0  spi_norflash.o(.text.SPI_Flash_EraseTotal)
    [Anonymous Symbol]                       0x080043b0   Section        0  spi_norflash.o(.text.SPI_Flash_ReadByte)
    SPI_Flash_ReadFlashID                    0x080043e1   Thumb Code   128  spi_norflash.o(.text.SPI_Flash_ReadFlashID)
    [Anonymous Symbol]                       0x080043e0   Section        0  spi_norflash.o(.text.SPI_Flash_ReadFlashID)
    [Anonymous Symbol]                       0x08004498   Section        0  spi_norflash.o(.text.SPI_Flash_ReadUnfixed)
    SPI_Flash_WaitForWriteEnd                0x08004501   Thumb Code    50  spi_norflash.o(.text.SPI_Flash_WaitForWriteEnd)
    [Anonymous Symbol]                       0x08004500   Section        0  spi_norflash.o(.text.SPI_Flash_WaitForWriteEnd)
    SPI_Flash_WriteByte                      0x08004539   Thumb Code    32  spi_norflash.o(.text.SPI_Flash_WriteByte)
    [Anonymous Symbol]                       0x08004538   Section        0  spi_norflash.o(.text.SPI_Flash_WriteByte)
    SPI_Flash_WriteEnable                    0x08004559   Thumb Code    42  spi_norflash.o(.text.SPI_Flash_WriteEnable)
    [Anonymous Symbol]                       0x08004558   Section        0  spi_norflash.o(.text.SPI_Flash_WriteEnable)
    [Anonymous Symbol]                       0x08004588   Section        0  spi_norflash.o(.text.SPI_Flash_WritePage)
    SPI_Flash_WriteUnfixed                   0x08004629   Thumb Code   198  spi_norflash.o(.text.SPI_Flash_WriteUnfixed)
    [Anonymous Symbol]                       0x08004628   Section        0  spi_norflash.o(.text.SPI_Flash_WriteUnfixed)
    SPI_GetPacketSize                        0x080046f1   Thumb Code    18  stm32h7xx_hal_spi.o(.text.SPI_GetPacketSize)
    [Anonymous Symbol]                       0x080046f0   Section        0  stm32h7xx_hal_spi.o(.text.SPI_GetPacketSize)
    SPI_WaitOnFlagUntilTimeout               0x08004709   Thumb Code    46  stm32h7xx_hal_spi.o(.text.SPI_WaitOnFlagUntilTimeout)
    [Anonymous Symbol]                       0x08004708   Section        0  stm32h7xx_hal_spi.o(.text.SPI_WaitOnFlagUntilTimeout)
    [Anonymous Symbol]                       0x08004738   Section        0  stm32h7xx_it.o(.text.SVC_Handler)
    SysTick_Config                           0x08004741   Thumb Code    46  stm32h7xx_hal_cortex.o(.text.SysTick_Config)
    [Anonymous Symbol]                       0x08004740   Section        0  stm32h7xx_hal_cortex.o(.text.SysTick_Config)
    [Anonymous Symbol]                       0x08004770   Section        0  stm32h7xx_it.o(.text.SysTick_Handler)
    [Anonymous Symbol]                       0x08004778   Section        0  main.o(.text.SystemClock_Config)
    [Anonymous Symbol]                       0x08004880   Section        0  system_stm32h7xx.o(.text.SystemInit)
    UARTEx_SetNbDataToProcess                0x08004951   Thumb Code    84  stm32h7xx_hal_uart_ex.o(.text.UARTEx_SetNbDataToProcess)
    [Anonymous Symbol]                       0x08004950   Section        0  stm32h7xx_hal_uart_ex.o(.text.UARTEx_SetNbDataToProcess)
    [Anonymous Symbol]                       0x080049a8   Section        0  stm32h7xx_hal_uart.o(.text.UART_AdvFeatureConfig)
    [Anonymous Symbol]                       0x08004a88   Section        0  stm32h7xx_hal_uart.o(.text.UART_CheckIdleState)
    UART_DMAAbortOnError                     0x08004af9   Thumb Code    20  stm32h7xx_hal_uart.o(.text.UART_DMAAbortOnError)
    [Anonymous Symbol]                       0x08004af8   Section        0  stm32h7xx_hal_uart.o(.text.UART_DMAAbortOnError)
    UART_EndRxTransfer                       0x08004b11   Thumb Code    90  stm32h7xx_hal_uart.o(.text.UART_EndRxTransfer)
    [Anonymous Symbol]                       0x08004b10   Section        0  stm32h7xx_hal_uart.o(.text.UART_EndRxTransfer)
    UART_EndTransmit_IT                      0x08004b71   Thumb Code    40  stm32h7xx_hal_uart.o(.text.UART_EndTransmit_IT)
    [Anonymous Symbol]                       0x08004b70   Section        0  stm32h7xx_hal_uart.o(.text.UART_EndTransmit_IT)
    UART_RxISR_16BIT                         0x08004b99   Thumb Code   166  stm32h7xx_hal_uart.o(.text.UART_RxISR_16BIT)
    [Anonymous Symbol]                       0x08004b98   Section        0  stm32h7xx_hal_uart.o(.text.UART_RxISR_16BIT)
    UART_RxISR_16BIT_FIFOEN                  0x08004c41   Thumb Code   412  stm32h7xx_hal_uart.o(.text.UART_RxISR_16BIT_FIFOEN)
    [Anonymous Symbol]                       0x08004c40   Section        0  stm32h7xx_hal_uart.o(.text.UART_RxISR_16BIT_FIFOEN)
    UART_RxISR_8BIT                          0x08004de1   Thumb Code   170  stm32h7xx_hal_uart.o(.text.UART_RxISR_8BIT)
    [Anonymous Symbol]                       0x08004de0   Section        0  stm32h7xx_hal_uart.o(.text.UART_RxISR_8BIT)
    UART_RxISR_8BIT_FIFOEN                   0x08004e91   Thumb Code   416  stm32h7xx_hal_uart.o(.text.UART_RxISR_8BIT_FIFOEN)
    [Anonymous Symbol]                       0x08004e90   Section        0  stm32h7xx_hal_uart.o(.text.UART_RxISR_8BIT_FIFOEN)
    [Anonymous Symbol]                       0x08005030   Section        0  stm32h7xx_hal_uart.o(.text.UART_SetConfig)
    [Anonymous Symbol]                       0x080055b8   Section        0  stm32h7xx_hal_uart.o(.text.UART_Start_Receive_IT)
    [Anonymous Symbol]                       0x080056e8   Section        0  stm32h7xx_hal_uart.o(.text.UART_WaitOnFlagUntilTimeout)
    [Anonymous Symbol]                       0x080057d8   Section        0  stm32h7xx_it.o(.text.USART1_IRQHandler)
    [Anonymous Symbol]                       0x080057e8   Section        0  stm32h7xx_it.o(.text.UsageFault_Handler)
    __NVIC_EnableIRQ                         0x080057f1   Thumb Code    32  stm32h7xx_hal_cortex.o(.text.__NVIC_EnableIRQ)
    [Anonymous Symbol]                       0x080057f0   Section        0  stm32h7xx_hal_cortex.o(.text.__NVIC_EnableIRQ)
    __NVIC_GetPriorityGrouping               0x08005811   Thumb Code    16  stm32h7xx_hal_cortex.o(.text.__NVIC_GetPriorityGrouping)
    [Anonymous Symbol]                       0x08005810   Section        0  stm32h7xx_hal_cortex.o(.text.__NVIC_GetPriorityGrouping)
    __NVIC_SetPriority                       0x08005821   Thumb Code    34  stm32h7xx_hal_cortex.o(.text.__NVIC_SetPriority)
    [Anonymous Symbol]                       0x08005820   Section        0  stm32h7xx_hal_cortex.o(.text.__NVIC_SetPriority)
    __NVIC_SetPriorityGrouping               0x08005849   Thumb Code    32  stm32h7xx_hal_cortex.o(.text.__NVIC_SetPriorityGrouping)
    [Anonymous Symbol]                       0x08005848   Section        0  stm32h7xx_hal_cortex.o(.text.__NVIC_SetPriorityGrouping)
    [Anonymous Symbol]                       0x08005868   Section        0  public.o(.text._sys_exit)
    [Anonymous Symbol]                       0x08005870   Section        0  public.o(.text.be32_to_cpu)
    [Anonymous Symbol]                       0x08005878   Section        0  communications.o(.text.com_general_handle)
    [Anonymous Symbol]                       0x080058b8   Section        0  communications.o(.text.com_module_init)
    [Anonymous Symbol]                       0x080058f0   Section        0  public.o(.text.fputc)
    [Anonymous Symbol]                       0x08005910   Section        0  main.o(.text.main)
    [Anonymous Symbol]                       0x08005930   Section        0  my_structure.o(.text.queue_clear)
    [Anonymous Symbol]                       0x08005938   Section        0  my_structure.o(.text.queue_extract)
    [Anonymous Symbol]                       0x08005970   Section        0  my_structure.o(.text.queue_init)
    [Anonymous Symbol]                       0x08005980   Section        0  my_structure.o(.text.queue_insert)
    [Anonymous Symbol]                       0x080059d0   Section        0  my_structure.o(.text.queue_length)
    [Anonymous Symbol]                       0x080059f8   Section        0  public.o(.text.run)
    [Anonymous Symbol]                       0x08005a28   Section        0  public.o(.text.spiFlashTest)
    usart1_protocol_parse                    0x08005b51   Thumb Code   736  communications.o(.text.usart1_protocol_parse)
    [Anonymous Symbol]                       0x08005b50   Section        0  communications.o(.text.usart1_protocol_parse)
    i._is_digit                              0x08005e94   Section        0  __printf_wp.o(i._is_digit)
    $v0                                      0x08005ea2   Number         0  fpinit.o(x$fpl$fpinit)
    x$fpl$fpinit                             0x08005ea2   Section       26  fpinit.o(x$fpl$fpinit)
    uc_hextab                                0x08005ebc   Data          20  _printf_hex_int.o(.constdata)
    .constdata                               0x08005ebc   Section       40  _printf_hex_int.o(.constdata)
    lc_hextab                                0x08005ed0   Data          20  _printf_hex_int.o(.constdata)
    maptable                                 0x08005ee4   Data          17  __printf_flags_wp.o(.constdata)
    .constdata                               0x08005ee4   Section       17  __printf_flags_wp.o(.constdata)
    UARTEx_SetNbDataToProcess.numerator      0x08005f1e   Data           8  stm32h7xx_hal_uart_ex.o(.rodata.cst8)
    [Anonymous Symbol]                       0x08005f1e   Section        0  stm32h7xx_hal_uart_ex.o(.rodata.cst8)
    UARTEx_SetNbDataToProcess.denominator    0x08005f26   Data           8  stm32h7xx_hal_uart_ex.o(.rodata.cst8)
    [Anonymous Symbol]                       0x08005f2e   Section        0  spi_norflash.o(.rodata.str1.1)
    .Lstr.9                                  0x08005fa7   Data          19  spi_norflash.o(.rodata.str1.1)
    .L.str.3                                 0x08005fba   Data          19  communications.o(.rodata.str1.1)
    [Anonymous Symbol]                       0x08005fba   Section        0  communications.o(.rodata.str1.1)
    .L.str.4                                 0x08005fcd   Data          19  communications.o(.rodata.str1.1)
    .L.str                                   0x08005fe0   Data          12  communications.o(.rodata.str1.1)
    .L.str.1                                 0x08005fec   Data          12  communications.o(.rodata.str1.1)
    .L__const.spiFlashTest.Tx_Buffer         0x08005ff8   Data          60  public.o(.rodata.str1.4)
    [Anonymous Symbol]                       0x08005ff8   Section        0  public.o(.rodata.str1.4)
    .bss                                     0x24000028   Section       96  libspace.o(.bss)
    updata_cnt                               0x24000260   Data           4  communications.o(.bss.updata_cnt)
    [Anonymous Symbol]                       0x24000260   Section        0  communications.o(.bss.updata_cnt)
    updata_cnt1                              0x24000264   Data           4  communications.o(.bss.updata_cnt1)
    [Anonymous Symbol]                       0x24000264   Section        0  communications.o(.bss.updata_cnt1)
    updata_cnt2                              0x24000268   Data           4  communications.o(.bss.updata_cnt2)
    [Anonymous Symbol]                       0x24000268   Section        0  communications.o(.bss.updata_cnt2)
    updata_cnt3                              0x2400026c   Data           4  communications.o(.bss.updata_cnt3)
    [Anonymous Symbol]                       0x2400026c   Section        0  communications.o(.bss.updata_cnt3)
    updata_databuff                          0x24000270   Data         256  communications.o(.bss.updata_databuff)
    [Anonymous Symbol]                       0x24000270   Section        0  communications.o(.bss.updata_databuff)
    updata_flag                              0x24000370   Data           1  communications.o(.bss.updata_flag)
    [Anonymous Symbol]                       0x24000370   Section        0  communications.o(.bss.updata_flag)
    updata_headbuff                          0x24000371   Data          64  communications.o(.bss.updata_headbuff)
    [Anonymous Symbol]                       0x24000371   Section        0  communications.o(.bss.updata_headbuff)
    usart1_info                              0x240003b1   Data          30  communications.o(.bss.usart1_info)
    [Anonymous Symbol]                       0x240003b1   Section        0  communications.o(.bss.usart1_info)
    usart1_protocol_parse.uartcmdstate       0x240003cf   Data           1  communications.o(.bss.usart1_protocol_parse.uartcmdstate)
    [Anonymous Symbol]                       0x240003cf   Section        0  communications.o(.bss.usart1_protocol_parse.uartcmdstate)
    usart1_rx_buff                           0x240003d0   Data         256  communications.o(.bss.usart1_rx_buff)
    [Anonymous Symbol]                       0x240003d0   Section        0  communications.o(.bss.usart1_rx_buff)
    Heap_Mem                                 0x240004d8   Data         512  startup_stm32h750xx.o(HEAP)
    HEAP                                     0x240004d8   Section      512  startup_stm32h750xx.o(HEAP)
    Stack_Mem                                0x240006d8   Data        1024  startup_stm32h750xx.o(STACK)
    STACK                                    0x240006d8   Section     1024  startup_stm32h750xx.o(STACK)
    __initial_sp                             0x24000ad8   Data           0  startup_stm32h750xx.o(STACK)

    Global Symbols

    Symbol Name                              Value     Ov Type        Size  Object(Section)

    BuildAttributes$$THM_ISAv4$E$P$D$K$B$S$7EM$VFPv5_D16$PE$PLD8$A:L22UL41UL21$X:L11$S22US41US21$IEEE1$IW$~IW$USESV6$~STKCKD$USESV7$~SHL$OTIME$ROPI$EBA8$UX$STANDARDLIB$REQ8$PRES8$EABIv2 0x00000000   Number         0  anon$$obj.o ABSOLUTE
    _printf_flags                            0x00000000   Number         0  printf_stubs.o ABSOLUTE
    _printf_return_value                     0x00000000   Number         0  printf_stubs.o ABSOLUTE
    _printf_sizespec                         0x00000000   Number         0  printf_stubs.o ABSOLUTE
    _printf_widthprec                        0x00000000   Number         0  printf_stubs.o ABSOLUTE
    __ARM_exceptions_init                     - Undefined Weak Reference
    __alloca_initialize                       - Undefined Weak Reference
    __arm_preinit_                            - Undefined Weak Reference
    __cpp_initialize__aeabi_                  - Undefined Weak Reference
    __cxa_finalize                            - Undefined Weak Reference
    __rt_locale                               - Undefined Weak Reference
    __sigvec_lookup                           - Undefined Weak Reference
    _atexit_init                              - Undefined Weak Reference
    _call_atexit_fns                          - Undefined Weak Reference
    _clock_init                               - Undefined Weak Reference
    _fp_trap_init                             - Undefined Weak Reference
    _fp_trap_shutdown                         - Undefined Weak Reference
    _get_lc_collate                           - Undefined Weak Reference
    _get_lc_ctype                             - Undefined Weak Reference
    _get_lc_monetary                          - Undefined Weak Reference
    _get_lc_numeric                           - Undefined Weak Reference
    _get_lc_time                              - Undefined Weak Reference
    _getenv_init                              - Undefined Weak Reference
    _handle_redirection                       - Undefined Weak Reference
    _init_alloc                               - Undefined Weak Reference
    _init_user_alloc                          - Undefined Weak Reference
    _initio                                   - Undefined Weak Reference
    _mutex_acquire                            - Undefined Weak Reference
    _mutex_release                            - Undefined Weak Reference
    _printf_mbtowc                            - Undefined Weak Reference
    _printf_post_padding                      - Undefined Weak Reference
    _printf_pre_padding                       - Undefined Weak Reference
    _printf_truncate_signed                   - Undefined Weak Reference
    _printf_truncate_unsigned                 - Undefined Weak Reference
    _rand_init                                - Undefined Weak Reference
    _signal_finish                            - Undefined Weak Reference
    _signal_init                              - Undefined Weak Reference
    _terminate_alloc                          - Undefined Weak Reference
    _terminate_user_alloc                     - Undefined Weak Reference
    _terminateio                              - Undefined Weak Reference
    __Vectors_Size                           0x00000298   Number         0  startup_stm32h750xx.o ABSOLUTE
    __Vectors                                0x08000000   Data           4  startup_stm32h750xx.o(RESET)
    __Vectors_End                            0x08000298   Data           0  startup_stm32h750xx.o(RESET)
    __main                                   0x08000299   Thumb Code     8  __main.o(!!!main)
    __scatterload                            0x080002a1   Thumb Code     0  __scatter.o(!!!scatter)
    __scatterload_rt2                        0x080002a1   Thumb Code    44  __scatter.o(!!!scatter)
    __scatterload_rt2_thumb_only             0x080002a1   Thumb Code     0  __scatter.o(!!!scatter)
    __scatterload_null                       0x080002af   Thumb Code     0  __scatter.o(!!!scatter)
    __scatterload_copy                       0x080002d5   Thumb Code    26  __scatter_copy.o(!!handler_copy)
    __scatterload_zeroinit                   0x080002f1   Thumb Code    28  __scatter_zi.o(!!handler_zi)
    _printf_d                                0x0800030d   Thumb Code     0  _printf_d.o(.ARM.Collect$$_printf_percent$$00000009)
    _printf_percent                          0x0800030d   Thumb Code     0  _printf_percent.o(.ARM.Collect$$_printf_percent$$00000000)
    _printf_x                                0x08000313   Thumb Code     0  _printf_x.o(.ARM.Collect$$_printf_percent$$0000000C)
    _printf_s                                0x08000319   Thumb Code     0  _printf_s.o(.ARM.Collect$$_printf_percent$$00000014)
    _printf_percent_end                      0x0800031f   Thumb Code     0  _printf_percent_end.o(.ARM.Collect$$_printf_percent$$00000017)
    __rt_lib_init                            0x08000323   Thumb Code     0  libinit.o(.ARM.Collect$$libinit$$00000000)
    __rt_lib_init_fp_1                       0x08000325   Thumb Code     0  libinit2.o(.ARM.Collect$$libinit$$00000001)
    __rt_lib_init_alloca_1                   0x08000329   Thumb Code     0  libinit2.o(.ARM.Collect$$libinit$$0000002E)
    __rt_lib_init_argv_1                     0x08000329   Thumb Code     0  libinit2.o(.ARM.Collect$$libinit$$0000002C)
    __rt_lib_init_atexit_1                   0x08000329   Thumb Code     0  libinit2.o(.ARM.Collect$$libinit$$0000001B)
    __rt_lib_init_clock_1                    0x08000329   Thumb Code     0  libinit2.o(.ARM.Collect$$libinit$$00000021)
    __rt_lib_init_cpp_1                      0x08000329   Thumb Code     0  libinit2.o(.ARM.Collect$$libinit$$00000032)
    __rt_lib_init_exceptions_1               0x08000329   Thumb Code     0  libinit2.o(.ARM.Collect$$libinit$$00000030)
    __rt_lib_init_fp_trap_1                  0x08000329   Thumb Code     0  libinit2.o(.ARM.Collect$$libinit$$0000001F)
    __rt_lib_init_getenv_1                   0x08000329   Thumb Code     0  libinit2.o(.ARM.Collect$$libinit$$00000023)
    __rt_lib_init_heap_1                     0x08000329   Thumb Code     0  libinit2.o(.ARM.Collect$$libinit$$0000000A)
    __rt_lib_init_lc_collate_1               0x08000329   Thumb Code     0  libinit2.o(.ARM.Collect$$libinit$$00000011)
    __rt_lib_init_lc_ctype_1                 0x08000329   Thumb Code     0  libinit2.o(.ARM.Collect$$libinit$$00000013)
    __rt_lib_init_lc_monetary_1              0x08000329   Thumb Code     0  libinit2.o(.ARM.Collect$$libinit$$00000015)
    __rt_lib_init_lc_numeric_1               0x08000329   Thumb Code     0  libinit2.o(.ARM.Collect$$libinit$$00000017)
    __rt_lib_init_lc_time_1                  0x08000329   Thumb Code     0  libinit2.o(.ARM.Collect$$libinit$$00000019)
    __rt_lib_init_preinit_1                  0x08000329   Thumb Code     0  libinit2.o(.ARM.Collect$$libinit$$00000004)
    __rt_lib_init_rand_1                     0x08000329   Thumb Code     0  libinit2.o(.ARM.Collect$$libinit$$0000000E)
    __rt_lib_init_return                     0x08000329   Thumb Code     0  libinit2.o(.ARM.Collect$$libinit$$00000033)
    __rt_lib_init_signal_1                   0x08000329   Thumb Code     0  libinit2.o(.ARM.Collect$$libinit$$0000001D)
    __rt_lib_init_stdio_1                    0x08000329   Thumb Code     0  libinit2.o(.ARM.Collect$$libinit$$00000025)
    __rt_lib_init_user_alloc_1               0x08000329   Thumb Code     0  libinit2.o(.ARM.Collect$$libinit$$0000000C)
    __rt_lib_shutdown                        0x0800032b   Thumb Code     0  libshutdown.o(.ARM.Collect$$libshutdown$$00000000)
    __rt_lib_shutdown_cpp_1                  0x0800032d   Thumb Code     0  libshutdown2.o(.ARM.Collect$$libshutdown$$00000002)
    __rt_lib_shutdown_fp_trap_1              0x0800032d   Thumb Code     0  libshutdown2.o(.ARM.Collect$$libshutdown$$00000007)
    __rt_lib_shutdown_heap_1                 0x0800032d   Thumb Code     0  libshutdown2.o(.ARM.Collect$$libshutdown$$0000000F)
    __rt_lib_shutdown_return                 0x0800032d   Thumb Code     0  libshutdown2.o(.ARM.Collect$$libshutdown$$00000010)
    __rt_lib_shutdown_signal_1               0x0800032d   Thumb Code     0  libshutdown2.o(.ARM.Collect$$libshutdown$$0000000A)
    __rt_lib_shutdown_stdio_1                0x0800032d   Thumb Code     0  libshutdown2.o(.ARM.Collect$$libshutdown$$00000004)
    __rt_lib_shutdown_user_alloc_1           0x0800032d   Thumb Code     0  libshutdown2.o(.ARM.Collect$$libshutdown$$0000000C)
    __rt_entry                               0x0800032f   Thumb Code     0  __rtentry.o(.ARM.Collect$$rtentry$$00000000)
    __rt_entry_presh_1                       0x0800032f   Thumb Code     0  __rtentry2.o(.ARM.Collect$$rtentry$$00000002)
    __rt_entry_sh                            0x0800032f   Thumb Code     0  __rtentry4.o(.ARM.Collect$$rtentry$$00000004)
    __rt_entry_li                            0x08000335   Thumb Code     0  __rtentry2.o(.ARM.Collect$$rtentry$$0000000A)
    __rt_entry_postsh_1                      0x08000335   Thumb Code     0  __rtentry2.o(.ARM.Collect$$rtentry$$00000009)
    __rt_entry_main                          0x08000339   Thumb Code     0  __rtentry2.o(.ARM.Collect$$rtentry$$0000000D)
    __rt_entry_postli_1                      0x08000339   Thumb Code     0  __rtentry2.o(.ARM.Collect$$rtentry$$0000000C)
    __rt_exit                                0x08000341   Thumb Code     0  rtexit.o(.ARM.Collect$$rtexit$$00000000)
    __rt_exit_ls                             0x08000343   Thumb Code     0  rtexit2.o(.ARM.Collect$$rtexit$$00000003)
    __rt_exit_prels_1                        0x08000343   Thumb Code     0  rtexit2.o(.ARM.Collect$$rtexit$$00000002)
    __rt_exit_exit                           0x08000347   Thumb Code     0  rtexit2.o(.ARM.Collect$$rtexit$$00000004)
    Reset_Handler                            0x0800034d   Thumb Code     8  startup_stm32h750xx.o(.text)
    ADC3_IRQHandler                          0x08000367   Thumb Code     0  startup_stm32h750xx.o(.text)
    ADC_IRQHandler                           0x08000367   Thumb Code     0  startup_stm32h750xx.o(.text)
    BDMA_Channel0_IRQHandler                 0x08000367   Thumb Code     0  startup_stm32h750xx.o(.text)
    BDMA_Channel1_IRQHandler                 0x08000367   Thumb Code     0  startup_stm32h750xx.o(.text)
    BDMA_Channel2_IRQHandler                 0x08000367   Thumb Code     0  startup_stm32h750xx.o(.text)
    BDMA_Channel3_IRQHandler                 0x08000367   Thumb Code     0  startup_stm32h750xx.o(.text)
    BDMA_Channel4_IRQHandler                 0x08000367   Thumb Code     0  startup_stm32h750xx.o(.text)
    BDMA_Channel5_IRQHandler                 0x08000367   Thumb Code     0  startup_stm32h750xx.o(.text)
    BDMA_Channel6_IRQHandler                 0x08000367   Thumb Code     0  startup_stm32h750xx.o(.text)
    BDMA_Channel7_IRQHandler                 0x08000367   Thumb Code     0  startup_stm32h750xx.o(.text)
    CEC_IRQHandler                           0x08000367   Thumb Code     0  startup_stm32h750xx.o(.text)
    COMP1_IRQHandler                         0x08000367   Thumb Code     0  startup_stm32h750xx.o(.text)
    CRS_IRQHandler                           0x08000367   Thumb Code     0  startup_stm32h750xx.o(.text)
    CRYP_IRQHandler                          0x08000367   Thumb Code     0  startup_stm32h750xx.o(.text)
    DCMI_IRQHandler                          0x08000367   Thumb Code     0  startup_stm32h750xx.o(.text)
    DFSDM1_FLT0_IRQHandler                   0x08000367   Thumb Code     0  startup_stm32h750xx.o(.text)
    DFSDM1_FLT1_IRQHandler                   0x08000367   Thumb Code     0  startup_stm32h750xx.o(.text)
    DFSDM1_FLT2_IRQHandler                   0x08000367   Thumb Code     0  startup_stm32h750xx.o(.text)
    DFSDM1_FLT3_IRQHandler                   0x08000367   Thumb Code     0  startup_stm32h750xx.o(.text)
    DMA1_Stream0_IRQHandler                  0x08000367   Thumb Code     0  startup_stm32h750xx.o(.text)
    DMA1_Stream1_IRQHandler                  0x08000367   Thumb Code     0  startup_stm32h750xx.o(.text)
    DMA1_Stream2_IRQHandler                  0x08000367   Thumb Code     0  startup_stm32h750xx.o(.text)
    DMA1_Stream3_IRQHandler                  0x08000367   Thumb Code     0  startup_stm32h750xx.o(.text)
    DMA1_Stream4_IRQHandler                  0x08000367   Thumb Code     0  startup_stm32h750xx.o(.text)
    DMA1_Stream5_IRQHandler                  0x08000367   Thumb Code     0  startup_stm32h750xx.o(.text)
    DMA1_Stream6_IRQHandler                  0x08000367   Thumb Code     0  startup_stm32h750xx.o(.text)
    DMA1_Stream7_IRQHandler                  0x08000367   Thumb Code     0  startup_stm32h750xx.o(.text)
    DMA2D_IRQHandler                         0x08000367   Thumb Code     0  startup_stm32h750xx.o(.text)
    DMA2_Stream0_IRQHandler                  0x08000367   Thumb Code     0  startup_stm32h750xx.o(.text)
    DMA2_Stream1_IRQHandler                  0x08000367   Thumb Code     0  startup_stm32h750xx.o(.text)
    DMA2_Stream2_IRQHandler                  0x08000367   Thumb Code     0  startup_stm32h750xx.o(.text)
    DMA2_Stream3_IRQHandler                  0x08000367   Thumb Code     0  startup_stm32h750xx.o(.text)
    DMA2_Stream4_IRQHandler                  0x08000367   Thumb Code     0  startup_stm32h750xx.o(.text)
    DMA2_Stream5_IRQHandler                  0x08000367   Thumb Code     0  startup_stm32h750xx.o(.text)
    DMA2_Stream6_IRQHandler                  0x08000367   Thumb Code     0  startup_stm32h750xx.o(.text)
    DMA2_Stream7_IRQHandler                  0x08000367   Thumb Code     0  startup_stm32h750xx.o(.text)
    DMAMUX1_OVR_IRQHandler                   0x08000367   Thumb Code     0  startup_stm32h750xx.o(.text)
    DMAMUX2_OVR_IRQHandler                   0x08000367   Thumb Code     0  startup_stm32h750xx.o(.text)
    ECC_IRQHandler                           0x08000367   Thumb Code     0  startup_stm32h750xx.o(.text)
    ETH_IRQHandler                           0x08000367   Thumb Code     0  startup_stm32h750xx.o(.text)
    ETH_WKUP_IRQHandler                      0x08000367   Thumb Code     0  startup_stm32h750xx.o(.text)
    EXTI0_IRQHandler                         0x08000367   Thumb Code     0  startup_stm32h750xx.o(.text)
    EXTI15_10_IRQHandler                     0x08000367   Thumb Code     0  startup_stm32h750xx.o(.text)
    EXTI1_IRQHandler                         0x08000367   Thumb Code     0  startup_stm32h750xx.o(.text)
    EXTI2_IRQHandler                         0x08000367   Thumb Code     0  startup_stm32h750xx.o(.text)
    EXTI3_IRQHandler                         0x08000367   Thumb Code     0  startup_stm32h750xx.o(.text)
    EXTI4_IRQHandler                         0x08000367   Thumb Code     0  startup_stm32h750xx.o(.text)
    EXTI9_5_IRQHandler                       0x08000367   Thumb Code     0  startup_stm32h750xx.o(.text)
    FDCAN1_IT0_IRQHandler                    0x08000367   Thumb Code     0  startup_stm32h750xx.o(.text)
    FDCAN1_IT1_IRQHandler                    0x08000367   Thumb Code     0  startup_stm32h750xx.o(.text)
    FDCAN2_IT0_IRQHandler                    0x08000367   Thumb Code     0  startup_stm32h750xx.o(.text)
    FDCAN2_IT1_IRQHandler                    0x08000367   Thumb Code     0  startup_stm32h750xx.o(.text)
    FDCAN_CAL_IRQHandler                     0x08000367   Thumb Code     0  startup_stm32h750xx.o(.text)
    FLASH_IRQHandler                         0x08000367   Thumb Code     0  startup_stm32h750xx.o(.text)
    FMC_IRQHandler                           0x08000367   Thumb Code     0  startup_stm32h750xx.o(.text)
    FPU_IRQHandler                           0x08000367   Thumb Code     0  startup_stm32h750xx.o(.text)
    HASH_RNG_IRQHandler                      0x08000367   Thumb Code     0  startup_stm32h750xx.o(.text)
    HRTIM1_FLT_IRQHandler                    0x08000367   Thumb Code     0  startup_stm32h750xx.o(.text)
    HRTIM1_Master_IRQHandler                 0x08000367   Thumb Code     0  startup_stm32h750xx.o(.text)
    HRTIM1_TIMA_IRQHandler                   0x08000367   Thumb Code     0  startup_stm32h750xx.o(.text)
    HRTIM1_TIMB_IRQHandler                   0x08000367   Thumb Code     0  startup_stm32h750xx.o(.text)
    HRTIM1_TIMC_IRQHandler                   0x08000367   Thumb Code     0  startup_stm32h750xx.o(.text)
    HRTIM1_TIMD_IRQHandler                   0x08000367   Thumb Code     0  startup_stm32h750xx.o(.text)
    HRTIM1_TIME_IRQHandler                   0x08000367   Thumb Code     0  startup_stm32h750xx.o(.text)
    HSEM1_IRQHandler                         0x08000367   Thumb Code     0  startup_stm32h750xx.o(.text)
    I2C1_ER_IRQHandler                       0x08000367   Thumb Code     0  startup_stm32h750xx.o(.text)
    I2C1_EV_IRQHandler                       0x08000367   Thumb Code     0  startup_stm32h750xx.o(.text)
    I2C2_ER_IRQHandler                       0x08000367   Thumb Code     0  startup_stm32h750xx.o(.text)
    I2C2_EV_IRQHandler                       0x08000367   Thumb Code     0  startup_stm32h750xx.o(.text)
    I2C3_ER_IRQHandler                       0x08000367   Thumb Code     0  startup_stm32h750xx.o(.text)
    I2C3_EV_IRQHandler                       0x08000367   Thumb Code     0  startup_stm32h750xx.o(.text)
    I2C4_ER_IRQHandler                       0x08000367   Thumb Code     0  startup_stm32h750xx.o(.text)
    I2C4_EV_IRQHandler                       0x08000367   Thumb Code     0  startup_stm32h750xx.o(.text)
    JPEG_IRQHandler                          0x08000367   Thumb Code     0  startup_stm32h750xx.o(.text)
    LPTIM1_IRQHandler                        0x08000367   Thumb Code     0  startup_stm32h750xx.o(.text)
    LPTIM2_IRQHandler                        0x08000367   Thumb Code     0  startup_stm32h750xx.o(.text)
    LPTIM3_IRQHandler                        0x08000367   Thumb Code     0  startup_stm32h750xx.o(.text)
    LPTIM4_IRQHandler                        0x08000367   Thumb Code     0  startup_stm32h750xx.o(.text)
    LPTIM5_IRQHandler                        0x08000367   Thumb Code     0  startup_stm32h750xx.o(.text)
    LPUART1_IRQHandler                       0x08000367   Thumb Code     0  startup_stm32h750xx.o(.text)
    LTDC_ER_IRQHandler                       0x08000367   Thumb Code     0  startup_stm32h750xx.o(.text)
    LTDC_IRQHandler                          0x08000367   Thumb Code     0  startup_stm32h750xx.o(.text)
    MDIOS_IRQHandler                         0x08000367   Thumb Code     0  startup_stm32h750xx.o(.text)
    MDIOS_WKUP_IRQHandler                    0x08000367   Thumb Code     0  startup_stm32h750xx.o(.text)
    MDMA_IRQHandler                          0x08000367   Thumb Code     0  startup_stm32h750xx.o(.text)
    OTG_FS_EP1_IN_IRQHandler                 0x08000367   Thumb Code     0  startup_stm32h750xx.o(.text)
    OTG_FS_EP1_OUT_IRQHandler                0x08000367   Thumb Code     0  startup_stm32h750xx.o(.text)
    OTG_FS_IRQHandler                        0x08000367   Thumb Code     0  startup_stm32h750xx.o(.text)
    OTG_FS_WKUP_IRQHandler                   0x08000367   Thumb Code     0  startup_stm32h750xx.o(.text)
    OTG_HS_EP1_IN_IRQHandler                 0x08000367   Thumb Code     0  startup_stm32h750xx.o(.text)
    OTG_HS_EP1_OUT_IRQHandler                0x08000367   Thumb Code     0  startup_stm32h750xx.o(.text)
    OTG_HS_IRQHandler                        0x08000367   Thumb Code     0  startup_stm32h750xx.o(.text)
    OTG_HS_WKUP_IRQHandler                   0x08000367   Thumb Code     0  startup_stm32h750xx.o(.text)
    PVD_AVD_IRQHandler                       0x08000367   Thumb Code     0  startup_stm32h750xx.o(.text)
    QUADSPI_IRQHandler                       0x08000367   Thumb Code     0  startup_stm32h750xx.o(.text)
    RCC_IRQHandler                           0x08000367   Thumb Code     0  startup_stm32h750xx.o(.text)
    RTC_Alarm_IRQHandler                     0x08000367   Thumb Code     0  startup_stm32h750xx.o(.text)
    RTC_WKUP_IRQHandler                      0x08000367   Thumb Code     0  startup_stm32h750xx.o(.text)
    SAI1_IRQHandler                          0x08000367   Thumb Code     0  startup_stm32h750xx.o(.text)
    SAI2_IRQHandler                          0x08000367   Thumb Code     0  startup_stm32h750xx.o(.text)
    SAI3_IRQHandler                          0x08000367   Thumb Code     0  startup_stm32h750xx.o(.text)
    SAI4_IRQHandler                          0x08000367   Thumb Code     0  startup_stm32h750xx.o(.text)
    SDMMC1_IRQHandler                        0x08000367   Thumb Code     0  startup_stm32h750xx.o(.text)
    SDMMC2_IRQHandler                        0x08000367   Thumb Code     0  startup_stm32h750xx.o(.text)
    SPDIF_RX_IRQHandler                      0x08000367   Thumb Code     0  startup_stm32h750xx.o(.text)
    SPI1_IRQHandler                          0x08000367   Thumb Code     0  startup_stm32h750xx.o(.text)
    SPI2_IRQHandler                          0x08000367   Thumb Code     0  startup_stm32h750xx.o(.text)
    SPI3_IRQHandler                          0x08000367   Thumb Code     0  startup_stm32h750xx.o(.text)
    SPI4_IRQHandler                          0x08000367   Thumb Code     0  startup_stm32h750xx.o(.text)
    SPI5_IRQHandler                          0x08000367   Thumb Code     0  startup_stm32h750xx.o(.text)
    SPI6_IRQHandler                          0x08000367   Thumb Code     0  startup_stm32h750xx.o(.text)
    SWPMI1_IRQHandler                        0x08000367   Thumb Code     0  startup_stm32h750xx.o(.text)
    TAMP_STAMP_IRQHandler                    0x08000367   Thumb Code     0  startup_stm32h750xx.o(.text)
    TIM15_IRQHandler                         0x08000367   Thumb Code     0  startup_stm32h750xx.o(.text)
    TIM16_IRQHandler                         0x08000367   Thumb Code     0  startup_stm32h750xx.o(.text)
    TIM17_IRQHandler                         0x08000367   Thumb Code     0  startup_stm32h750xx.o(.text)
    TIM1_BRK_IRQHandler                      0x08000367   Thumb Code     0  startup_stm32h750xx.o(.text)
    TIM1_CC_IRQHandler                       0x08000367   Thumb Code     0  startup_stm32h750xx.o(.text)
    TIM1_TRG_COM_IRQHandler                  0x08000367   Thumb Code     0  startup_stm32h750xx.o(.text)
    TIM1_UP_IRQHandler                       0x08000367   Thumb Code     0  startup_stm32h750xx.o(.text)
    TIM2_IRQHandler                          0x08000367   Thumb Code     0  startup_stm32h750xx.o(.text)
    TIM3_IRQHandler                          0x08000367   Thumb Code     0  startup_stm32h750xx.o(.text)
    TIM4_IRQHandler                          0x08000367   Thumb Code     0  startup_stm32h750xx.o(.text)
    TIM5_IRQHandler                          0x08000367   Thumb Code     0  startup_stm32h750xx.o(.text)
    TIM6_DAC_IRQHandler                      0x08000367   Thumb Code     0  startup_stm32h750xx.o(.text)
    TIM7_IRQHandler                          0x08000367   Thumb Code     0  startup_stm32h750xx.o(.text)
    TIM8_BRK_TIM12_IRQHandler                0x08000367   Thumb Code     0  startup_stm32h750xx.o(.text)
    TIM8_CC_IRQHandler                       0x08000367   Thumb Code     0  startup_stm32h750xx.o(.text)
    TIM8_TRG_COM_TIM14_IRQHandler            0x08000367   Thumb Code     0  startup_stm32h750xx.o(.text)
    TIM8_UP_TIM13_IRQHandler                 0x08000367   Thumb Code     0  startup_stm32h750xx.o(.text)
    UART4_IRQHandler                         0x08000367   Thumb Code     0  startup_stm32h750xx.o(.text)
    UART5_IRQHandler                         0x08000367   Thumb Code     0  startup_stm32h750xx.o(.text)
    UART7_IRQHandler                         0x08000367   Thumb Code     0  startup_stm32h750xx.o(.text)
    UART8_IRQHandler                         0x08000367   Thumb Code     0  startup_stm32h750xx.o(.text)
    USART2_IRQHandler                        0x08000367   Thumb Code     0  startup_stm32h750xx.o(.text)
    USART3_IRQHandler                        0x08000367   Thumb Code     0  startup_stm32h750xx.o(.text)
    USART6_IRQHandler                        0x08000367   Thumb Code     0  startup_stm32h750xx.o(.text)
    WAKEUP_PIN_IRQHandler                    0x08000367   Thumb Code     0  startup_stm32h750xx.o(.text)
    WWDG_IRQHandler                          0x08000367   Thumb Code     0  startup_stm32h750xx.o(.text)
    __user_initial_stackheap                 0x08000369   Thumb Code     0  startup_stm32h750xx.o(.text)
    start_app                                0x08000375   Thumb Code    12  startup_stm32h750xx.o(.text)
    __use_no_semihosting                     0x0800039d   Thumb Code     2  use_no_semi_2.o(.text)
    __aeabi_uldivmod                         0x0800039f   Thumb Code     0  lludivv7m.o(.text)
    _ll_udiv                                 0x0800039f   Thumb Code   240  lludivv7m.o(.text)
    __2printf                                0x08000491   Thumb Code    20  noretval__2printf.o(.text)
    _printf_str                              0x080004a9   Thumb Code    82  _printf_str.o(.text)
    _printf_int_dec                          0x080004fd   Thumb Code   104  _printf_dec.o(.text)
    _printf_int_hex                          0x08000575   Thumb Code    84  _printf_hex_int.o(.text)
    _printf_longlong_hex                     0x08000575   Thumb Code     0  _printf_hex_int.o(.text)
    __printf                                 0x080005cd   Thumb Code   308  __printf_flags_wp.o(.text)
    puts                                     0x08000705   Thumb Code    40  puts.o(.text)
    __aeabi_memclr4                          0x08000731   Thumb Code     0  rt_memclr_w.o(.text)
    __aeabi_memclr8                          0x08000731   Thumb Code     0  rt_memclr_w.o(.text)
    __rt_memclr_w                            0x08000731   Thumb Code     0  rt_memclr_w.o(.text)
    _memset_w                                0x08000735   Thumb Code    74  rt_memclr_w.o(.text)
    __use_two_region_memory                  0x0800077f   Thumb Code     2  heapauxi.o(.text)
    __rt_heap_escrow$2region                 0x08000781   Thumb Code     2  heapauxi.o(.text)
    __rt_heap_expand$2region                 0x08000783   Thumb Code     2  heapauxi.o(.text)
    __I$use$semihosting                      0x08000785   Thumb Code     0  use_no_semi.o(.text)
    __use_no_semihosting_swi                 0x08000785   Thumb Code     2  use_no_semi.o(.text)
    _printf_int_common                       0x08000787   Thumb Code   178  _printf_intcommon.o(.text)
    _printf_cs_common                        0x08000839   Thumb Code    20  _printf_char.o(.text)
    _printf_char                             0x0800084d   Thumb Code    16  _printf_char.o(.text)
    _printf_string                           0x0800085d   Thumb Code     8  _printf_char.o(.text)
    _printf_char_file                        0x08000865   Thumb Code    32  _printf_char_file.o(.text)
    _printf_char_common                      0x08000893   Thumb Code    32  _printf_char_common.o(.text)
    ferror                                   0x080008b9   Thumb Code     8  ferror.o(.text)
    __user_setup_stackheap                   0x080008c1   Thumb Code    74  sys_stackheap_outer.o(.text)
    exit                                     0x0800090b   Thumb Code    18  exit.o(.text)
    __user_libspace                          0x0800091d   Thumb Code     8  libspace.o(.text)
    __user_perproc_libspace                  0x0800091d   Thumb Code     0  libspace.o(.text)
    __user_perthread_libspace                0x0800091d   Thumb Code     0  libspace.o(.text)
    BusFault_Handler                         0x08000929   Thumb Code     2  stm32h7xx_it.o(.text.BusFault_Handler)
    DebugMon_Handler                         0x08000931   Thumb Code     2  stm32h7xx_it.o(.text.DebugMon_Handler)
    Error_Handler                            0x08000939   Thumb Code    10  main.o(.text.Error_Handler)
    HAL_DMA_Abort                            0x08000949   Thumb Code  1470  stm32h7xx_hal_dma.o(.text.HAL_DMA_Abort)
    HAL_DMA_Abort_IT                         0x08000f09   Thumb Code   686  stm32h7xx_hal_dma.o(.text.HAL_DMA_Abort_IT)
    HAL_Delay                                0x080011b9   Thumb Code    40  stm32h7xx_hal.o(.text.HAL_Delay)
    HAL_GPIO_Init                            0x080011e1   Thumb Code   416  stm32h7xx_hal_gpio.o(.text.HAL_GPIO_Init)
    HAL_GPIO_WritePin                        0x08001381   Thumb Code    10  stm32h7xx_hal_gpio.o(.text.HAL_GPIO_WritePin)
    HAL_GetREVID                             0x08001391   Thumb Code    14  stm32h7xx_hal.o(.text.HAL_GetREVID)
    HAL_GetTick                              0x080013a1   Thumb Code    12  stm32h7xx_hal.o(.text.HAL_GetTick)
    HAL_IncTick                              0x080013b1   Thumb Code    26  stm32h7xx_hal.o(.text.HAL_IncTick)
    HAL_Init                                 0x080013d1   Thumb Code   100  stm32h7xx_hal.o(.text.HAL_Init)
    HAL_InitTick                             0x08001439   Thumb Code    84  stm32h7xx_hal.o(.text.HAL_InitTick)
    HAL_MspInit                              0x08001491   Thumb Code    32  stm32h7xx_hal_msp.o(.text.HAL_MspInit)
    HAL_NVIC_EnableIRQ                       0x080014b1   Thumb Code     8  stm32h7xx_hal_cortex.o(.text.HAL_NVIC_EnableIRQ)
    HAL_NVIC_SetPriority                     0x080014b9   Thumb Code    30  stm32h7xx_hal_cortex.o(.text.HAL_NVIC_SetPriority)
    HAL_NVIC_SetPriorityGrouping             0x080014d9   Thumb Code     8  stm32h7xx_hal_cortex.o(.text.HAL_NVIC_SetPriorityGrouping)
    HAL_PWREx_ConfigSupply                   0x080014e1   Thumb Code    72  stm32h7xx_hal_pwr_ex.o(.text.HAL_PWREx_ConfigSupply)
    HAL_QSPI_Init                            0x08001529   Thumb Code   182  stm32h7xx_hal_qspi.o(.text.HAL_QSPI_Init)
    HAL_QSPI_MspInit                         0x080015e1   Thumb Code   276  quadspi.o(.text.HAL_QSPI_MspInit)
    HAL_QSPI_SetTimeout                      0x080016f9   Thumb Code     4  stm32h7xx_hal_qspi.o(.text.HAL_QSPI_SetTimeout)
    HAL_RCCEx_GetD3PCLK1Freq                 0x08001701   Thumb Code    38  stm32h7xx_hal_rcc_ex.o(.text.HAL_RCCEx_GetD3PCLK1Freq)
    HAL_RCCEx_GetPLL2ClockFreq               0x08001729   Thumb Code   292  stm32h7xx_hal_rcc_ex.o(.text.HAL_RCCEx_GetPLL2ClockFreq)
    HAL_RCCEx_GetPLL3ClockFreq               0x08001851   Thumb Code   292  stm32h7xx_hal_rcc_ex.o(.text.HAL_RCCEx_GetPLL3ClockFreq)
    HAL_RCCEx_PeriphCLKConfig                0x08001979   Thumb Code  2400  stm32h7xx_hal_rcc_ex.o(.text.HAL_RCCEx_PeriphCLKConfig)
    HAL_RCC_ClockConfig                      0x080022d9   Thumb Code   596  stm32h7xx_hal_rcc.o(.text.HAL_RCC_ClockConfig)
    HAL_RCC_GetHCLKFreq                      0x08002531   Thumb Code    76  stm32h7xx_hal_rcc.o(.text.HAL_RCC_GetHCLKFreq)
    HAL_RCC_GetPCLK1Freq                     0x08002581   Thumb Code    38  stm32h7xx_hal_rcc.o(.text.HAL_RCC_GetPCLK1Freq)
    HAL_RCC_GetPCLK2Freq                     0x080025a9   Thumb Code    38  stm32h7xx_hal_rcc.o(.text.HAL_RCC_GetPCLK2Freq)
    HAL_RCC_GetSysClockFreq                  0x080025d1   Thumb Code   264  stm32h7xx_hal_rcc.o(.text.HAL_RCC_GetSysClockFreq)
    HAL_RCC_OscConfig                        0x080026d9   Thumb Code  1572  stm32h7xx_hal_rcc.o(.text.HAL_RCC_OscConfig)
    HAL_SPI_Init                             0x08002d01   Thumb Code   346  stm32h7xx_hal_spi.o(.text.HAL_SPI_Init)
    HAL_SPI_MspInit                          0x08002e61   Thumb Code   148  spi.o(.text.HAL_SPI_MspInit)
    HAL_SPI_Receive                          0x08002ef9   Thumb Code   500  stm32h7xx_hal_spi.o(.text.HAL_SPI_Receive)
    HAL_SPI_Transmit                         0x080030f1   Thumb Code   588  stm32h7xx_hal_spi.o(.text.HAL_SPI_Transmit)
    HAL_SPI_TransmitReceive                  0x08003341   Thumb Code   622  stm32h7xx_hal_spi.o(.text.HAL_SPI_TransmitReceive)
    HAL_SYSTICK_Config                       0x080035b1   Thumb Code     8  stm32h7xx_hal_cortex.o(.text.HAL_SYSTICK_Config)
    HAL_UARTEx_DisableFifoMode               0x080035b9   Thumb Code    54  stm32h7xx_hal_uart_ex.o(.text.HAL_UARTEx_DisableFifoMode)
    HAL_UARTEx_RxEventCallback               0x080035f1   Thumb Code     2  stm32h7xx_hal_uart.o(.text.HAL_UARTEx_RxEventCallback)
    HAL_UARTEx_RxFifoFullCallback            0x080035f9   Thumb Code     2  stm32h7xx_hal_uart_ex.o(.text.HAL_UARTEx_RxFifoFullCallback)
    HAL_UARTEx_SetRxFifoThreshold            0x08003601   Thumb Code    74  stm32h7xx_hal_uart_ex.o(.text.HAL_UARTEx_SetRxFifoThreshold)
    HAL_UARTEx_SetTxFifoThreshold            0x08003651   Thumb Code    74  stm32h7xx_hal_uart_ex.o(.text.HAL_UARTEx_SetTxFifoThreshold)
    HAL_UARTEx_TxFifoEmptyCallback           0x080036a1   Thumb Code     2  stm32h7xx_hal_uart_ex.o(.text.HAL_UARTEx_TxFifoEmptyCallback)
    HAL_UARTEx_WakeupCallback                0x080036a9   Thumb Code     2  stm32h7xx_hal_uart_ex.o(.text.HAL_UARTEx_WakeupCallback)
    HAL_UART_ErrorCallback                   0x080036b1   Thumb Code     2  stm32h7xx_hal_uart.o(.text.HAL_UART_ErrorCallback)
    HAL_UART_IRQHandler                      0x080036b9   Thumb Code   982  stm32h7xx_hal_uart.o(.text.HAL_UART_IRQHandler)
    HAL_UART_Init                            0x08003a91   Thumb Code    98  stm32h7xx_hal_uart.o(.text.HAL_UART_Init)
    HAL_UART_MspInit                         0x08003af9   Thumb Code   158  usart.o(.text.HAL_UART_MspInit)
    HAL_UART_Receive_IT                      0x08003b99   Thumb Code   106  stm32h7xx_hal_uart.o(.text.HAL_UART_Receive_IT)
    HAL_UART_RxCpltCallback                  0x08003c09   Thumb Code    44  public.o(.text.HAL_UART_RxCpltCallback)
    HAL_UART_Transmit                        0x08003c39   Thumb Code   218  stm32h7xx_hal_uart.o(.text.HAL_UART_Transmit)
    HAL_UART_TxCpltCallback                  0x08003d19   Thumb Code     2  stm32h7xx_hal_uart.o(.text.HAL_UART_TxCpltCallback)
    HardFault_Handler                        0x08003d21   Thumb Code     2  stm32h7xx_it.o(.text.HardFault_Handler)
    MX_GPIO_Init                             0x08003d29   Thumb Code   300  gpio.o(.text.MX_GPIO_Init)
    MX_QUADSPI_Init                          0x08003e59   Thumb Code    66  quadspi.o(.text.MX_QUADSPI_Init)
    MX_SPI2_Init                             0x08003ea1   Thumb Code    88  spi.o(.text.MX_SPI2_Init)
    MX_USART1_UART_Init                      0x08003ef9   Thumb Code   122  usart.o(.text.MX_USART1_UART_Init)
    MemManage_Handler                        0x08003f79   Thumb Code     2  stm32h7xx_it.o(.text.MemManage_Handler)
    NMI_Handler                              0x08003f81   Thumb Code     2  stm32h7xx_it.o(.text.NMI_Handler)
    PendSV_Handler                           0x08003fb9   Thumb Code     2  stm32h7xx_it.o(.text.PendSV_Handler)
    SPI_Flash_EraseSector                    0x08004329   Thumb Code    78  spi_norflash.o(.text.SPI_Flash_EraseSector)
    SPI_Flash_ReadByte                       0x080043b1   Thumb Code    42  spi_norflash.o(.text.SPI_Flash_ReadByte)
    SPI_Flash_ReadUnfixed                    0x08004499   Thumb Code    98  spi_norflash.o(.text.SPI_Flash_ReadUnfixed)
    SPI_Flash_WritePage                      0x08004589   Thumb Code   124  spi_norflash.o(.text.SPI_Flash_WritePage)
    SVC_Handler                              0x08004739   Thumb Code     2  stm32h7xx_it.o(.text.SVC_Handler)
    SysTick_Handler                          0x08004771   Thumb Code     8  stm32h7xx_it.o(.text.SysTick_Handler)
    SystemClock_Config                       0x08004779   Thumb Code   262  main.o(.text.SystemClock_Config)
    SystemInit                               0x08004881   Thumb Code   204  system_stm32h7xx.o(.text.SystemInit)
    UART_AdvFeatureConfig                    0x080049a9   Thumb Code   224  stm32h7xx_hal_uart.o(.text.UART_AdvFeatureConfig)
    UART_CheckIdleState                      0x08004a89   Thumb Code   106  stm32h7xx_hal_uart.o(.text.UART_CheckIdleState)
    UART_SetConfig                           0x08005031   Thumb Code  1410  stm32h7xx_hal_uart.o(.text.UART_SetConfig)
    UART_Start_Receive_IT                    0x080055b9   Thumb Code   300  stm32h7xx_hal_uart.o(.text.UART_Start_Receive_IT)
    UART_WaitOnFlagUntilTimeout              0x080056e9   Thumb Code   236  stm32h7xx_hal_uart.o(.text.UART_WaitOnFlagUntilTimeout)
    USART1_IRQHandler                        0x080057d9   Thumb Code    16  stm32h7xx_it.o(.text.USART1_IRQHandler)
    UsageFault_Handler                       0x080057e9   Thumb Code     2  stm32h7xx_it.o(.text.UsageFault_Handler)
    _sys_exit                                0x08005869   Thumb Code     2  public.o(.text._sys_exit)
    be32_to_cpu                              0x08005871   Thumb Code     4  public.o(.text.be32_to_cpu)
    com_general_handle                       0x08005879   Thumb Code    62  communications.o(.text.com_general_handle)
    com_module_init                          0x080058b9   Thumb Code    54  communications.o(.text.com_module_init)
    fputc                                    0x080058f1   Thumb Code    30  public.o(.text.fputc)
    main                                     0x08005911   Thumb Code    30  main.o(.text.main)
    queue_clear                              0x08005931   Thumb Code     6  my_structure.o(.text.queue_clear)
    queue_extract                            0x08005939   Thumb Code    56  my_structure.o(.text.queue_extract)
    queue_init                               0x08005971   Thumb Code    12  my_structure.o(.text.queue_init)
    queue_insert                             0x08005981   Thumb Code    80  my_structure.o(.text.queue_insert)
    queue_length                             0x080059d1   Thumb Code    40  my_structure.o(.text.queue_length)
    run                                      0x080059f9   Thumb Code    48  public.o(.text.run)
    spiFlashTest                             0x08005a29   Thumb Code   184  public.o(.text.spiFlashTest)
    _is_digit                                0x08005e95   Thumb Code    14  __printf_wp.o(i._is_digit)
    _fp_init                                 0x08005ea3   Thumb Code    26  fpinit.o(x$fpl$fpinit)
    __fplib_config_fpu_vfp                   0x08005ebb   Thumb Code     0  fpinit.o(x$fpl$fpinit)
    __fplib_config_pureend_doubles           0x08005ebb   Thumb Code     0  fpinit.o(x$fpl$fpinit)
    D1CorePrescTable                         0x08005ef5   Data          16  system_stm32h7xx.o(.rodata.D1CorePrescTable)
    UARTPrescTable                           0x08005f06   Data          24  stm32h7xx_hal_uart.o(.rodata.UARTPrescTable)
    Region$$Table$$Base                      0x08006034   Number         0  anon$$obj.o(Region$$Table)
    Region$$Table$$Limit                     0x08006054   Number         0  anon$$obj.o(Region$$Table)
    SPI_Flash                                0x24000000   Data          24  spi_norflash.o(.data.SPI_Flash)
    SystemCoreClock                          0x24000018   Data           4  system_stm32h7xx.o(.data.SystemCoreClock)
    SystemD2Clock                            0x2400001c   Data           4  system_stm32h7xx.o(.data.SystemD2Clock)
    uwTickFreq                               0x24000020   Data           1  stm32h7xx_hal.o(.data.uwTickFreq)
    uwTickPrio                               0x24000024   Data           4  stm32h7xx_hal.o(.data.uwTickPrio)
    __libspace_start                         0x24000028   Data          96  libspace.o(.bss)
    __stdout                                 0x24000088   Data          84  public.o(.bss.__stdout)
    __temporary_stack_top$libspace           0x24000088   Data           0  libspace.o(.bss)
    com_usart1                               0x240000dc   Data          20  communications.o(.bss.com_usart1)
    hqspi                                    0x240000f0   Data          76  quadspi.o(.bss.hqspi)
    hspi2                                    0x2400013c   Data         136  spi.o(.bss.hspi2)
    huart1                                   0x240001c4   Data         144  usart.o(.bss.huart1)
    load                                     0x24000254   Data           4  communications.o(.bss.load)
    size                                     0x24000258   Data           4  communications.o(.bss.size)
    updata_buff                              0x2400025c   Data           1  public.o(.bss.updata_buff)
    uwTick                                   0x240004d0   Data           4  stm32h7xx_hal.o(.bss.uwTick)



==============================================================================

Memory Map of the image

  Image Entry point : 0x08000299

  Load Region LR_IROM1 (Base: 0x08000000, Size: 0x00006080, Max: 0x00200000, ABSOLUTE)

    Execution Region ER_IROM1 (Exec base: 0x08000000, Load base: 0x08000000, Size: 0x00006054, Max: 0x00200000, ABSOLUTE)

    Exec Addr    Load Addr    Size         Type   Attr      Idx    E Section Name        Object

    0x08000000   0x08000000   0x00000298   Data   RO          166    RESET               startup_stm32h750xx.o
    0x08000298   0x08000298   0x00000008   Code   RO         1648  * !!!main             c_w.l(__main.o)
    0x080002a0   0x080002a0   0x00000034   Code   RO         1828    !!!scatter          c_w.l(__scatter.o)
    0x080002d4   0x080002d4   0x0000001a   Code   RO         1830    !!handler_copy      c_w.l(__scatter_copy.o)
    0x080002ee   0x080002ee   0x00000002   PAD
    0x080002f0   0x080002f0   0x0000001c   Code   RO         1832    !!handler_zi        c_w.l(__scatter_zi.o)
    0x0800030c   0x0800030c   0x00000000   Code   RO         1641    .ARM.Collect$$_printf_percent$$00000000  c_w.l(_printf_percent.o)
    0x0800030c   0x0800030c   0x00000006   Code   RO         1640    .ARM.Collect$$_printf_percent$$00000009  c_w.l(_printf_d.o)
    0x08000312   0x08000312   0x00000006   Code   RO         1639    .ARM.Collect$$_printf_percent$$0000000C  c_w.l(_printf_x.o)
    0x08000318   0x08000318   0x00000006   Code   RO         1638    .ARM.Collect$$_printf_percent$$00000014  c_w.l(_printf_s.o)
    0x0800031e   0x0800031e   0x00000004   Code   RO         1663    .ARM.Collect$$_printf_percent$$00000017  c_w.l(_printf_percent_end.o)
    0x08000322   0x08000322   0x00000002   Code   RO         1702    .ARM.Collect$$libinit$$00000000  c_w.l(libinit.o)
    0x08000324   0x08000324   0x00000004   Code   RO         1714    .ARM.Collect$$libinit$$00000001  c_w.l(libinit2.o)
    0x08000328   0x08000328   0x00000000   Code   RO         1717    .ARM.Collect$$libinit$$00000004  c_w.l(libinit2.o)
    0x08000328   0x08000328   0x00000000   Code   RO         1720    .ARM.Collect$$libinit$$0000000A  c_w.l(libinit2.o)
    0x08000328   0x08000328   0x00000000   Code   RO         1722    .ARM.Collect$$libinit$$0000000C  c_w.l(libinit2.o)
    0x08000328   0x08000328   0x00000000   Code   RO         1724    .ARM.Collect$$libinit$$0000000E  c_w.l(libinit2.o)
    0x08000328   0x08000328   0x00000000   Code   RO         1727    .ARM.Collect$$libinit$$00000011  c_w.l(libinit2.o)
    0x08000328   0x08000328   0x00000000   Code   RO         1729    .ARM.Collect$$libinit$$00000013  c_w.l(libinit2.o)
    0x08000328   0x08000328   0x00000000   Code   RO         1731    .ARM.Collect$$libinit$$00000015  c_w.l(libinit2.o)
    0x08000328   0x08000328   0x00000000   Code   RO         1733    .ARM.Collect$$libinit$$00000017  c_w.l(libinit2.o)
    0x08000328   0x08000328   0x00000000   Code   RO         1735    .ARM.Collect$$libinit$$00000019  c_w.l(libinit2.o)
    0x08000328   0x08000328   0x00000000   Code   RO         1737    .ARM.Collect$$libinit$$0000001B  c_w.l(libinit2.o)
    0x08000328   0x08000328   0x00000000   Code   RO         1739    .ARM.Collect$$libinit$$0000001D  c_w.l(libinit2.o)
    0x08000328   0x08000328   0x00000000   Code   RO         1741    .ARM.Collect$$libinit$$0000001F  c_w.l(libinit2.o)
    0x08000328   0x08000328   0x00000000   Code   RO         1743    .ARM.Collect$$libinit$$00000021  c_w.l(libinit2.o)
    0x08000328   0x08000328   0x00000000   Code   RO         1745    .ARM.Collect$$libinit$$00000023  c_w.l(libinit2.o)
    0x08000328   0x08000328   0x00000000   Code   RO         1747    .ARM.Collect$$libinit$$00000025  c_w.l(libinit2.o)
    0x08000328   0x08000328   0x00000000   Code   RO         1751    .ARM.Collect$$libinit$$0000002C  c_w.l(libinit2.o)
    0x08000328   0x08000328   0x00000000   Code   RO         1753    .ARM.Collect$$libinit$$0000002E  c_w.l(libinit2.o)
    0x08000328   0x08000328   0x00000000   Code   RO         1755    .ARM.Collect$$libinit$$00000030  c_w.l(libinit2.o)
    0x08000328   0x08000328   0x00000000   Code   RO         1757    .ARM.Collect$$libinit$$00000032  c_w.l(libinit2.o)
    0x08000328   0x08000328   0x00000002   Code   RO         1758    .ARM.Collect$$libinit$$00000033  c_w.l(libinit2.o)
    0x0800032a   0x0800032a   0x00000002   Code   RO         1782    .ARM.Collect$$libshutdown$$00000000  c_w.l(libshutdown.o)
    0x0800032c   0x0800032c   0x00000000   Code   RO         1810    .ARM.Collect$$libshutdown$$00000002  c_w.l(libshutdown2.o)
    0x0800032c   0x0800032c   0x00000000   Code   RO         1812    .ARM.Collect$$libshutdown$$00000004  c_w.l(libshutdown2.o)
    0x0800032c   0x0800032c   0x00000000   Code   RO         1815    .ARM.Collect$$libshutdown$$00000007  c_w.l(libshutdown2.o)
    0x0800032c   0x0800032c   0x00000000   Code   RO         1818    .ARM.Collect$$libshutdown$$0000000A  c_w.l(libshutdown2.o)
    0x0800032c   0x0800032c   0x00000000   Code   RO         1820    .ARM.Collect$$libshutdown$$0000000C  c_w.l(libshutdown2.o)
    0x0800032c   0x0800032c   0x00000000   Code   RO         1823    .ARM.Collect$$libshutdown$$0000000F  c_w.l(libshutdown2.o)
    0x0800032c   0x0800032c   0x00000002   Code   RO         1824    .ARM.Collect$$libshutdown$$00000010  c_w.l(libshutdown2.o)
    0x0800032e   0x0800032e   0x00000000   Code   RO         1652    .ARM.Collect$$rtentry$$00000000  c_w.l(__rtentry.o)
    0x0800032e   0x0800032e   0x00000000   Code   RO         1665    .ARM.Collect$$rtentry$$00000002  c_w.l(__rtentry2.o)
    0x0800032e   0x0800032e   0x00000006   Code   RO         1677    .ARM.Collect$$rtentry$$00000004  c_w.l(__rtentry4.o)
    0x08000334   0x08000334   0x00000000   Code   RO         1667    .ARM.Collect$$rtentry$$00000009  c_w.l(__rtentry2.o)
    0x08000334   0x08000334   0x00000004   Code   RO         1668    .ARM.Collect$$rtentry$$0000000A  c_w.l(__rtentry2.o)
    0x08000338   0x08000338   0x00000000   Code   RO         1670    .ARM.Collect$$rtentry$$0000000C  c_w.l(__rtentry2.o)
    0x08000338   0x08000338   0x00000008   Code   RO         1671    .ARM.Collect$$rtentry$$0000000D  c_w.l(__rtentry2.o)
    0x08000340   0x08000340   0x00000002   Code   RO         1706    .ARM.Collect$$rtexit$$00000000  c_w.l(rtexit.o)
    0x08000342   0x08000342   0x00000000   Code   RO         1760    .ARM.Collect$$rtexit$$00000002  c_w.l(rtexit2.o)
    0x08000342   0x08000342   0x00000004   Code   RO         1761    .ARM.Collect$$rtexit$$00000003  c_w.l(rtexit2.o)
    0x08000346   0x08000346   0x00000006   Code   RO         1762    .ARM.Collect$$rtexit$$00000004  c_w.l(rtexit2.o)
    0x0800034c   0x0800034c   0x00000050   Code   RO          167    .text               startup_stm32h750xx.o
    0x0800039c   0x0800039c   0x00000002   Code   RO         1583    .text               c_w.l(use_no_semi_2.o)
    0x0800039e   0x0800039e   0x000000f0   Code   RO         1585    .text               c_w.l(lludivv7m.o)
    0x0800048e   0x0800048e   0x00000002   PAD
    0x08000490   0x08000490   0x00000018   Code   RO         1589    .text               c_w.l(noretval__2printf.o)
    0x080004a8   0x080004a8   0x00000052   Code   RO         1593    .text               c_w.l(_printf_str.o)
    0x080004fa   0x080004fa   0x00000002   PAD
    0x080004fc   0x080004fc   0x00000078   Code   RO         1595    .text               c_w.l(_printf_dec.o)
    0x08000574   0x08000574   0x00000058   Code   RO         1600    .text               c_w.l(_printf_hex_int.o)
    0x080005cc   0x080005cc   0x00000138   Code   RO         1630    .text               c_w.l(__printf_flags_wp.o)
    0x08000704   0x08000704   0x0000002c   Code   RO         1642    .text               c_w.l(puts.o)
    0x08000730   0x08000730   0x0000004e   Code   RO         1644    .text               c_w.l(rt_memclr_w.o)
    0x0800077e   0x0800077e   0x00000006   Code   RO         1646    .text               c_w.l(heapauxi.o)
    0x08000784   0x08000784   0x00000002   Code   RO         1650    .text               c_w.l(use_no_semi.o)
    0x08000786   0x08000786   0x000000b2   Code   RO         1657    .text               c_w.l(_printf_intcommon.o)
    0x08000838   0x08000838   0x0000002c   Code   RO         1659    .text               c_w.l(_printf_char.o)
    0x08000864   0x08000864   0x00000024   Code   RO         1661    .text               c_w.l(_printf_char_file.o)
    0x08000888   0x08000888   0x00000030   Code   RO         1681    .text               c_w.l(_printf_char_common.o)
    0x080008b8   0x080008b8   0x00000008   Code   RO         1683    .text               c_w.l(ferror.o)
    0x080008c0   0x080008c0   0x0000004a   Code   RO         1687    .text               c_w.l(sys_stackheap_outer.o)
    0x0800090a   0x0800090a   0x00000012   Code   RO         1691    .text               c_w.l(exit.o)
    0x0800091c   0x0800091c   0x00000008   Code   RO         1703    .text               c_w.l(libspace.o)
    0x08000924   0x08000924   0x00000004   PAD
    0x08000928   0x08000928   0x00000002   Code   RO          248    .text.BusFault_Handler  stm32h7xx_it.o
    0x0800092a   0x0800092a   0x00000006   PAD
    0x08000930   0x08000930   0x00000002   Code   RO          254    .text.DebugMon_Handler  stm32h7xx_it.o
    0x08000932   0x08000932   0x00000006   PAD
    0x08000938   0x08000938   0x0000000a   Code   RO          178    .text.Error_Handler  main.o
    0x08000942   0x08000942   0x00000006   PAD
    0x08000948   0x08000948   0x000005be   Code   RO          620    .text.HAL_DMA_Abort  stm32h7xx_hal_dma.o
    0x08000f06   0x08000f06   0x00000002   PAD
    0x08000f08   0x08000f08   0x000002ae   Code   RO          622    .text.HAL_DMA_Abort_IT  stm32h7xx_hal_dma.o
    0x080011b6   0x080011b6   0x00000002   PAD
    0x080011b8   0x080011b8   0x00000028   Code   RO          870    .text.HAL_Delay     stm32h7xx_hal.o
    0x080011e0   0x080011e0   0x000001a0   Code   RO          548    .text.HAL_GPIO_Init  stm32h7xx_hal_gpio.o
    0x08001380   0x08001380   0x0000000a   Code   RO          554    .text.HAL_GPIO_WritePin  stm32h7xx_hal_gpio.o
    0x0800138a   0x0800138a   0x00000006   PAD
    0x08001390   0x08001390   0x0000000e   Code   RO          878    .text.HAL_GetREVID  stm32h7xx_hal.o
    0x0800139e   0x0800139e   0x00000002   PAD
    0x080013a0   0x080013a0   0x0000000c   Code   RO          862    .text.HAL_GetTick   stm32h7xx_hal.o
    0x080013ac   0x080013ac   0x00000004   PAD
    0x080013b0   0x080013b0   0x0000001a   Code   RO          860    .text.HAL_IncTick   stm32h7xx_hal.o
    0x080013ca   0x080013ca   0x00000006   PAD
    0x080013d0   0x080013d0   0x00000064   Code   RO          850    .text.HAL_Init      stm32h7xx_hal.o
    0x08001434   0x08001434   0x00000004   PAD
    0x08001438   0x08001438   0x00000054   Code   RO          852    .text.HAL_InitTick  stm32h7xx_hal.o
    0x0800148c   0x0800148c   0x00000004   PAD
    0x08001490   0x08001490   0x00000020   Code   RO          269    .text.HAL_MspInit   stm32h7xx_hal_msp.o
    0x080014b0   0x080014b0   0x00000008   Code   RO          289    .text.HAL_NVIC_EnableIRQ  stm32h7xx_hal_cortex.o
    0x080014b8   0x080014b8   0x0000001e   Code   RO          281    .text.HAL_NVIC_SetPriority  stm32h7xx_hal_cortex.o
    0x080014d6   0x080014d6   0x00000002   PAD
    0x080014d8   0x080014d8   0x00000008   Code   RO          277    .text.HAL_NVIC_SetPriorityGrouping  stm32h7xx_hal_cortex.o
    0x080014e0   0x080014e0   0x00000048   Code   RO          762    .text.HAL_PWREx_ConfigSupply  stm32h7xx_hal_pwr_ex.o
    0x08001528   0x08001528   0x000000b6   Code   RO         1169    .text.HAL_QSPI_Init  stm32h7xx_hal_qspi.o
    0x080015de   0x080015de   0x00000002   PAD
    0x080015e0   0x080015e0   0x00000114   Code   RO          199    .text.HAL_QSPI_MspInit  quadspi.o
    0x080016f4   0x080016f4   0x00000004   PAD
    0x080016f8   0x080016f8   0x00000004   Code   RO         1173    .text.HAL_QSPI_SetTimeout  stm32h7xx_hal_qspi.o
    0x080016fc   0x080016fc   0x00000004   PAD
    0x08001700   0x08001700   0x00000026   Code   RO          403    .text.HAL_RCCEx_GetD3PCLK1Freq  stm32h7xx_hal_rcc_ex.o
    0x08001726   0x08001726   0x00000002   PAD
    0x08001728   0x08001728   0x00000124   Code   RO          399    .text.HAL_RCCEx_GetPLL2ClockFreq  stm32h7xx_hal_rcc_ex.o
    0x0800184c   0x0800184c   0x00000004   PAD
    0x08001850   0x08001850   0x00000124   Code   RO          401    .text.HAL_RCCEx_GetPLL3ClockFreq  stm32h7xx_hal_rcc_ex.o
    0x08001974   0x08001974   0x00000004   PAD
    0x08001978   0x08001978   0x00000960   Code   RO          387    .text.HAL_RCCEx_PeriphCLKConfig  stm32h7xx_hal_rcc_ex.o
    0x080022d8   0x080022d8   0x00000254   Code   RO          355    .text.HAL_RCC_ClockConfig  stm32h7xx_hal_rcc.o
    0x0800252c   0x0800252c   0x00000004   PAD
    0x08002530   0x08002530   0x0000004c   Code   RO          365    .text.HAL_RCC_GetHCLKFreq  stm32h7xx_hal_rcc.o
    0x0800257c   0x0800257c   0x00000004   PAD
    0x08002580   0x08002580   0x00000026   Code   RO          367    .text.HAL_RCC_GetPCLK1Freq  stm32h7xx_hal_rcc.o
    0x080025a6   0x080025a6   0x00000002   PAD
    0x080025a8   0x080025a8   0x00000026   Code   RO          369    .text.HAL_RCC_GetPCLK2Freq  stm32h7xx_hal_rcc.o
    0x080025ce   0x080025ce   0x00000002   PAD
    0x080025d0   0x080025d0   0x00000108   Code   RO          357    .text.HAL_RCC_GetSysClockFreq  stm32h7xx_hal_rcc.o
    0x080026d8   0x080026d8   0x00000624   Code   RO          353    .text.HAL_RCC_OscConfig  stm32h7xx_hal_rcc.o
    0x08002cfc   0x08002cfc   0x00000004   PAD
    0x08002d00   0x08002d00   0x0000015a   Code   RO         1253    .text.HAL_SPI_Init  stm32h7xx_hal_spi.o
    0x08002e5a   0x08002e5a   0x00000006   PAD
    0x08002e60   0x08002e60   0x00000094   Code   RO          214    .text.HAL_SPI_MspInit  spi.o
    0x08002ef4   0x08002ef4   0x00000004   PAD
    0x08002ef8   0x08002ef8   0x000001f4   Code   RO         1269    .text.HAL_SPI_Receive  stm32h7xx_hal_spi.o
    0x080030ec   0x080030ec   0x00000004   PAD
    0x080030f0   0x080030f0   0x0000024c   Code   RO         1263    .text.HAL_SPI_Transmit  stm32h7xx_hal_spi.o
    0x0800333c   0x0800333c   0x00000004   PAD
    0x08003340   0x08003340   0x0000026e   Code   RO         1271    .text.HAL_SPI_TransmitReceive  stm32h7xx_hal_spi.o
    0x080035ae   0x080035ae   0x00000002   PAD
    0x080035b0   0x080035b0   0x00000008   Code   RO          301    .text.HAL_SYSTICK_Config  stm32h7xx_hal_cortex.o
    0x080035b8   0x080035b8   0x00000036   Code   RO         1546    .text.HAL_UARTEx_DisableFifoMode  stm32h7xx_hal_uart_ex.o
    0x080035ee   0x080035ee   0x00000002   PAD
    0x080035f0   0x080035f0   0x00000002   Code   RO         1469    .text.HAL_UARTEx_RxEventCallback  stm32h7xx_hal_uart.o
    0x080035f2   0x080035f2   0x00000006   PAD
    0x080035f8   0x080035f8   0x00000002   Code   RO         1528    .text.HAL_UARTEx_RxFifoFullCallback  stm32h7xx_hal_uart_ex.o
    0x080035fa   0x080035fa   0x00000006   PAD
    0x08003600   0x08003600   0x0000004a   Code   RO         1550    .text.HAL_UARTEx_SetRxFifoThreshold  stm32h7xx_hal_uart_ex.o
    0x0800364a   0x0800364a   0x00000006   PAD
    0x08003650   0x08003650   0x0000004a   Code   RO         1548    .text.HAL_UARTEx_SetTxFifoThreshold  stm32h7xx_hal_uart_ex.o
    0x0800369a   0x0800369a   0x00000006   PAD
    0x080036a0   0x080036a0   0x00000002   Code   RO         1530    .text.HAL_UARTEx_TxFifoEmptyCallback  stm32h7xx_hal_uart_ex.o
    0x080036a2   0x080036a2   0x00000006   PAD
    0x080036a8   0x080036a8   0x00000002   Code   RO         1526    .text.HAL_UARTEx_WakeupCallback  stm32h7xx_hal_uart_ex.o
    0x080036aa   0x080036aa   0x00000006   PAD
    0x080036b0   0x080036b0   0x00000002   Code   RO         1467    .text.HAL_UART_ErrorCallback  stm32h7xx_hal_uart.o
    0x080036b2   0x080036b2   0x00000006   PAD
    0x080036b8   0x080036b8   0x000003d6   Code   RO         1463    .text.HAL_UART_IRQHandler  stm32h7xx_hal_uart.o
    0x08003a8e   0x08003a8e   0x00000002   PAD
    0x08003a90   0x08003a90   0x00000062   Code   RO         1375    .text.HAL_UART_Init  stm32h7xx_hal_uart.o
    0x08003af2   0x08003af2   0x00000006   PAD
    0x08003af8   0x08003af8   0x0000009e   Code   RO          229    .text.HAL_UART_MspInit  usart.o
    0x08003b96   0x08003b96   0x00000002   PAD
    0x08003b98   0x08003b98   0x0000006a   Code   RO         1411    .text.HAL_UART_Receive_IT  stm32h7xx_hal_uart.o
    0x08003c02   0x08003c02   0x00000006   PAD
    0x08003c08   0x08003c08   0x0000002c   Code   RO           18    .text.HAL_UART_RxCpltCallback  public.o
    0x08003c34   0x08003c34   0x00000004   PAD
    0x08003c38   0x08003c38   0x000000da   Code   RO         1395    .text.HAL_UART_Transmit  stm32h7xx_hal_uart.o
    0x08003d12   0x08003d12   0x00000006   PAD
    0x08003d18   0x08003d18   0x00000002   Code   RO         1473    .text.HAL_UART_TxCpltCallback  stm32h7xx_hal_uart.o
    0x08003d1a   0x08003d1a   0x00000006   PAD
    0x08003d20   0x08003d20   0x00000002   Code   RO          244    .text.HardFault_Handler  stm32h7xx_it.o
    0x08003d22   0x08003d22   0x00000006   PAD
    0x08003d28   0x08003d28   0x0000012c   Code   RO          188    .text.MX_GPIO_Init  gpio.o
    0x08003e54   0x08003e54   0x00000004   PAD
    0x08003e58   0x08003e58   0x00000042   Code   RO          197    .text.MX_QUADSPI_Init  quadspi.o
    0x08003e9a   0x08003e9a   0x00000006   PAD
    0x08003ea0   0x08003ea0   0x00000058   Code   RO          212    .text.MX_SPI2_Init  spi.o
    0x08003ef8   0x08003ef8   0x0000007a   Code   RO          227    .text.MX_USART1_UART_Init  usart.o
    0x08003f72   0x08003f72   0x00000006   PAD
    0x08003f78   0x08003f78   0x00000002   Code   RO          246    .text.MemManage_Handler  stm32h7xx_it.o
    0x08003f7a   0x08003f7a   0x00000006   PAD
    0x08003f80   0x08003f80   0x00000002   Code   RO          242    .text.NMI_Handler   stm32h7xx_it.o
    0x08003f82   0x08003f82   0x00000006   PAD
    0x08003f88   0x08003f88   0x0000002e   Code   RO          287    .text.NVIC_EncodePriority  stm32h7xx_hal_cortex.o
    0x08003fb6   0x08003fb6   0x00000002   PAD
    0x08003fb8   0x08003fb8   0x00000002   Code   RO          256    .text.PendSV_Handler  stm32h7xx_it.o
    0x08003fba   0x08003fba   0x00000006   PAD
    0x08003fc0   0x08003fc0   0x0000006a   Code   RO         1175    .text.QSPI_WaitFlagStateUntilTimeout  stm32h7xx_hal_qspi.o
    0x0800402a   0x0800402a   0x00000006   PAD
    0x08004030   0x08004030   0x0000011e   Code   RO          389    .text.RCCEx_PLL2_Config  stm32h7xx_hal_rcc_ex.o
    0x0800414e   0x0800414e   0x00000002   PAD
    0x08004150   0x08004150   0x0000011e   Code   RO          391    .text.RCCEx_PLL3_Config  stm32h7xx_hal_rcc_ex.o
    0x0800426e   0x0800426e   0x00000002   PAD
    0x08004270   0x08004270   0x000000b6   Code   RO         1265    .text.SPI_CloseTransfer  stm32h7xx_hal_spi.o
    0x08004326   0x08004326   0x00000002   PAD
    0x08004328   0x08004328   0x0000004e   Code   RO           86    .text.SPI_Flash_EraseSector  spi_norflash.o
    0x08004376   0x08004376   0x00000002   PAD
    0x08004378   0x08004378   0x00000036   Code   RO           88    .text.SPI_Flash_EraseTotal  spi_norflash.o
    0x080043ae   0x080043ae   0x00000002   PAD
    0x080043b0   0x080043b0   0x0000002a   Code   RO           94    .text.SPI_Flash_ReadByte  spi_norflash.o
    0x080043da   0x080043da   0x00000006   PAD
    0x080043e0   0x080043e0   0x000000b8   Code   RO           84    .text.SPI_Flash_ReadFlashID  spi_norflash.o
    0x08004498   0x08004498   0x00000062   Code   RO           92    .text.SPI_Flash_ReadUnfixed  spi_norflash.o
    0x080044fa   0x080044fa   0x00000006   PAD
    0x08004500   0x08004500   0x00000032   Code   RO          102    .text.SPI_Flash_WaitForWriteEnd  spi_norflash.o
    0x08004532   0x08004532   0x00000006   PAD
    0x08004538   0x08004538   0x00000020   Code   RO          100    .text.SPI_Flash_WriteByte  spi_norflash.o
    0x08004558   0x08004558   0x0000002a   Code   RO           98    .text.SPI_Flash_WriteEnable  spi_norflash.o
    0x08004582   0x08004582   0x00000006   PAD
    0x08004588   0x08004588   0x000000a0   Code   RO          104    .text.SPI_Flash_WritePage  spi_norflash.o
    0x08004628   0x08004628   0x000000c6   Code   RO           90    .text.SPI_Flash_WriteUnfixed  spi_norflash.o
    0x080046ee   0x080046ee   0x00000002   PAD
    0x080046f0   0x080046f0   0x00000012   Code   RO         1255    .text.SPI_GetPacketSize  stm32h7xx_hal_spi.o
    0x08004702   0x08004702   0x00000006   PAD
    0x08004708   0x08004708   0x0000002e   Code   RO         1267    .text.SPI_WaitOnFlagUntilTimeout  stm32h7xx_hal_spi.o
    0x08004736   0x08004736   0x00000002   PAD
    0x08004738   0x08004738   0x00000002   Code   RO          252    .text.SVC_Handler   stm32h7xx_it.o
    0x0800473a   0x0800473a   0x00000006   PAD
    0x08004740   0x08004740   0x0000002e   Code   RO          303    .text.SysTick_Config  stm32h7xx_hal_cortex.o
    0x0800476e   0x0800476e   0x00000002   PAD
    0x08004770   0x08004770   0x00000008   Code   RO          258    .text.SysTick_Handler  stm32h7xx_it.o
    0x08004778   0x08004778   0x00000106   Code   RO          176    .text.SystemClock_Config  main.o
    0x0800487e   0x0800487e   0x00000002   PAD
    0x08004880   0x08004880   0x000000cc   Code   RO         1567    .text.SystemInit    system_stm32h7xx.o
    0x0800494c   0x0800494c   0x00000004   PAD
    0x08004950   0x08004950   0x00000054   Code   RO         1544    .text.UARTEx_SetNbDataToProcess  stm32h7xx_hal_uart_ex.o
    0x080049a4   0x080049a4   0x00000004   PAD
    0x080049a8   0x080049a8   0x000000e0   Code   RO         1381    .text.UART_AdvFeatureConfig  stm32h7xx_hal_uart.o
    0x08004a88   0x08004a88   0x0000006a   Code   RO         1383    .text.UART_CheckIdleState  stm32h7xx_hal_uart.o
    0x08004af2   0x08004af2   0x00000006   PAD
    0x08004af8   0x08004af8   0x00000014   Code   RO         1465    .text.UART_DMAAbortOnError  stm32h7xx_hal_uart.o
    0x08004b0c   0x08004b0c   0x00000004   PAD
    0x08004b10   0x08004b10   0x0000005a   Code   RO         1435    .text.UART_EndRxTransfer  stm32h7xx_hal_uart.o
    0x08004b6a   0x08004b6a   0x00000006   PAD
    0x08004b70   0x08004b70   0x00000028   Code   RO         1471    .text.UART_EndTransmit_IT  stm32h7xx_hal_uart.o
    0x08004b98   0x08004b98   0x000000a6   Code   RO         1507    .text.UART_RxISR_16BIT  stm32h7xx_hal_uart.o
    0x08004c3e   0x08004c3e   0x00000002   PAD
    0x08004c40   0x08004c40   0x0000019c   Code   RO         1503    .text.UART_RxISR_16BIT_FIFOEN  stm32h7xx_hal_uart.o
    0x08004ddc   0x08004ddc   0x00000004   PAD
    0x08004de0   0x08004de0   0x000000aa   Code   RO         1509    .text.UART_RxISR_8BIT  stm32h7xx_hal_uart.o
    0x08004e8a   0x08004e8a   0x00000006   PAD
    0x08004e90   0x08004e90   0x000001a0   Code   RO         1505    .text.UART_RxISR_8BIT_FIFOEN  stm32h7xx_hal_uart.o
    0x08005030   0x08005030   0x00000582   Code   RO         1379    .text.UART_SetConfig  stm32h7xx_hal_uart.o
    0x080055b2   0x080055b2   0x00000006   PAD
    0x080055b8   0x080055b8   0x0000012c   Code   RO         1413    .text.UART_Start_Receive_IT  stm32h7xx_hal_uart.o
    0x080056e4   0x080056e4   0x00000004   PAD
    0x080056e8   0x080056e8   0x000000ec   Code   RO         1397    .text.UART_WaitOnFlagUntilTimeout  stm32h7xx_hal_uart.o
    0x080057d4   0x080057d4   0x00000004   PAD
    0x080057d8   0x080057d8   0x00000010   Code   RO          260    .text.USART1_IRQHandler  stm32h7xx_it.o
    0x080057e8   0x080057e8   0x00000002   Code   RO          250    .text.UsageFault_Handler  stm32h7xx_it.o
    0x080057ea   0x080057ea   0x00000006   PAD
    0x080057f0   0x080057f0   0x00000020   Code   RO          291    .text.__NVIC_EnableIRQ  stm32h7xx_hal_cortex.o
    0x08005810   0x08005810   0x00000010   Code   RO          283    .text.__NVIC_GetPriorityGrouping  stm32h7xx_hal_cortex.o
    0x08005820   0x08005820   0x00000022   Code   RO          285    .text.__NVIC_SetPriority  stm32h7xx_hal_cortex.o
    0x08005842   0x08005842   0x00000006   PAD
    0x08005848   0x08005848   0x00000020   Code   RO          279    .text.__NVIC_SetPriorityGrouping  stm32h7xx_hal_cortex.o
    0x08005868   0x08005868   0x00000002   Code   RO            2    .text._sys_exit     public.o
    0x0800586a   0x0800586a   0x00000006   PAD
    0x08005870   0x08005870   0x00000004   Code   RO            8    .text.be32_to_cpu   public.o
    0x08005874   0x08005874   0x00000004   PAD
    0x08005878   0x08005878   0x0000003e   Code   RO          120    .text.com_general_handle  communications.o
    0x080058b6   0x080058b6   0x00000002   PAD
    0x080058b8   0x080058b8   0x00000036   Code   RO          116    .text.com_module_init  communications.o
    0x080058ee   0x080058ee   0x00000002   PAD
    0x080058f0   0x080058f0   0x0000001e   Code   RO            6    .text.fputc         public.o
    0x0800590e   0x0800590e   0x00000002   PAD
    0x08005910   0x08005910   0x0000001e   Code   RO          174    .text.main          main.o
    0x0800592e   0x0800592e   0x00000002   PAD
    0x08005930   0x08005930   0x00000006   Code   RO          151    .text.queue_clear   my_structure.o
    0x08005936   0x08005936   0x00000002   PAD
    0x08005938   0x08005938   0x00000038   Code   RO          155    .text.queue_extract  my_structure.o
    0x08005970   0x08005970   0x0000000c   Code   RO          147    .text.queue_init    my_structure.o
    0x0800597c   0x0800597c   0x00000004   PAD
    0x08005980   0x08005980   0x00000050   Code   RO          153    .text.queue_insert  my_structure.o
    0x080059d0   0x080059d0   0x00000028   Code   RO          149    .text.queue_length  my_structure.o
    0x080059f8   0x080059f8   0x00000030   Code   RO           16    .text.run           public.o
    0x08005a28   0x08005a28   0x00000128   Code   RO           20    .text.spiFlashTest  public.o
    0x08005b50   0x08005b50   0x00000344   Code   RO          118    .text.usart1_protocol_parse  communications.o
    0x08005e94   0x08005e94   0x0000000e   Code   RO         1628    i._is_digit         c_w.l(__printf_wp.o)
    0x08005ea2   0x08005ea2   0x0000001a   Code   RO         1772    x$fpl$fpinit        fz_wv.l(fpinit.o)
    0x08005ebc   0x08005ebc   0x00000028   Data   RO         1601    .constdata          c_w.l(_printf_hex_int.o)
    0x08005ee4   0x08005ee4   0x00000011   Data   RO         1631    .constdata          c_w.l(__printf_flags_wp.o)
    0x08005ef5   0x08005ef5   0x00000010   Data   RO         1573    .rodata.D1CorePrescTable  system_stm32h7xx.o
    0x08005f05   0x08005f05   0x00000001   PAD
    0x08005f06   0x08005f06   0x00000018   Data   RO         1515    .rodata.UARTPrescTable  stm32h7xx_hal_uart.o
    0x08005f1e   0x08005f1e   0x00000010   Data   RO         1558    .rodata.cst8        stm32h7xx_hal_uart_ex.o
    0x08005f2e   0x08005f2e   0x0000008c   Data   RO          107    .rodata.str1.1      spi_norflash.o
    0x08005fba   0x08005fba   0x0000003e   Data   RO          134    .rodata.str1.1      communications.o
    0x08005ff8   0x08005ff8   0x0000003c   Data   RO           23    .rodata.str1.4      public.o
    0x08006034   0x08006034   0x00000020   Data   RO         1827    Region$$Table       anon$$obj.o


    Execution Region RW_IRAM1 (Exec base: 0x20000000, Load base: 0x08006054, Size: 0x00000000, Max: 0x00020000, ABSOLUTE)

    **** No section assigned to this execution region ****


    Execution Region RW_IRAM2 (Exec base: 0x24000000, Load base: 0x08006058, Size: 0x00000ad8, Max: 0x00080000, ABSOLUTE)

    Exec Addr    Load Addr    Size         Type   Attr      Idx    E Section Name        Object

    0x24000000   0x08006058   0x00000018   Data   RW          106    .data.SPI_Flash     spi_norflash.o
    0x24000018   0x08006070   0x00000004   Data   RW         1571    .data.SystemCoreClock  system_stm32h7xx.o
    0x2400001c   0x08006074   0x00000004   Data   RW         1572    .data.SystemD2Clock  system_stm32h7xx.o
    0x24000020   0x08006078   0x00000001   Data   RW          947    .data.uwTickFreq    stm32h7xx_hal.o
    0x24000021   0x08006079   0x00000003   PAD
    0x24000024   0x0800607c   0x00000004   Data   RW          946    .data.uwTickPrio    stm32h7xx_hal.o
    0x24000028        -       0x00000060   Zero   RW         1704    .bss                c_w.l(libspace.o)
    0x24000088        -       0x00000054   Zero   RW           24    .bss.__stdout       public.o
    0x240000dc        -       0x00000014   Zero   RW          125    .bss.com_usart1     communications.o
    0x240000f0        -       0x0000004c   Zero   RW          203    .bss.hqspi          quadspi.o
    0x2400013c        -       0x00000088   Zero   RW          218    .bss.hspi2          spi.o
    0x240001c4        -       0x00000090   Zero   RW          233    .bss.huart1         usart.o
    0x24000254        -       0x00000004   Zero   RW          128    .bss.load           communications.o
    0x24000258        -       0x00000004   Zero   RW          129    .bss.size           communications.o
    0x2400025c        -       0x00000001   Zero   RW           22    .bss.updata_buff    public.o
    0x2400025d   0x08006080   0x00000003   PAD
    0x24000260        -       0x00000004   Zero   RW          133    .bss.updata_cnt     communications.o
    0x24000264        -       0x00000004   Zero   RW          135    .bss.updata_cnt1    communications.o
    0x24000268        -       0x00000004   Zero   RW          136    .bss.updata_cnt2    communications.o
    0x2400026c        -       0x00000004   Zero   RW          138    .bss.updata_cnt3    communications.o
    0x24000270        -       0x00000100   Zero   RW          137    .bss.updata_databuff  communications.o
    0x24000370        -       0x00000001   Zero   RW          131    .bss.updata_flag    communications.o
    0x24000371        -       0x00000040   Zero   RW          132    .bss.updata_headbuff  communications.o
    0x240003b1        -       0x0000001e   Zero   RW          127    .bss.usart1_info    communications.o
    0x240003cf        -       0x00000001   Zero   RW          130    .bss.usart1_protocol_parse.uartcmdstate  communications.o
    0x240003d0        -       0x00000100   Zero   RW          126    .bss.usart1_rx_buff  communications.o
    0x240004d0        -       0x00000004   Zero   RW          948    .bss.uwTick         stm32h7xx_hal.o
    0x240004d4   0x08006080   0x00000004   PAD
    0x240004d8        -       0x00000200   Zero   RW          165    HEAP                startup_stm32h750xx.o
    0x240006d8        -       0x00000400   Zero   RW          164    STACK               startup_stm32h750xx.o


==============================================================================

Image component sizes


      Code (inc. data)   RO Data    RW Data    ZI Data      Debug   Object Name

       952        108         62          0        652       4033   communications.o
       300          0          0          0          0       3096   gpio.o
       302          0          0          0          0       4506   main.o
       194          0          0          0          0       1693   my_structure.o
       424        112         60          0         85       6582   public.o
       342          0          0          0         76       7978   quadspi.o
       236          0          0          0        136       8098   spi.o
       938         92        140         24          0       4495   spi_norflash.o
        80         30        664          0       1536        896   startup_stm32h750xx.o
       276          0          0          5          4      15040   stm32h7xx_hal.o
       260          0          0          0          0      12708   stm32h7xx_hal_cortex.o
      2156          0          0          0          0      17928   stm32h7xx_hal_dma.o
       426          0          0          0          0       6951   stm32h7xx_hal_gpio.o
        32          0          0          0          0       2224   stm32h7xx_hal_msp.o
        72          0          0          0          0      10631   stm32h7xx_hal_pwr_ex.o
       292          0          0          0          0      17465   stm32h7xx_hal_qspi.o
      2584         16          0          0          0      11368   stm32h7xx_hal_rcc.o
      3594        122          0          0          0      16963   stm32h7xx_hal_rcc_ex.o
      2302          0          0          0          0      21544   stm32h7xx_hal_spi.o
      5000        382         24          0          0      35515   stm32h7xx_hal_uart.o
       292          0         16          0          0      10253   stm32h7xx_hal_uart_ex.o
        40          0          0          0          0       1121   stm32h7xx_it.o
       204          0         16          8          0       5899   system_stm32h7xx.o
       280          0          0          0        144      11075   usart.o

    ----------------------------------------------------------------------
     21948        870       1015         40       2640     238062   Object Totals
         0          0         32          0          0          0   (incl. Generated)
       370          8          1          3          7          0   (incl. Padding)

    ----------------------------------------------------------------------

      Code (inc. data)   RO Data    RW Data    ZI Data      Debug   Library Member Name

         8          0          0          0          0         68   __main.o
       312          4         17          0          0         92   __printf_flags_wp.o
        14          0          0          0          0         68   __printf_wp.o
         0          0          0          0          0          0   __rtentry.o
        12          0          0          0          0          0   __rtentry2.o
         6          0          0          0          0          0   __rtentry4.o
        52          8          0          0          0          0   __scatter.o
        26          0          0          0          0          0   __scatter_copy.o
        28          0          0          0          0          0   __scatter_zi.o
        44          0          0          0          0        108   _printf_char.o
        48          6          0          0          0         96   _printf_char_common.o
        36          4          0          0          0         80   _printf_char_file.o
         6          0          0          0          0          0   _printf_d.o
       120         16          0          0          0         92   _printf_dec.o
        88          4         40          0          0         88   _printf_hex_int.o
       178          0          0          0          0         88   _printf_intcommon.o
         0          0          0          0          0          0   _printf_percent.o
         4          0          0          0          0          0   _printf_percent_end.o
         6          0          0          0          0          0   _printf_s.o
        82          0          0          0          0         80   _printf_str.o
         6          0          0          0          0          0   _printf_x.o
        18          0          0          0          0         80   exit.o
         8          0          0          0          0         68   ferror.o
         6          0          0          0          0        152   heapauxi.o
         2          0          0          0          0          0   libinit.o
         6          0          0          0          0          0   libinit2.o
         2          0          0          0          0          0   libshutdown.o
         2          0          0          0          0          0   libshutdown2.o
         8          4          0          0         96         68   libspace.o
       240          0          0          0          0        100   lludivv7m.o
        24          4          0          0          0         84   noretval__2printf.o
        44          4          0          0          0         84   puts.o
        78          0          0          0          0         80   rt_memclr_w.o
         2          0          0          0          0          0   rtexit.o
        10          0          0          0          0          0   rtexit2.o
        74          0          0          0          0         80   sys_stackheap_outer.o
         2          0          0          0          0         68   use_no_semi.o
         2          0          0          0          0         68   use_no_semi_2.o
        26          0          0          0          0        116   fpinit.o

    ----------------------------------------------------------------------
      1640         58         57          0         96       1908   Library Totals
        10          4          0          0          0          0   (incl. Padding)

    ----------------------------------------------------------------------

      Code (inc. data)   RO Data    RW Data    ZI Data      Debug   Library Name

      1604         54         57          0         96       1792   c_w.l
        26          0          0          0          0        116   fz_wv.l

    ----------------------------------------------------------------------
      1640         58         57          0         96       1908   Library Totals

    ----------------------------------------------------------------------

==============================================================================


      Code (inc. data)   RO Data    RW Data    ZI Data      Debug   

     23588        928       1072         40       2736     238734   Grand Totals
     23588        928       1072         40       2736     238734   ELF Image Totals
     23588        928       1072         40          0          0   ROM Totals

==============================================================================

    Total RO  Size (Code + RO Data)                24660 (  24.08kB)
    Total RW  Size (RW Data + ZI Data)              2776 (   2.71kB)
    Total ROM Size (Code + RO Data + RW Data)      24700 (  24.12kB)

==============================================================================

